

================================================================
== Vivado HLS Report for 'conv_2d_cl_switch_ap_fixed_6_2_5_3_0_ap_fixed_6_2_4_0_0_config59_s'
================================================================
* Date:           Fri Jan 27 15:34:39 2023

* Version:        2019.2 (Build 2704478 on Wed Nov 06 22:10:23 MST 2019)
* Project:        alveo_hls4ml
* Solution:       solution
* Product family: virtexuplus
* Target device:  xcu50-fsvh2104-2L-e


================================================================
== Performance Estimates
================================================================
+ Timing: 
    * Summary: 
    +--------+---------+----------+------------+
    |  Clock |  Target | Estimated| Uncertainty|
    +--------+---------+----------+------------+
    |ap_clk  | 4.00 ns | 2.680 ns |   0.90 ns  |
    +--------+---------+----------+------------+

+ Latency: 
    * Summary: 
    +---------+---------+-----------+----------+------+-------+---------+
    |  Latency (cycles) |  Latency (absolute)  |   Interval   | Pipeline|
    |   min   |   max   |    min    |    max   |  min |  max  |   Type  |
    +---------+---------+-----------+----------+------+-------+---------+
    |     4681|    35065| 18.724 us | 0.140 ms |  4681|  35065|   none  |
    +---------+---------+-----------+----------+------+-------+---------+

    + Detail: 
        * Instance: 
        +-------------------------------------------------------------------------------+-------------------------------------------------------------------+---------+---------+----------+----------+-----+-----+----------+
        |                                                                               |                                                                   |  Latency (cycles) |  Latency (absolute) |  Interval | Pipeline |
        |                                    Instance                                   |                               Module                              |   min   |   max   |    min   |    max   | min | max |   Type   |
        +-------------------------------------------------------------------------------+-------------------------------------------------------------------+---------+---------+----------+----------+-----+-----+----------+
        |grp_dense_large_ap_fixed_6_2_5_3_0_ap_fixed_6_2_4_0_0_config59_mult_s_fu_860   |dense_large_ap_fixed_6_2_5_3_0_ap_fixed_6_2_4_0_0_config59_mult_s  |      294|      294| 1.176 us | 1.176 us |  294|  294|   none   |
        |call_ret_cnnshift_arr_ap_fixed_6_2_5_3_0_ap_fixed_6_2_4_0_0_config59_s_fu_867  |cnnshift_arr_ap_fixed_6_2_5_3_0_ap_fixed_6_2_4_0_0_config59_s      |        0|        0|   0 ns   |   0 ns   |    1|    1| function |
        +-------------------------------------------------------------------------------+-------------------------------------------------------------------+---------+---------+----------+----------+-----+-----+----------+

        * Loop: 
        +----------+---------+---------+----------+-----------+-----------+------+----------+
        |          |  Latency (cycles) | Iteration|  Initiation Interval  | Trip |          |
        | Loop Name|   min   |   max   |  Latency |  achieved |   target  | Count| Pipelined|
        +----------+---------+---------+----------+-----------+-----------+------+----------+
        |- Loop 1  |     4680|    35064| 65 ~ 487 |          -|          -|    72|    no    |
        +----------+---------+---------+----------+-----------+-----------+------+----------+



================================================================
== Utilization Estimates
================================================================
* Summary: 
+---------------------+---------+-------+---------+--------+-----+
|         Name        | BRAM_18K| DSP48E|    FF   |   LUT  | URAM|
+---------------------+---------+-------+---------+--------+-----+
|DSP                  |        -|      -|        -|       -|    -|
|Expression           |        -|      -|        0|     346|    -|
|FIFO                 |        -|      -|        -|       -|    -|
|Instance             |       43|    256|    22112|   35842|    -|
|Memory               |        -|      -|        -|       -|    -|
|Multiplexer          |        -|      -|        -|    1513|    -|
|Register             |        -|      -|     8528|       -|    -|
+---------------------+---------+-------+---------+--------+-----+
|Total                |       43|    256|    30640|   37701|    0|
+---------------------+---------+-------+---------+--------+-----+
|Available SLR        |     1344|   2976|   871680|  435840|  320|
+---------------------+---------+-------+---------+--------+-----+
|Utilization SLR (%)  |        3|      8|        3|       8|    0|
+---------------------+---------+-------+---------+--------+-----+
|Available            |     2688|   5952|  1743360|  871680|  640|
+---------------------+---------+-------+---------+--------+-----+
|Utilization (%)      |        1|      4|        1|       4|    0|
+---------------------+---------+-------+---------+--------+-----+

+ Detail: 
    * Instance: 
    +-------------------------------------------------------------------------------+-------------------------------------------------------------------+---------+-------+-------+-------+-----+
    |                                    Instance                                   |                               Module                              | BRAM_18K| DSP48E|   FF  |  LUT  | URAM|
    +-------------------------------------------------------------------------------+-------------------------------------------------------------------+---------+-------+-------+-------+-----+
    |call_ret_cnnshift_arr_ap_fixed_6_2_5_3_0_ap_fixed_6_2_4_0_0_config59_s_fu_867  |cnnshift_arr_ap_fixed_6_2_5_3_0_ap_fixed_6_2_4_0_0_config59_s      |        0|      0|   8193|   4096|    0|
    |grp_dense_large_ap_fixed_6_2_5_3_0_ap_fixed_6_2_4_0_0_config59_mult_s_fu_860   |dense_large_ap_fixed_6_2_5_3_0_ap_fixed_6_2_4_0_0_config59_mult_s  |       43|    256|  13919|  31746|    0|
    +-------------------------------------------------------------------------------+-------------------------------------------------------------------+---------+-------+-------+-------+-----+
    |Total                                                                          |                                                                   |       43|    256|  22112|  35842|    0|
    +-------------------------------------------------------------------------------+-------------------------------------------------------------------+---------+-------+-------+-------+-----+

    * DSP48E: 
    N/A

    * Memory: 
    N/A

    * FIFO: 
    N/A

    * Expression: 
    +--------------------------+----------+-------+---+----+------------+------------+
    |       Variable Name      | Operation| DSP48E| FF| LUT| Bitwidth P0| Bitwidth P1|
    +--------------------------+----------+-------+---+----+------------+------------+
    |add_ln448_fu_2626_p2      |     +    |      0|  0|  32|          32|           1|
    |add_ln450_fu_2637_p2      |     +    |      0|  0|  32|          32|           1|
    |add_ln453_fu_2580_p2      |     +    |      0|  0|  32|          32|           1|
    |add_ln455_fu_2591_p2      |     +    |      0|  0|  32|          32|           1|
    |i_fu_1136_p2              |     +    |      0|  0|   7|           7|           1|
    |and_ln422_7_fu_1289_p2    |    and   |      0|  0|   2|           1|           1|
    |and_ln422_8_fu_1295_p2    |    and   |      0|  0|   2|           1|           1|
    |and_ln422_fu_1283_p2      |    and   |      0|  0|   2|           1|           1|
    |ap_block_state194         |    and   |      0|  0|   2|           1|           1|
    |ap_block_state2           |    and   |      0|  0|   2|           1|           1|
    |ap_condition_1847         |    and   |      0|  0|   2|           1|           1|
    |ap_condition_1882         |    and   |      0|  0|   2|           1|           1|
    |icmp_ln413_fu_1130_p2     |   icmp   |      0|  0|  11|           7|           7|
    |icmp_ln422_10_fu_1237_p2  |   icmp   |      0|  0|  20|          32|           2|
    |icmp_ln422_11_fu_1257_p2  |   icmp   |      0|  0|  20|          31|           1|
    |icmp_ln422_12_fu_1277_p2  |   icmp   |      0|  0|  20|          31|           1|
    |icmp_ln422_fu_1227_p2     |   icmp   |      0|  0|  20|          32|           2|
    |icmp_ln440_fu_2575_p2     |   icmp   |      0|  0|  20|          32|           3|
    |icmp_ln444_fu_2621_p2     |   icmp   |      0|  0|  20|          32|           4|
    |ap_block_state1           |    or    |      0|  0|   2|           1|           1|
    |select_ln450_fu_2642_p3   |  select  |      0|  0|  32|           1|           2|
    |select_ln455_fu_2596_p3   |  select  |      0|  0|  32|           1|           2|
    +--------------------------+----------+-------+---+----+------------+------------+
    |Total                     |          |      0|  0| 346|         342|          37|
    +--------------------------+----------+-------+---+----+------------+------------+

    * Multiplexer: 
    +---------------------------------------+-----+-----------+-----+-----------+
    |                  Name                 | LUT | Input Size| Bits| Total Bits|
    +---------------------------------------+-----+-----------+-----+-----------+
    |ap_NS_fsm                              |  845|        195|    1|        195|
    |ap_done                                |    9|          2|    1|          2|
    |ap_phi_mux_storemerge_i_phi_fu_853_p4  |   15|          3|   32|         96|
    |data_V_V_blk_n                         |    9|          2|    1|          2|
    |i_0_i_reg_839                          |    9|          2|    7|         14|
    |pX_1                                   |    9|          2|   32|         64|
    |pY_1                                   |    9|          2|   32|         64|
    |real_start                             |    9|          2|    1|          2|
    |res_V_V_blk_n                          |    9|          2|    1|          2|
    |res_V_V_din                            |  581|        129|    6|        774|
    |sX_1                                   |    9|          2|   32|         64|
    +---------------------------------------+-----+-----------+-----+-----------+
    |Total                                  | 1513|        343|  146|       1279|
    +---------------------------------------+-----+-----------+-----+-----------+

    * Register: 
    +-------------------------------------------------------------------------------------------+------+----+------+-----------+
    |                                            Name                                           |  FF  | LUT| Bits | Const Bits|
    +-------------------------------------------------------------------------------------------+------+----+------+-----------+
    |and_ln422_8_reg_3022                                                                       |     1|   0|     1|          0|
    |ap_CS_fsm                                                                                  |   194|   0|   194|          0|
    |ap_done_reg                                                                                |     1|   0|     1|          0|
    |call_ret_reg_2985                                                                          |  3456|   0|  3456|          0|
    |grp_dense_large_ap_fixed_6_2_5_3_0_ap_fixed_6_2_4_0_0_config59_mult_s_fu_860_ap_start_reg  |     1|   0|     1|          0|
    |i_0_i_reg_839                                                                              |     7|   0|     7|          0|
    |i_reg_2665                                                                                 |     7|   0|     7|          0|
    |icmp_ln422_10_reg_3005                                                                     |     1|   0|     1|          0|
    |icmp_ln422_reg_2995                                                                        |     1|   0|     1|          0|
    |layer_in_V_15                                                                              |  3456|   0|  3456|          0|
    |pX_1                                                                                       |    32|   0|    32|          0|
    |pX_1_load_reg_3016                                                                         |    32|   0|    32|          0|
    |pY_1                                                                                       |    32|   0|    32|          0|
    |pY_1_load_reg_3010                                                                         |    32|   0|    32|          0|
    |sX_1                                                                                       |    32|   0|    32|          0|
    |sX_1_load_reg_2990                                                                         |    32|   0|    32|          0|
    |sY_1                                                                                       |    32|   0|    32|          0|
    |sY_1_load_reg_3000                                                                         |    32|   0|    32|          0|
    |start_once_reg                                                                             |     1|   0|     1|          0|
    |tmp_V_2057_reg_2675                                                                        |     6|   0|     6|          0|
    |tmp_V_2058_reg_2680                                                                        |     6|   0|     6|          0|
    |tmp_V_2059_reg_2685                                                                        |     6|   0|     6|          0|
    |tmp_V_2060_reg_2690                                                                        |     6|   0|     6|          0|
    |tmp_V_2061_reg_2695                                                                        |     6|   0|     6|          0|
    |tmp_V_2062_reg_2700                                                                        |     6|   0|     6|          0|
    |tmp_V_2063_reg_2705                                                                        |     6|   0|     6|          0|
    |tmp_V_2064_reg_2710                                                                        |     6|   0|     6|          0|
    |tmp_V_2065_reg_2715                                                                        |     6|   0|     6|          0|
    |tmp_V_2066_reg_2720                                                                        |     6|   0|     6|          0|
    |tmp_V_2067_reg_2725                                                                        |     6|   0|     6|          0|
    |tmp_V_2068_reg_2730                                                                        |     6|   0|     6|          0|
    |tmp_V_2069_reg_2735                                                                        |     6|   0|     6|          0|
    |tmp_V_2070_reg_2740                                                                        |     6|   0|     6|          0|
    |tmp_V_2071_reg_2745                                                                        |     6|   0|     6|          0|
    |tmp_V_2072_reg_2750                                                                        |     6|   0|     6|          0|
    |tmp_V_2073_reg_2755                                                                        |     6|   0|     6|          0|
    |tmp_V_2074_reg_2760                                                                        |     6|   0|     6|          0|
    |tmp_V_2075_reg_2765                                                                        |     6|   0|     6|          0|
    |tmp_V_2076_reg_2770                                                                        |     6|   0|     6|          0|
    |tmp_V_2077_reg_2775                                                                        |     6|   0|     6|          0|
    |tmp_V_2078_reg_2780                                                                        |     6|   0|     6|          0|
    |tmp_V_2079_reg_2785                                                                        |     6|   0|     6|          0|
    |tmp_V_2080_reg_2790                                                                        |     6|   0|     6|          0|
    |tmp_V_2081_reg_2795                                                                        |     6|   0|     6|          0|
    |tmp_V_2082_reg_2800                                                                        |     6|   0|     6|          0|
    |tmp_V_2083_reg_2805                                                                        |     6|   0|     6|          0|
    |tmp_V_2084_reg_2810                                                                        |     6|   0|     6|          0|
    |tmp_V_2085_reg_2815                                                                        |     6|   0|     6|          0|
    |tmp_V_2086_reg_2820                                                                        |     6|   0|     6|          0|
    |tmp_V_2087_reg_2825                                                                        |     6|   0|     6|          0|
    |tmp_V_2088_reg_2830                                                                        |     6|   0|     6|          0|
    |tmp_V_2089_reg_2835                                                                        |     6|   0|     6|          0|
    |tmp_V_2090_reg_2840                                                                        |     6|   0|     6|          0|
    |tmp_V_2091_reg_2845                                                                        |     6|   0|     6|          0|
    |tmp_V_2092_reg_2850                                                                        |     6|   0|     6|          0|
    |tmp_V_2093_reg_2855                                                                        |     6|   0|     6|          0|
    |tmp_V_2094_reg_2860                                                                        |     6|   0|     6|          0|
    |tmp_V_2095_reg_2865                                                                        |     6|   0|     6|          0|
    |tmp_V_2096_reg_2870                                                                        |     6|   0|     6|          0|
    |tmp_V_2097_reg_2875                                                                        |     6|   0|     6|          0|
    |tmp_V_2098_reg_2880                                                                        |     6|   0|     6|          0|
    |tmp_V_2099_reg_2885                                                                        |     6|   0|     6|          0|
    |tmp_V_2100_reg_2890                                                                        |     6|   0|     6|          0|
    |tmp_V_2101_reg_2895                                                                        |     6|   0|     6|          0|
    |tmp_V_2102_reg_2900                                                                        |     6|   0|     6|          0|
    |tmp_V_2103_reg_2905                                                                        |     6|   0|     6|          0|
    |tmp_V_2104_reg_2910                                                                        |     6|   0|     6|          0|
    |tmp_V_2105_reg_2915                                                                        |     6|   0|     6|          0|
    |tmp_V_2106_reg_2920                                                                        |     6|   0|     6|          0|
    |tmp_V_2107_reg_2925                                                                        |     6|   0|     6|          0|
    |tmp_V_2108_reg_2930                                                                        |     6|   0|     6|          0|
    |tmp_V_2109_reg_2935                                                                        |     6|   0|     6|          0|
    |tmp_V_2110_reg_2940                                                                        |     6|   0|     6|          0|
    |tmp_V_2111_reg_2945                                                                        |     6|   0|     6|          0|
    |tmp_V_2112_reg_2950                                                                        |     6|   0|     6|          0|
    |tmp_V_2113_reg_2955                                                                        |     6|   0|     6|          0|
    |tmp_V_2114_reg_2960                                                                        |     6|   0|     6|          0|
    |tmp_V_2115_reg_2965                                                                        |     6|   0|     6|          0|
    |tmp_V_2116_reg_2970                                                                        |     6|   0|     6|          0|
    |tmp_V_2117_reg_2975                                                                        |     6|   0|     6|          0|
    |tmp_V_2118_reg_2980                                                                        |     6|   0|     6|          0|
    |tmp_V_2120_reg_3026                                                                        |     6|   0|     6|          0|
    |tmp_V_2121_reg_3031                                                                        |     6|   0|     6|          0|
    |tmp_V_2122_reg_3036                                                                        |     6|   0|     6|          0|
    |tmp_V_2123_reg_3041                                                                        |     6|   0|     6|          0|
    |tmp_V_2124_reg_3046                                                                        |     6|   0|     6|          0|
    |tmp_V_2125_reg_3051                                                                        |     6|   0|     6|          0|
    |tmp_V_2126_reg_3056                                                                        |     6|   0|     6|          0|
    |tmp_V_2127_reg_3061                                                                        |     6|   0|     6|          0|
    |tmp_V_2128_reg_3066                                                                        |     6|   0|     6|          0|
    |tmp_V_2129_reg_3071                                                                        |     6|   0|     6|          0|
    |tmp_V_2130_reg_3076                                                                        |     6|   0|     6|          0|
    |tmp_V_2131_reg_3081                                                                        |     6|   0|     6|          0|
    |tmp_V_2132_reg_3086                                                                        |     6|   0|     6|          0|
    |tmp_V_2133_reg_3091                                                                        |     6|   0|     6|          0|
    |tmp_V_2134_reg_3096                                                                        |     6|   0|     6|          0|
    |tmp_V_2135_reg_3101                                                                        |     6|   0|     6|          0|
    |tmp_V_2136_reg_3106                                                                        |     6|   0|     6|          0|
    |tmp_V_2137_reg_3111                                                                        |     6|   0|     6|          0|
    |tmp_V_2138_reg_3116                                                                        |     6|   0|     6|          0|
    |tmp_V_2139_reg_3121                                                                        |     6|   0|     6|          0|
    |tmp_V_2140_reg_3126                                                                        |     6|   0|     6|          0|
    |tmp_V_2141_reg_3131                                                                        |     6|   0|     6|          0|
    |tmp_V_2142_reg_3136                                                                        |     6|   0|     6|          0|
    |tmp_V_2143_reg_3141                                                                        |     6|   0|     6|          0|
    |tmp_V_2144_reg_3146                                                                        |     6|   0|     6|          0|
    |tmp_V_2145_reg_3151                                                                        |     6|   0|     6|          0|
    |tmp_V_2146_reg_3156                                                                        |     6|   0|     6|          0|
    |tmp_V_2147_reg_3161                                                                        |     6|   0|     6|          0|
    |tmp_V_2148_reg_3166                                                                        |     6|   0|     6|          0|
    |tmp_V_2149_reg_3171                                                                        |     6|   0|     6|          0|
    |tmp_V_2150_reg_3176                                                                        |     6|   0|     6|          0|
    |tmp_V_2151_reg_3181                                                                        |     6|   0|     6|          0|
    |tmp_V_2152_reg_3186                                                                        |     6|   0|     6|          0|
    |tmp_V_2153_reg_3191                                                                        |     6|   0|     6|          0|
    |tmp_V_2154_reg_3196                                                                        |     6|   0|     6|          0|
    |tmp_V_2155_reg_3201                                                                        |     6|   0|     6|          0|
    |tmp_V_2156_reg_3206                                                                        |     6|   0|     6|          0|
    |tmp_V_2157_reg_3211                                                                        |     6|   0|     6|          0|
    |tmp_V_2158_reg_3216                                                                        |     6|   0|     6|          0|
    |tmp_V_2159_reg_3221                                                                        |     6|   0|     6|          0|
    |tmp_V_2160_reg_3226                                                                        |     6|   0|     6|          0|
    |tmp_V_2161_reg_3231                                                                        |     6|   0|     6|          0|
    |tmp_V_2162_reg_3236                                                                        |     6|   0|     6|          0|
    |tmp_V_2163_reg_3241                                                                        |     6|   0|     6|          0|
    |tmp_V_2164_reg_3246                                                                        |     6|   0|     6|          0|
    |tmp_V_2165_reg_3251                                                                        |     6|   0|     6|          0|
    |tmp_V_2166_reg_3256                                                                        |     6|   0|     6|          0|
    |tmp_V_2167_reg_3261                                                                        |     6|   0|     6|          0|
    |tmp_V_2168_reg_3266                                                                        |     6|   0|     6|          0|
    |tmp_V_2169_reg_3271                                                                        |     6|   0|     6|          0|
    |tmp_V_2170_reg_3276                                                                        |     6|   0|     6|          0|
    |tmp_V_2171_reg_3281                                                                        |     6|   0|     6|          0|
    |tmp_V_2172_reg_3286                                                                        |     6|   0|     6|          0|
    |tmp_V_2173_reg_3291                                                                        |     6|   0|     6|          0|
    |tmp_V_2174_reg_3296                                                                        |     6|   0|     6|          0|
    |tmp_V_2175_reg_3301                                                                        |     6|   0|     6|          0|
    |tmp_V_2176_reg_3306                                                                        |     6|   0|     6|          0|
    |tmp_V_2177_reg_3311                                                                        |     6|   0|     6|          0|
    |tmp_V_2178_reg_3316                                                                        |     6|   0|     6|          0|
    |tmp_V_2179_reg_3321                                                                        |     6|   0|     6|          0|
    |tmp_V_2180_reg_3326                                                                        |     6|   0|     6|          0|
    |tmp_V_2181_reg_3331                                                                        |     6|   0|     6|          0|
    |tmp_V_2182_reg_3336                                                                        |     6|   0|     6|          0|
    |tmp_V_2183_reg_3341                                                                        |     6|   0|     6|          0|
    |tmp_V_2184_reg_3346                                                                        |     6|   0|     6|          0|
    |tmp_V_2185_reg_3351                                                                        |     6|   0|     6|          0|
    |tmp_V_2186_reg_3356                                                                        |     6|   0|     6|          0|
    |tmp_V_2187_reg_3361                                                                        |     6|   0|     6|          0|
    |tmp_V_2188_reg_3366                                                                        |     6|   0|     6|          0|
    |tmp_V_2189_reg_3371                                                                        |     6|   0|     6|          0|
    |tmp_V_2190_reg_3376                                                                        |     6|   0|     6|          0|
    |tmp_V_2191_reg_3381                                                                        |     6|   0|     6|          0|
    |tmp_V_2192_reg_3386                                                                        |     6|   0|     6|          0|
    |tmp_V_2193_reg_3391                                                                        |     6|   0|     6|          0|
    |tmp_V_2194_reg_3396                                                                        |     6|   0|     6|          0|
    |tmp_V_2195_reg_3401                                                                        |     6|   0|     6|          0|
    |tmp_V_2196_reg_3406                                                                        |     6|   0|     6|          0|
    |tmp_V_2197_reg_3411                                                                        |     6|   0|     6|          0|
    |tmp_V_2198_reg_3416                                                                        |     6|   0|     6|          0|
    |tmp_V_2199_reg_3421                                                                        |     6|   0|     6|          0|
    |tmp_V_2200_reg_3426                                                                        |     6|   0|     6|          0|
    |tmp_V_2201_reg_3431                                                                        |     6|   0|     6|          0|
    |tmp_V_2202_reg_3436                                                                        |     6|   0|     6|          0|
    |tmp_V_2203_reg_3441                                                                        |     6|   0|     6|          0|
    |tmp_V_2204_reg_3446                                                                        |     6|   0|     6|          0|
    |tmp_V_2205_reg_3451                                                                        |     6|   0|     6|          0|
    |tmp_V_2206_reg_3456                                                                        |     6|   0|     6|          0|
    |tmp_V_2207_reg_3461                                                                        |     6|   0|     6|          0|
    |tmp_V_2208_reg_3466                                                                        |     6|   0|     6|          0|
    |tmp_V_2209_reg_3471                                                                        |     6|   0|     6|          0|
    |tmp_V_2210_reg_3476                                                                        |     6|   0|     6|          0|
    |tmp_V_2211_reg_3481                                                                        |     6|   0|     6|          0|
    |tmp_V_2212_reg_3486                                                                        |     6|   0|     6|          0|
    |tmp_V_2213_reg_3491                                                                        |     6|   0|     6|          0|
    |tmp_V_2214_reg_3496                                                                        |     6|   0|     6|          0|
    |tmp_V_2215_reg_3501                                                                        |     6|   0|     6|          0|
    |tmp_V_2216_reg_3506                                                                        |     6|   0|     6|          0|
    |tmp_V_2217_reg_3511                                                                        |     6|   0|     6|          0|
    |tmp_V_2218_reg_3516                                                                        |     6|   0|     6|          0|
    |tmp_V_2219_reg_3521                                                                        |     6|   0|     6|          0|
    |tmp_V_2220_reg_3526                                                                        |     6|   0|     6|          0|
    |tmp_V_2221_reg_3531                                                                        |     6|   0|     6|          0|
    |tmp_V_2222_reg_3536                                                                        |     6|   0|     6|          0|
    |tmp_V_2223_reg_3541                                                                        |     6|   0|     6|          0|
    |tmp_V_2224_reg_3546                                                                        |     6|   0|     6|          0|
    |tmp_V_2225_reg_3551                                                                        |     6|   0|     6|          0|
    |tmp_V_2226_reg_3556                                                                        |     6|   0|     6|          0|
    |tmp_V_2227_reg_3561                                                                        |     6|   0|     6|          0|
    |tmp_V_2228_reg_3566                                                                        |     6|   0|     6|          0|
    |tmp_V_2229_reg_3571                                                                        |     6|   0|     6|          0|
    |tmp_V_2230_reg_3576                                                                        |     6|   0|     6|          0|
    |tmp_V_2231_reg_3581                                                                        |     6|   0|     6|          0|
    |tmp_V_2232_reg_3586                                                                        |     6|   0|     6|          0|
    |tmp_V_2233_reg_3591                                                                        |     6|   0|     6|          0|
    |tmp_V_2234_reg_3596                                                                        |     6|   0|     6|          0|
    |tmp_V_2235_reg_3601                                                                        |     6|   0|     6|          0|
    |tmp_V_2236_reg_3606                                                                        |     6|   0|     6|          0|
    |tmp_V_2237_reg_3611                                                                        |     6|   0|     6|          0|
    |tmp_V_2238_reg_3616                                                                        |     6|   0|     6|          0|
    |tmp_V_2239_reg_3621                                                                        |     6|   0|     6|          0|
    |tmp_V_2240_reg_3626                                                                        |     6|   0|     6|          0|
    |tmp_V_2241_reg_3631                                                                        |     6|   0|     6|          0|
    |tmp_V_2242_reg_3636                                                                        |     6|   0|     6|          0|
    |tmp_V_2243_reg_3641                                                                        |     6|   0|     6|          0|
    |tmp_V_2244_reg_3646                                                                        |     6|   0|     6|          0|
    |tmp_V_2245_reg_3651                                                                        |     6|   0|     6|          0|
    |tmp_V_2246_reg_3656                                                                        |     6|   0|     6|          0|
    |tmp_V_2247_reg_3661                                                                        |     6|   0|     6|          0|
    |tmp_V_reg_2670                                                                             |     6|   0|     6|          0|
    +-------------------------------------------------------------------------------------------+------+----+------+-----------+
    |Total                                                                                      |  8528|   0|  8528|          0|
    +-------------------------------------------------------------------------------------------+------+----+------+-----------+



================================================================
== Interface
================================================================
* Summary: 
+------------------+-----+-----+------------+-------------------------------------------------------------------------------+--------------+
|     RTL Ports    | Dir | Bits|  Protocol  |                                 Source Object                                 |    C Type    |
+------------------+-----+-----+------------+-------------------------------------------------------------------------------+--------------+
|ap_clk            |  in |    1| ap_ctrl_hs | conv_2d_cl_switch<ap_fixed<6, 2, 5, 3, 0>, ap_fixed<6, 2, 4, 0, 0>, config59> | return value |
|ap_rst            |  in |    1| ap_ctrl_hs | conv_2d_cl_switch<ap_fixed<6, 2, 5, 3, 0>, ap_fixed<6, 2, 4, 0, 0>, config59> | return value |
|ap_start          |  in |    1| ap_ctrl_hs | conv_2d_cl_switch<ap_fixed<6, 2, 5, 3, 0>, ap_fixed<6, 2, 4, 0, 0>, config59> | return value |
|start_full_n      |  in |    1| ap_ctrl_hs | conv_2d_cl_switch<ap_fixed<6, 2, 5, 3, 0>, ap_fixed<6, 2, 4, 0, 0>, config59> | return value |
|ap_done           | out |    1| ap_ctrl_hs | conv_2d_cl_switch<ap_fixed<6, 2, 5, 3, 0>, ap_fixed<6, 2, 4, 0, 0>, config59> | return value |
|ap_continue       |  in |    1| ap_ctrl_hs | conv_2d_cl_switch<ap_fixed<6, 2, 5, 3, 0>, ap_fixed<6, 2, 4, 0, 0>, config59> | return value |
|ap_idle           | out |    1| ap_ctrl_hs | conv_2d_cl_switch<ap_fixed<6, 2, 5, 3, 0>, ap_fixed<6, 2, 4, 0, 0>, config59> | return value |
|ap_ready          | out |    1| ap_ctrl_hs | conv_2d_cl_switch<ap_fixed<6, 2, 5, 3, 0>, ap_fixed<6, 2, 4, 0, 0>, config59> | return value |
|start_out         | out |    1| ap_ctrl_hs | conv_2d_cl_switch<ap_fixed<6, 2, 5, 3, 0>, ap_fixed<6, 2, 4, 0, 0>, config59> | return value |
|start_write       | out |    1| ap_ctrl_hs | conv_2d_cl_switch<ap_fixed<6, 2, 5, 3, 0>, ap_fixed<6, 2, 4, 0, 0>, config59> | return value |
|data_V_V_dout     |  in |    6|   ap_fifo  |                                    data_V_V                                   |    pointer   |
|data_V_V_empty_n  |  in |    1|   ap_fifo  |                                    data_V_V                                   |    pointer   |
|data_V_V_read     | out |    1|   ap_fifo  |                                    data_V_V                                   |    pointer   |
|res_V_V_din       | out |    6|   ap_fifo  |                                    res_V_V                                    |    pointer   |
|res_V_V_full_n    |  in |    1|   ap_fifo  |                                    res_V_V                                    |    pointer   |
|res_V_V_write     | out |    1|   ap_fifo  |                                    res_V_V                                    |    pointer   |
+------------------+-----+-----+------------+-------------------------------------------------------------------------------+--------------+

