

================================================================
== Vivado HLS Report for 'conv_2d_large_cl_nopad_pad_s2s_ap_fixed_ap_fixed_8_2_4_0_0_config70_s'
================================================================
* Date:           Fri Feb  3 02:40:22 2023

* Version:        2019.2 (Build 2704478 on Wed Nov 06 22:10:23 MST 2019)
* Project:        alveo_hls4ml
* Solution:       solution
* Product family: virtexuplus
* Target device:  xcu50-fsvh2104-2L-e


================================================================
== Performance Estimates
================================================================
+ Timing: 
    * Summary: 
    +--------+---------+----------+------------+
    |  Clock |  Target | Estimated| Uncertainty|
    +--------+---------+----------+------------+
    |ap_clk  | 4.00 ns | 2.635 ns |   0.90 ns  |
    +--------+---------+----------+------------+

+ Latency: 
    * Summary: 
    +---------+---------+-----------+----------+------+-------+---------+
    |  Latency (cycles) |  Latency (absolute)  |   Interval   | Pipeline|
    |   min   |   max   |    min    |    max   |  min |  max  |   Type  |
    +---------+---------+-----------+----------+------+-------+---------+
    |     3451|    38851| 13.804 us | 0.155 ms |  3451|  38851|   none  |
    +---------+---------+-----------+----------+------+-------+---------+

    + Detail: 
        * Instance: 
        +-------------------------------------------------------------------------------+-------------------------------------------------------------------+---------+---------+-----------+-----------+------+------+----------+
        |                                                                               |                                                                   |  Latency (cycles) |   Latency (absolute)  |   Interval  | Pipeline |
        |                                    Instance                                   |                               Module                              |   min   |   max   |    min    |    max    |  min |  max |   Type   |
        +-------------------------------------------------------------------------------+-------------------------------------------------------------------+---------+---------+-----------+-----------+------+------+----------+
        |grp_dense_large_ap_fixed_8_2_5_3_0_ap_fixed_8_2_4_0_0_config70_mult_s_fu_1634  |dense_large_ap_fixed_8_2_5_3_0_ap_fixed_8_2_4_0_0_config70_mult_s  |     1159|     1159|  4.636 us |  4.636 us |  1159|  1159|   none   |
        |grp_cnnshift_arr_ap_fixed_8_2_5_3_0_ap_fixed_8_2_4_0_0_config70_s_fu_1642      |cnnshift_arr_ap_fixed_8_2_5_3_0_ap_fixed_8_2_4_0_0_config70_s      |        8|        8| 32.000 ns | 32.000 ns |     9|     9| function |
        +-------------------------------------------------------------------------------+-------------------------------------------------------------------+---------+---------+-----------+-----------+------+------+----------+

        * Loop: 
        +----------+---------+---------+------------+-----------+-----------+------+----------+
        |          |  Latency (cycles) |  Iteration |  Initiation Interval  | Trip |          |
        | Loop Name|   min   |   max   |   Latency  |  achieved |   target  | Count| Pipelined|
        +----------+---------+---------+------------+-----------+-----------+------+----------+
        |- Loop 1  |     3450|    38850| 138 ~ 1554 |          -|          -|    25|    no    |
        +----------+---------+---------+------------+-----------+-----------+------+----------+



================================================================
== Utilization Estimates
================================================================
* Summary: 
+---------------------+---------+-------+---------+--------+-----+
|         Name        | BRAM_18K| DSP48E|    FF   |   LUT  | URAM|
+---------------------+---------+-------+---------+--------+-----+
|DSP                  |        -|      -|        -|       -|    -|
|Expression           |        -|      -|        0|     345|    -|
|FIFO                 |        -|      -|        -|       -|    -|
|Instance             |      171|    256|    47261|   61896|    -|
|Memory               |        0|      -|        0|       0|   15|
|Multiplexer          |        -|      -|        -|    3050|    -|
|Register             |        -|      -|     3741|       -|    -|
+---------------------+---------+-------+---------+--------+-----+
|Total                |      171|    256|    51002|   65291|   15|
+---------------------+---------+-------+---------+--------+-----+
|Available SLR        |     1344|   2976|   871680|  435840|  320|
+---------------------+---------+-------+---------+--------+-----+
|Utilization SLR (%)  |       12|      8|        5|      14|    4|
+---------------------+---------+-------+---------+--------+-----+
|Available            |     2688|   5952|  1743360|  871680|  640|
+---------------------+---------+-------+---------+--------+-----+
|Utilization (%)      |        6|      4|        2|       7|    2|
+---------------------+---------+-------+---------+--------+-----+

+ Detail: 
    * Instance: 
    +-------------------------------------------------------------------------------+-------------------------------------------------------------------+---------+-------+-------+-------+-----+
    |                                    Instance                                   |                               Module                              | BRAM_18K| DSP48E|   FF  |  LUT  | URAM|
    +-------------------------------------------------------------------------------+-------------------------------------------------------------------+---------+-------+-------+-------+-----+
    |grp_cnnshift_arr_ap_fixed_8_2_5_3_0_ap_fixed_8_2_4_0_0_config70_s_fu_1642      |cnnshift_arr_ap_fixed_8_2_5_3_0_ap_fixed_8_2_4_0_0_config70_s      |        0|      0|  25609|   8393|    0|
    |grp_dense_large_ap_fixed_8_2_5_3_0_ap_fixed_8_2_4_0_0_config70_mult_s_fu_1634  |dense_large_ap_fixed_8_2_5_3_0_ap_fixed_8_2_4_0_0_config70_mult_s  |      171|    256|  21652|  53503|    0|
    +-------------------------------------------------------------------------------+-------------------------------------------------------------------+---------+-------+-------+-------+-----+
    |Total                                                                          |                                                                   |      171|    256|  47261|  61896|    0|
    +-------------------------------------------------------------------------------+-------------------------------------------------------------------+---------+-------+-------+-------+-----+

    * DSP48E: 
    N/A

    * Memory: 
    +-----------------+----------------------------------------------------------------------------------+---------+---+----+-----+------+------+------+-------------+
    |      Memory     |                                      Module                                      | BRAM_18K| FF| LUT| URAM| Words| Bits | Banks| W*Bits*Banks|
    +-----------------+----------------------------------------------------------------------------------+---------+---+----+-----+------+------+------+-------------+
    |layer_in_V_13_U  |conv_2d_large_cl_nopad_pad_s2s_ap_fixed_ap_fixed_8_2_4_0_0_config66_s_layer_illb  |        0|  0|   0|   15|     9|  1024|     1|         9216|
    +-----------------+----------------------------------------------------------------------------------+---------+---+----+-----+------+------+------+-------------+
    |Total            |                                                                                  |        0|  0|   0|   15|     9|  1024|     1|         9216|
    +-----------------+----------------------------------------------------------------------------------+---------+---+----+-----+------+------+------+-------------+

    * FIFO: 
    N/A

    * Expression: 
    +-------------------------+----------+-------+---+----+------------+------------+
    |      Variable Name      | Operation| DSP48E| FF| LUT| Bitwidth P0| Bitwidth P1|
    +-------------------------+----------+-------+---+----+------------+------------+
    |add_ln446_fu_4989_p2     |     +    |      0|  0|  32|          32|           1|
    |add_ln448_fu_5000_p2     |     +    |      0|  0|  32|          32|           1|
    |add_ln451_fu_4943_p2     |     +    |      0|  0|  32|          32|           1|
    |add_ln453_fu_4954_p2     |     +    |      0|  0|  32|          32|           1|
    |i_fu_2167_p2             |     +    |      0|  0|   6|           5|           1|
    |and_ln420_3_fu_2372_p2   |    and   |      0|  0|   2|           1|           1|
    |and_ln420_4_fu_2378_p2   |    and   |      0|  0|   2|           1|           1|
    |and_ln420_fu_2366_p2     |    and   |      0|  0|   2|           1|           1|
    |ap_block_state2          |    and   |      0|  0|   2|           1|           1|
    |ap_block_state396        |    and   |      0|  0|   2|           1|           1|
    |ap_condition_3620        |    and   |      0|  0|   2|           1|           1|
    |ap_condition_3704        |    and   |      0|  0|   2|           1|           1|
    |icmp_ln411_fu_2161_p2    |   icmp   |      0|  0|  11|           5|           4|
    |icmp_ln420_4_fu_2320_p2  |   icmp   |      0|  0|  20|          32|           2|
    |icmp_ln420_5_fu_2340_p2  |   icmp   |      0|  0|  20|          31|           1|
    |icmp_ln420_6_fu_2360_p2  |   icmp   |      0|  0|  20|          31|           1|
    |icmp_ln420_fu_2310_p2    |   icmp   |      0|  0|  20|          32|           2|
    |icmp_ln438_fu_4938_p2    |   icmp   |      0|  0|  20|          32|           3|
    |icmp_ln442_fu_4984_p2    |   icmp   |      0|  0|  20|          32|           3|
    |ap_block_state1          |    or    |      0|  0|   2|           1|           1|
    |select_ln448_fu_5005_p3  |  select  |      0|  0|  32|           1|           2|
    |select_ln453_fu_4959_p3  |  select  |      0|  0|  32|           1|           2|
    +-------------------------+----------+-------+---+----+------------+------------+
    |Total                    |          |      0|  0| 345|         338|          33|
    +-------------------------+----------+-------+---+----+------------+------------+

    * Multiplexer: 
    +--------------------------------------+------+-----------+-----+-----------+
    |                 Name                 |  LUT | Input Size| Bits| Total Bits|
    +--------------------------------------+------+-----------+-----+-----------+
    |ap_NS_fsm                             |  1733|        397|    1|        397|
    |ap_done                               |     9|          2|    1|          2|
    |ap_phi_mux_storemerge_phi_fu_1627_p4  |    15|          3|   32|         96|
    |data_V_V_blk_n                        |     9|          2|    1|          2|
    |i_0_reg_1613                          |     9|          2|    5|         10|
    |layer_in_V_13_address0                |    15|          3|    4|         12|
    |layer_in_V_13_ce0                     |    15|          3|    1|          3|
    |layer_in_V_13_ce1                     |     9|          2|    1|          2|
    |layer_in_V_13_we0                     |     9|          2|    1|          2|
    |layer_in_V_13_we1                     |     9|          2|    1|          2|
    |pX_7                                  |     9|          2|   32|         64|
    |pY_7                                  |     9|          2|   32|         64|
    |real_start                            |     9|          2|    1|          2|
    |res_V_V_blk_n                         |     9|          2|    1|          2|
    |res_V_V_din                           |  1173|        257|    8|       2056|
    |sX_7                                  |     9|          2|   32|         64|
    +--------------------------------------+------+-----------+-----+-----------+
    |Total                                 |  3050|        685|  154|       2780|
    +--------------------------------------+------+-----------+-----+-----------+

    * Register: 
    +--------------------------------------------------------------------------------------------+-----+----+-----+-----------+
    |                                            Name                                            |  FF | LUT| Bits| Const Bits|
    +--------------------------------------------------------------------------------------------+-----+----+-----+-----------+
    |and_ln420_4_reg_5710                                                                        |    1|   0|    1|          0|
    |ap_CS_fsm                                                                                   |  396|   0|  396|          0|
    |ap_done_reg                                                                                 |    1|   0|    1|          0|
    |grp_cnnshift_arr_ap_fixed_8_2_5_3_0_ap_fixed_8_2_4_0_0_config70_s_fu_1642_ap_start_reg      |    1|   0|    1|          0|
    |grp_dense_large_ap_fixed_8_2_5_3_0_ap_fixed_8_2_4_0_0_config70_mult_s_fu_1634_ap_start_reg  |    1|   0|    1|          0|
    |i_0_reg_1613                                                                                |    5|   0|    5|          0|
    |i_reg_5028                                                                                  |    5|   0|    5|          0|
    |icmp_ln420_4_reg_5693                                                                       |    1|   0|    1|          0|
    |icmp_ln420_reg_5683                                                                         |    1|   0|    1|          0|
    |pX_7                                                                                        |   32|   0|   32|          0|
    |pX_7_load_reg_5704                                                                          |   32|   0|   32|          0|
    |pY_7                                                                                        |   32|   0|   32|          0|
    |pY_7_load_reg_5698                                                                          |   32|   0|   32|          0|
    |sX_7                                                                                        |   32|   0|   32|          0|
    |sX_7_load_reg_5678                                                                          |   32|   0|   32|          0|
    |sY_7                                                                                        |   32|   0|   32|          0|
    |sY_7_load_reg_5688                                                                          |   32|   0|   32|          0|
    |start_once_reg                                                                              |    1|   0|    1|          0|
    |tmp_V_1000_reg_5623                                                                         |    8|   0|    8|          0|
    |tmp_V_1001_reg_5628                                                                         |    8|   0|    8|          0|
    |tmp_V_1002_reg_5633                                                                         |    8|   0|    8|          0|
    |tmp_V_1003_reg_5638                                                                         |    8|   0|    8|          0|
    |tmp_V_1004_reg_5643                                                                         |    8|   0|    8|          0|
    |tmp_V_1005_reg_5648                                                                         |    8|   0|    8|          0|
    |tmp_V_1006_reg_5653                                                                         |    8|   0|    8|          0|
    |tmp_V_1007_reg_5658                                                                         |    8|   0|    8|          0|
    |tmp_V_1008_reg_5663                                                                         |    8|   0|    8|          0|
    |tmp_V_1009_reg_5668                                                                         |    8|   0|    8|          0|
    |tmp_V_1010_reg_5714                                                                         |    8|   0|    8|          0|
    |tmp_V_1011_reg_5719                                                                         |    8|   0|    8|          0|
    |tmp_V_1012_reg_5724                                                                         |    8|   0|    8|          0|
    |tmp_V_1013_reg_5729                                                                         |    8|   0|    8|          0|
    |tmp_V_1014_reg_5734                                                                         |    8|   0|    8|          0|
    |tmp_V_1015_reg_5739                                                                         |    8|   0|    8|          0|
    |tmp_V_1016_reg_5744                                                                         |    8|   0|    8|          0|
    |tmp_V_1017_reg_5749                                                                         |    8|   0|    8|          0|
    |tmp_V_1018_reg_5754                                                                         |    8|   0|    8|          0|
    |tmp_V_1019_reg_5759                                                                         |    8|   0|    8|          0|
    |tmp_V_1020_reg_5764                                                                         |    8|   0|    8|          0|
    |tmp_V_1021_reg_5769                                                                         |    8|   0|    8|          0|
    |tmp_V_1022_reg_5774                                                                         |    8|   0|    8|          0|
    |tmp_V_1023_reg_5779                                                                         |    8|   0|    8|          0|
    |tmp_V_1024_reg_5784                                                                         |    8|   0|    8|          0|
    |tmp_V_1025_reg_5789                                                                         |    8|   0|    8|          0|
    |tmp_V_1026_reg_5794                                                                         |    8|   0|    8|          0|
    |tmp_V_1027_reg_5799                                                                         |    8|   0|    8|          0|
    |tmp_V_1028_reg_5804                                                                         |    8|   0|    8|          0|
    |tmp_V_1029_reg_5809                                                                         |    8|   0|    8|          0|
    |tmp_V_1030_reg_5814                                                                         |    8|   0|    8|          0|
    |tmp_V_1031_reg_5819                                                                         |    8|   0|    8|          0|
    |tmp_V_1032_reg_5824                                                                         |    8|   0|    8|          0|
    |tmp_V_1033_reg_5829                                                                         |    8|   0|    8|          0|
    |tmp_V_1034_reg_5834                                                                         |    8|   0|    8|          0|
    |tmp_V_1035_reg_5839                                                                         |    8|   0|    8|          0|
    |tmp_V_1036_reg_5844                                                                         |    8|   0|    8|          0|
    |tmp_V_1037_reg_5849                                                                         |    8|   0|    8|          0|
    |tmp_V_1038_reg_5854                                                                         |    8|   0|    8|          0|
    |tmp_V_1039_reg_5859                                                                         |    8|   0|    8|          0|
    |tmp_V_1040_reg_5864                                                                         |    8|   0|    8|          0|
    |tmp_V_1041_reg_5869                                                                         |    8|   0|    8|          0|
    |tmp_V_1042_reg_5874                                                                         |    8|   0|    8|          0|
    |tmp_V_1043_reg_5879                                                                         |    8|   0|    8|          0|
    |tmp_V_1044_reg_5884                                                                         |    8|   0|    8|          0|
    |tmp_V_1045_reg_5889                                                                         |    8|   0|    8|          0|
    |tmp_V_1046_reg_5894                                                                         |    8|   0|    8|          0|
    |tmp_V_1047_reg_5899                                                                         |    8|   0|    8|          0|
    |tmp_V_1048_reg_5904                                                                         |    8|   0|    8|          0|
    |tmp_V_1049_reg_5909                                                                         |    8|   0|    8|          0|
    |tmp_V_1050_reg_5914                                                                         |    8|   0|    8|          0|
    |tmp_V_1051_reg_5919                                                                         |    8|   0|    8|          0|
    |tmp_V_1052_reg_5924                                                                         |    8|   0|    8|          0|
    |tmp_V_1053_reg_5929                                                                         |    8|   0|    8|          0|
    |tmp_V_1054_reg_5934                                                                         |    8|   0|    8|          0|
    |tmp_V_1055_reg_5939                                                                         |    8|   0|    8|          0|
    |tmp_V_1056_reg_5944                                                                         |    8|   0|    8|          0|
    |tmp_V_1057_reg_5949                                                                         |    8|   0|    8|          0|
    |tmp_V_1058_reg_5954                                                                         |    8|   0|    8|          0|
    |tmp_V_1059_reg_5959                                                                         |    8|   0|    8|          0|
    |tmp_V_1060_reg_5964                                                                         |    8|   0|    8|          0|
    |tmp_V_1061_reg_5969                                                                         |    8|   0|    8|          0|
    |tmp_V_1062_reg_5974                                                                         |    8|   0|    8|          0|
    |tmp_V_1063_reg_5979                                                                         |    8|   0|    8|          0|
    |tmp_V_1064_reg_5984                                                                         |    8|   0|    8|          0|
    |tmp_V_1065_reg_5989                                                                         |    8|   0|    8|          0|
    |tmp_V_1066_reg_5994                                                                         |    8|   0|    8|          0|
    |tmp_V_1067_reg_5999                                                                         |    8|   0|    8|          0|
    |tmp_V_1068_reg_6004                                                                         |    8|   0|    8|          0|
    |tmp_V_1069_reg_6009                                                                         |    8|   0|    8|          0|
    |tmp_V_1070_reg_6014                                                                         |    8|   0|    8|          0|
    |tmp_V_1071_reg_6019                                                                         |    8|   0|    8|          0|
    |tmp_V_1072_reg_6024                                                                         |    8|   0|    8|          0|
    |tmp_V_1073_reg_6029                                                                         |    8|   0|    8|          0|
    |tmp_V_1074_reg_6034                                                                         |    8|   0|    8|          0|
    |tmp_V_1075_reg_6039                                                                         |    8|   0|    8|          0|
    |tmp_V_1076_reg_6044                                                                         |    8|   0|    8|          0|
    |tmp_V_1077_reg_6049                                                                         |    8|   0|    8|          0|
    |tmp_V_1078_reg_6054                                                                         |    8|   0|    8|          0|
    |tmp_V_1079_reg_6059                                                                         |    8|   0|    8|          0|
    |tmp_V_1080_reg_6064                                                                         |    8|   0|    8|          0|
    |tmp_V_1081_reg_6069                                                                         |    8|   0|    8|          0|
    |tmp_V_1082_reg_6074                                                                         |    8|   0|    8|          0|
    |tmp_V_1083_reg_6079                                                                         |    8|   0|    8|          0|
    |tmp_V_1084_reg_6084                                                                         |    8|   0|    8|          0|
    |tmp_V_1085_reg_6089                                                                         |    8|   0|    8|          0|
    |tmp_V_1086_reg_6094                                                                         |    8|   0|    8|          0|
    |tmp_V_1087_reg_6099                                                                         |    8|   0|    8|          0|
    |tmp_V_1088_reg_6104                                                                         |    8|   0|    8|          0|
    |tmp_V_1089_reg_6109                                                                         |    8|   0|    8|          0|
    |tmp_V_1090_reg_6114                                                                         |    8|   0|    8|          0|
    |tmp_V_1091_reg_6119                                                                         |    8|   0|    8|          0|
    |tmp_V_1092_reg_6124                                                                         |    8|   0|    8|          0|
    |tmp_V_1093_reg_6129                                                                         |    8|   0|    8|          0|
    |tmp_V_1094_reg_6134                                                                         |    8|   0|    8|          0|
    |tmp_V_1095_reg_6139                                                                         |    8|   0|    8|          0|
    |tmp_V_1096_reg_6144                                                                         |    8|   0|    8|          0|
    |tmp_V_1097_reg_6149                                                                         |    8|   0|    8|          0|
    |tmp_V_1098_reg_6154                                                                         |    8|   0|    8|          0|
    |tmp_V_1099_reg_6159                                                                         |    8|   0|    8|          0|
    |tmp_V_1100_reg_6164                                                                         |    8|   0|    8|          0|
    |tmp_V_1101_reg_6169                                                                         |    8|   0|    8|          0|
    |tmp_V_1102_reg_6174                                                                         |    8|   0|    8|          0|
    |tmp_V_1103_reg_6179                                                                         |    8|   0|    8|          0|
    |tmp_V_1104_reg_6184                                                                         |    8|   0|    8|          0|
    |tmp_V_1105_reg_6189                                                                         |    8|   0|    8|          0|
    |tmp_V_1106_reg_6194                                                                         |    8|   0|    8|          0|
    |tmp_V_1107_reg_6199                                                                         |    8|   0|    8|          0|
    |tmp_V_1108_reg_6204                                                                         |    8|   0|    8|          0|
    |tmp_V_1109_reg_6209                                                                         |    8|   0|    8|          0|
    |tmp_V_1110_reg_6214                                                                         |    8|   0|    8|          0|
    |tmp_V_1111_reg_6219                                                                         |    8|   0|    8|          0|
    |tmp_V_1112_reg_6224                                                                         |    8|   0|    8|          0|
    |tmp_V_1113_reg_6229                                                                         |    8|   0|    8|          0|
    |tmp_V_1114_reg_6234                                                                         |    8|   0|    8|          0|
    |tmp_V_1115_reg_6239                                                                         |    8|   0|    8|          0|
    |tmp_V_1116_reg_6244                                                                         |    8|   0|    8|          0|
    |tmp_V_1117_reg_6249                                                                         |    8|   0|    8|          0|
    |tmp_V_1118_reg_6254                                                                         |    8|   0|    8|          0|
    |tmp_V_1119_reg_6259                                                                         |    8|   0|    8|          0|
    |tmp_V_1120_reg_6264                                                                         |    8|   0|    8|          0|
    |tmp_V_1121_reg_6269                                                                         |    8|   0|    8|          0|
    |tmp_V_1122_reg_6274                                                                         |    8|   0|    8|          0|
    |tmp_V_1123_reg_6279                                                                         |    8|   0|    8|          0|
    |tmp_V_1124_reg_6284                                                                         |    8|   0|    8|          0|
    |tmp_V_1125_reg_6289                                                                         |    8|   0|    8|          0|
    |tmp_V_1126_reg_6294                                                                         |    8|   0|    8|          0|
    |tmp_V_1127_reg_6299                                                                         |    8|   0|    8|          0|
    |tmp_V_1128_reg_6304                                                                         |    8|   0|    8|          0|
    |tmp_V_1129_reg_6309                                                                         |    8|   0|    8|          0|
    |tmp_V_1130_reg_6314                                                                         |    8|   0|    8|          0|
    |tmp_V_1131_reg_6319                                                                         |    8|   0|    8|          0|
    |tmp_V_1132_reg_6324                                                                         |    8|   0|    8|          0|
    |tmp_V_1133_reg_6329                                                                         |    8|   0|    8|          0|
    |tmp_V_1134_reg_6334                                                                         |    8|   0|    8|          0|
    |tmp_V_1135_reg_6339                                                                         |    8|   0|    8|          0|
    |tmp_V_1136_reg_6344                                                                         |    8|   0|    8|          0|
    |tmp_V_1137_reg_6349                                                                         |    8|   0|    8|          0|
    |tmp_V_1138_reg_6354                                                                         |    8|   0|    8|          0|
    |tmp_V_1139_reg_6359                                                                         |    8|   0|    8|          0|
    |tmp_V_1140_reg_6364                                                                         |    8|   0|    8|          0|
    |tmp_V_1141_reg_6369                                                                         |    8|   0|    8|          0|
    |tmp_V_1142_reg_6374                                                                         |    8|   0|    8|          0|
    |tmp_V_1143_reg_6379                                                                         |    8|   0|    8|          0|
    |tmp_V_1144_reg_6384                                                                         |    8|   0|    8|          0|
    |tmp_V_1145_reg_6389                                                                         |    8|   0|    8|          0|
    |tmp_V_1146_reg_6394                                                                         |    8|   0|    8|          0|
    |tmp_V_1147_reg_6399                                                                         |    8|   0|    8|          0|
    |tmp_V_1148_reg_6404                                                                         |    8|   0|    8|          0|
    |tmp_V_1149_reg_6409                                                                         |    8|   0|    8|          0|
    |tmp_V_1150_reg_6414                                                                         |    8|   0|    8|          0|
    |tmp_V_1151_reg_6419                                                                         |    8|   0|    8|          0|
    |tmp_V_1152_reg_6424                                                                         |    8|   0|    8|          0|
    |tmp_V_1153_reg_6429                                                                         |    8|   0|    8|          0|
    |tmp_V_1154_reg_6434                                                                         |    8|   0|    8|          0|
    |tmp_V_1155_reg_6439                                                                         |    8|   0|    8|          0|
    |tmp_V_1156_reg_6444                                                                         |    8|   0|    8|          0|
    |tmp_V_1157_reg_6449                                                                         |    8|   0|    8|          0|
    |tmp_V_1158_reg_6454                                                                         |    8|   0|    8|          0|
    |tmp_V_1159_reg_6459                                                                         |    8|   0|    8|          0|
    |tmp_V_1160_reg_6464                                                                         |    8|   0|    8|          0|
    |tmp_V_1161_reg_6469                                                                         |    8|   0|    8|          0|
    |tmp_V_1162_reg_6474                                                                         |    8|   0|    8|          0|
    |tmp_V_1163_reg_6479                                                                         |    8|   0|    8|          0|
    |tmp_V_1164_reg_6484                                                                         |    8|   0|    8|          0|
    |tmp_V_1165_reg_6489                                                                         |    8|   0|    8|          0|
    |tmp_V_1166_reg_6494                                                                         |    8|   0|    8|          0|
    |tmp_V_1167_reg_6499                                                                         |    8|   0|    8|          0|
    |tmp_V_1168_reg_6504                                                                         |    8|   0|    8|          0|
    |tmp_V_1169_reg_6509                                                                         |    8|   0|    8|          0|
    |tmp_V_1170_reg_6514                                                                         |    8|   0|    8|          0|
    |tmp_V_1171_reg_6519                                                                         |    8|   0|    8|          0|
    |tmp_V_1172_reg_6524                                                                         |    8|   0|    8|          0|
    |tmp_V_1173_reg_6529                                                                         |    8|   0|    8|          0|
    |tmp_V_1174_reg_6534                                                                         |    8|   0|    8|          0|
    |tmp_V_1175_reg_6539                                                                         |    8|   0|    8|          0|
    |tmp_V_1176_reg_6544                                                                         |    8|   0|    8|          0|
    |tmp_V_1177_reg_6549                                                                         |    8|   0|    8|          0|
    |tmp_V_1178_reg_6554                                                                         |    8|   0|    8|          0|
    |tmp_V_1179_reg_6559                                                                         |    8|   0|    8|          0|
    |tmp_V_1180_reg_6564                                                                         |    8|   0|    8|          0|
    |tmp_V_1181_reg_6569                                                                         |    8|   0|    8|          0|
    |tmp_V_1182_reg_6574                                                                         |    8|   0|    8|          0|
    |tmp_V_1183_reg_6579                                                                         |    8|   0|    8|          0|
    |tmp_V_1184_reg_6584                                                                         |    8|   0|    8|          0|
    |tmp_V_1185_reg_6589                                                                         |    8|   0|    8|          0|
    |tmp_V_1186_reg_6594                                                                         |    8|   0|    8|          0|
    |tmp_V_1187_reg_6599                                                                         |    8|   0|    8|          0|
    |tmp_V_1188_reg_6604                                                                         |    8|   0|    8|          0|
    |tmp_V_1189_reg_6609                                                                         |    8|   0|    8|          0|
    |tmp_V_1190_reg_6614                                                                         |    8|   0|    8|          0|
    |tmp_V_1191_reg_6619                                                                         |    8|   0|    8|          0|
    |tmp_V_1192_reg_6624                                                                         |    8|   0|    8|          0|
    |tmp_V_1193_reg_6629                                                                         |    8|   0|    8|          0|
    |tmp_V_1194_reg_6634                                                                         |    8|   0|    8|          0|
    |tmp_V_1195_reg_6639                                                                         |    8|   0|    8|          0|
    |tmp_V_1196_reg_6644                                                                         |    8|   0|    8|          0|
    |tmp_V_1197_reg_6649                                                                         |    8|   0|    8|          0|
    |tmp_V_1198_reg_6654                                                                         |    8|   0|    8|          0|
    |tmp_V_1199_reg_6659                                                                         |    8|   0|    8|          0|
    |tmp_V_1200_reg_6664                                                                         |    8|   0|    8|          0|
    |tmp_V_1201_reg_6669                                                                         |    8|   0|    8|          0|
    |tmp_V_1202_reg_6674                                                                         |    8|   0|    8|          0|
    |tmp_V_1203_reg_6679                                                                         |    8|   0|    8|          0|
    |tmp_V_1204_reg_6684                                                                         |    8|   0|    8|          0|
    |tmp_V_1205_reg_6689                                                                         |    8|   0|    8|          0|
    |tmp_V_1206_reg_6694                                                                         |    8|   0|    8|          0|
    |tmp_V_1207_reg_6699                                                                         |    8|   0|    8|          0|
    |tmp_V_1208_reg_6704                                                                         |    8|   0|    8|          0|
    |tmp_V_1209_reg_6709                                                                         |    8|   0|    8|          0|
    |tmp_V_1210_reg_6714                                                                         |    8|   0|    8|          0|
    |tmp_V_1211_reg_6719                                                                         |    8|   0|    8|          0|
    |tmp_V_1212_reg_6724                                                                         |    8|   0|    8|          0|
    |tmp_V_1213_reg_6729                                                                         |    8|   0|    8|          0|
    |tmp_V_1214_reg_6734                                                                         |    8|   0|    8|          0|
    |tmp_V_1215_reg_6739                                                                         |    8|   0|    8|          0|
    |tmp_V_1216_reg_6744                                                                         |    8|   0|    8|          0|
    |tmp_V_1217_reg_6749                                                                         |    8|   0|    8|          0|
    |tmp_V_1218_reg_6754                                                                         |    8|   0|    8|          0|
    |tmp_V_1219_reg_6759                                                                         |    8|   0|    8|          0|
    |tmp_V_1220_reg_6764                                                                         |    8|   0|    8|          0|
    |tmp_V_1221_reg_6769                                                                         |    8|   0|    8|          0|
    |tmp_V_1222_reg_6774                                                                         |    8|   0|    8|          0|
    |tmp_V_1223_reg_6779                                                                         |    8|   0|    8|          0|
    |tmp_V_1224_reg_6784                                                                         |    8|   0|    8|          0|
    |tmp_V_1225_reg_6789                                                                         |    8|   0|    8|          0|
    |tmp_V_1226_reg_6794                                                                         |    8|   0|    8|          0|
    |tmp_V_1227_reg_6799                                                                         |    8|   0|    8|          0|
    |tmp_V_1228_reg_6804                                                                         |    8|   0|    8|          0|
    |tmp_V_1229_reg_6809                                                                         |    8|   0|    8|          0|
    |tmp_V_1230_reg_6814                                                                         |    8|   0|    8|          0|
    |tmp_V_1231_reg_6819                                                                         |    8|   0|    8|          0|
    |tmp_V_1232_reg_6824                                                                         |    8|   0|    8|          0|
    |tmp_V_1233_reg_6829                                                                         |    8|   0|    8|          0|
    |tmp_V_1234_reg_6834                                                                         |    8|   0|    8|          0|
    |tmp_V_1235_reg_6839                                                                         |    8|   0|    8|          0|
    |tmp_V_1236_reg_6844                                                                         |    8|   0|    8|          0|
    |tmp_V_1237_reg_6849                                                                         |    8|   0|    8|          0|
    |tmp_V_1238_reg_6854                                                                         |    8|   0|    8|          0|
    |tmp_V_1239_reg_6859                                                                         |    8|   0|    8|          0|
    |tmp_V_1240_reg_6864                                                                         |    8|   0|    8|          0|
    |tmp_V_1241_reg_6869                                                                         |    8|   0|    8|          0|
    |tmp_V_1242_reg_6874                                                                         |    8|   0|    8|          0|
    |tmp_V_1243_reg_6879                                                                         |    8|   0|    8|          0|
    |tmp_V_1244_reg_6884                                                                         |    8|   0|    8|          0|
    |tmp_V_1245_reg_6889                                                                         |    8|   0|    8|          0|
    |tmp_V_1246_reg_6894                                                                         |    8|   0|    8|          0|
    |tmp_V_1247_reg_6899                                                                         |    8|   0|    8|          0|
    |tmp_V_1248_reg_6904                                                                         |    8|   0|    8|          0|
    |tmp_V_1249_reg_6909                                                                         |    8|   0|    8|          0|
    |tmp_V_1250_reg_6914                                                                         |    8|   0|    8|          0|
    |tmp_V_1251_reg_6919                                                                         |    8|   0|    8|          0|
    |tmp_V_1252_reg_6924                                                                         |    8|   0|    8|          0|
    |tmp_V_1253_reg_6929                                                                         |    8|   0|    8|          0|
    |tmp_V_1254_reg_6934                                                                         |    8|   0|    8|          0|
    |tmp_V_1255_reg_6939                                                                         |    8|   0|    8|          0|
    |tmp_V_1256_reg_6944                                                                         |    8|   0|    8|          0|
    |tmp_V_1257_reg_6949                                                                         |    8|   0|    8|          0|
    |tmp_V_1258_reg_6954                                                                         |    8|   0|    8|          0|
    |tmp_V_1259_reg_6959                                                                         |    8|   0|    8|          0|
    |tmp_V_1260_reg_6964                                                                         |    8|   0|    8|          0|
    |tmp_V_1261_reg_6969                                                                         |    8|   0|    8|          0|
    |tmp_V_1262_reg_6974                                                                         |    8|   0|    8|          0|
    |tmp_V_1263_reg_6979                                                                         |    8|   0|    8|          0|
    |tmp_V_1264_reg_6984                                                                         |    8|   0|    8|          0|
    |tmp_V_1265_reg_6989                                                                         |    8|   0|    8|          0|
    |tmp_V_883_reg_5038                                                                          |    8|   0|    8|          0|
    |tmp_V_884_reg_5043                                                                          |    8|   0|    8|          0|
    |tmp_V_885_reg_5048                                                                          |    8|   0|    8|          0|
    |tmp_V_886_reg_5053                                                                          |    8|   0|    8|          0|
    |tmp_V_887_reg_5058                                                                          |    8|   0|    8|          0|
    |tmp_V_888_reg_5063                                                                          |    8|   0|    8|          0|
    |tmp_V_889_reg_5068                                                                          |    8|   0|    8|          0|
    |tmp_V_890_reg_5073                                                                          |    8|   0|    8|          0|
    |tmp_V_891_reg_5078                                                                          |    8|   0|    8|          0|
    |tmp_V_892_reg_5083                                                                          |    8|   0|    8|          0|
    |tmp_V_893_reg_5088                                                                          |    8|   0|    8|          0|
    |tmp_V_894_reg_5093                                                                          |    8|   0|    8|          0|
    |tmp_V_895_reg_5098                                                                          |    8|   0|    8|          0|
    |tmp_V_896_reg_5103                                                                          |    8|   0|    8|          0|
    |tmp_V_897_reg_5108                                                                          |    8|   0|    8|          0|
    |tmp_V_898_reg_5113                                                                          |    8|   0|    8|          0|
    |tmp_V_899_reg_5118                                                                          |    8|   0|    8|          0|
    |tmp_V_900_reg_5123                                                                          |    8|   0|    8|          0|
    |tmp_V_901_reg_5128                                                                          |    8|   0|    8|          0|
    |tmp_V_902_reg_5133                                                                          |    8|   0|    8|          0|
    |tmp_V_903_reg_5138                                                                          |    8|   0|    8|          0|
    |tmp_V_904_reg_5143                                                                          |    8|   0|    8|          0|
    |tmp_V_905_reg_5148                                                                          |    8|   0|    8|          0|
    |tmp_V_906_reg_5153                                                                          |    8|   0|    8|          0|
    |tmp_V_907_reg_5158                                                                          |    8|   0|    8|          0|
    |tmp_V_908_reg_5163                                                                          |    8|   0|    8|          0|
    |tmp_V_909_reg_5168                                                                          |    8|   0|    8|          0|
    |tmp_V_910_reg_5173                                                                          |    8|   0|    8|          0|
    |tmp_V_911_reg_5178                                                                          |    8|   0|    8|          0|
    |tmp_V_912_reg_5183                                                                          |    8|   0|    8|          0|
    |tmp_V_913_reg_5188                                                                          |    8|   0|    8|          0|
    |tmp_V_914_reg_5193                                                                          |    8|   0|    8|          0|
    |tmp_V_915_reg_5198                                                                          |    8|   0|    8|          0|
    |tmp_V_916_reg_5203                                                                          |    8|   0|    8|          0|
    |tmp_V_917_reg_5208                                                                          |    8|   0|    8|          0|
    |tmp_V_918_reg_5213                                                                          |    8|   0|    8|          0|
    |tmp_V_919_reg_5218                                                                          |    8|   0|    8|          0|
    |tmp_V_920_reg_5223                                                                          |    8|   0|    8|          0|
    |tmp_V_921_reg_5228                                                                          |    8|   0|    8|          0|
    |tmp_V_922_reg_5233                                                                          |    8|   0|    8|          0|
    |tmp_V_923_reg_5238                                                                          |    8|   0|    8|          0|
    |tmp_V_924_reg_5243                                                                          |    8|   0|    8|          0|
    |tmp_V_925_reg_5248                                                                          |    8|   0|    8|          0|
    |tmp_V_926_reg_5253                                                                          |    8|   0|    8|          0|
    |tmp_V_927_reg_5258                                                                          |    8|   0|    8|          0|
    |tmp_V_928_reg_5263                                                                          |    8|   0|    8|          0|
    |tmp_V_929_reg_5268                                                                          |    8|   0|    8|          0|
    |tmp_V_930_reg_5273                                                                          |    8|   0|    8|          0|
    |tmp_V_931_reg_5278                                                                          |    8|   0|    8|          0|
    |tmp_V_932_reg_5283                                                                          |    8|   0|    8|          0|
    |tmp_V_933_reg_5288                                                                          |    8|   0|    8|          0|
    |tmp_V_934_reg_5293                                                                          |    8|   0|    8|          0|
    |tmp_V_935_reg_5298                                                                          |    8|   0|    8|          0|
    |tmp_V_936_reg_5303                                                                          |    8|   0|    8|          0|
    |tmp_V_937_reg_5308                                                                          |    8|   0|    8|          0|
    |tmp_V_938_reg_5313                                                                          |    8|   0|    8|          0|
    |tmp_V_939_reg_5318                                                                          |    8|   0|    8|          0|
    |tmp_V_940_reg_5323                                                                          |    8|   0|    8|          0|
    |tmp_V_941_reg_5328                                                                          |    8|   0|    8|          0|
    |tmp_V_942_reg_5333                                                                          |    8|   0|    8|          0|
    |tmp_V_943_reg_5338                                                                          |    8|   0|    8|          0|
    |tmp_V_944_reg_5343                                                                          |    8|   0|    8|          0|
    |tmp_V_945_reg_5348                                                                          |    8|   0|    8|          0|
    |tmp_V_946_reg_5353                                                                          |    8|   0|    8|          0|
    |tmp_V_947_reg_5358                                                                          |    8|   0|    8|          0|
    |tmp_V_948_reg_5363                                                                          |    8|   0|    8|          0|
    |tmp_V_949_reg_5368                                                                          |    8|   0|    8|          0|
    |tmp_V_950_reg_5373                                                                          |    8|   0|    8|          0|
    |tmp_V_951_reg_5378                                                                          |    8|   0|    8|          0|
    |tmp_V_952_reg_5383                                                                          |    8|   0|    8|          0|
    |tmp_V_953_reg_5388                                                                          |    8|   0|    8|          0|
    |tmp_V_954_reg_5393                                                                          |    8|   0|    8|          0|
    |tmp_V_955_reg_5398                                                                          |    8|   0|    8|          0|
    |tmp_V_956_reg_5403                                                                          |    8|   0|    8|          0|
    |tmp_V_957_reg_5408                                                                          |    8|   0|    8|          0|
    |tmp_V_958_reg_5413                                                                          |    8|   0|    8|          0|
    |tmp_V_959_reg_5418                                                                          |    8|   0|    8|          0|
    |tmp_V_960_reg_5423                                                                          |    8|   0|    8|          0|
    |tmp_V_961_reg_5428                                                                          |    8|   0|    8|          0|
    |tmp_V_962_reg_5433                                                                          |    8|   0|    8|          0|
    |tmp_V_963_reg_5438                                                                          |    8|   0|    8|          0|
    |tmp_V_964_reg_5443                                                                          |    8|   0|    8|          0|
    |tmp_V_965_reg_5448                                                                          |    8|   0|    8|          0|
    |tmp_V_966_reg_5453                                                                          |    8|   0|    8|          0|
    |tmp_V_967_reg_5458                                                                          |    8|   0|    8|          0|
    |tmp_V_968_reg_5463                                                                          |    8|   0|    8|          0|
    |tmp_V_969_reg_5468                                                                          |    8|   0|    8|          0|
    |tmp_V_970_reg_5473                                                                          |    8|   0|    8|          0|
    |tmp_V_971_reg_5478                                                                          |    8|   0|    8|          0|
    |tmp_V_972_reg_5483                                                                          |    8|   0|    8|          0|
    |tmp_V_973_reg_5488                                                                          |    8|   0|    8|          0|
    |tmp_V_974_reg_5493                                                                          |    8|   0|    8|          0|
    |tmp_V_975_reg_5498                                                                          |    8|   0|    8|          0|
    |tmp_V_976_reg_5503                                                                          |    8|   0|    8|          0|
    |tmp_V_977_reg_5508                                                                          |    8|   0|    8|          0|
    |tmp_V_978_reg_5513                                                                          |    8|   0|    8|          0|
    |tmp_V_979_reg_5518                                                                          |    8|   0|    8|          0|
    |tmp_V_980_reg_5523                                                                          |    8|   0|    8|          0|
    |tmp_V_981_reg_5528                                                                          |    8|   0|    8|          0|
    |tmp_V_982_reg_5533                                                                          |    8|   0|    8|          0|
    |tmp_V_983_reg_5538                                                                          |    8|   0|    8|          0|
    |tmp_V_984_reg_5543                                                                          |    8|   0|    8|          0|
    |tmp_V_985_reg_5548                                                                          |    8|   0|    8|          0|
    |tmp_V_986_reg_5553                                                                          |    8|   0|    8|          0|
    |tmp_V_987_reg_5558                                                                          |    8|   0|    8|          0|
    |tmp_V_988_reg_5563                                                                          |    8|   0|    8|          0|
    |tmp_V_989_reg_5568                                                                          |    8|   0|    8|          0|
    |tmp_V_990_reg_5573                                                                          |    8|   0|    8|          0|
    |tmp_V_991_reg_5578                                                                          |    8|   0|    8|          0|
    |tmp_V_992_reg_5583                                                                          |    8|   0|    8|          0|
    |tmp_V_993_reg_5588                                                                          |    8|   0|    8|          0|
    |tmp_V_994_reg_5593                                                                          |    8|   0|    8|          0|
    |tmp_V_995_reg_5598                                                                          |    8|   0|    8|          0|
    |tmp_V_996_reg_5603                                                                          |    8|   0|    8|          0|
    |tmp_V_997_reg_5608                                                                          |    8|   0|    8|          0|
    |tmp_V_998_reg_5613                                                                          |    8|   0|    8|          0|
    |tmp_V_999_reg_5618                                                                          |    8|   0|    8|          0|
    |tmp_V_reg_5033                                                                              |    8|   0|    8|          0|
    +--------------------------------------------------------------------------------------------+-----+----+-----+-----------+
    |Total                                                                                       | 3741|   0| 3741|          0|
    +--------------------------------------------------------------------------------------------+-----+----+-----+-----------+



================================================================
== Interface
================================================================
* Summary: 
+------------------+-----+-----+------------+-----------------------------------------------------------------------+--------------+
|     RTL Ports    | Dir | Bits|  Protocol  |                             Source Object                             |    C Type    |
+------------------+-----+-----+------------+-----------------------------------------------------------------------+--------------+
|ap_clk            |  in |    1| ap_ctrl_hs | conv_2d_large_cl_nopad_pad_s2s<ap_fixed,ap_fixed<8,2,4,0,0>,config70> | return value |
|ap_rst            |  in |    1| ap_ctrl_hs | conv_2d_large_cl_nopad_pad_s2s<ap_fixed,ap_fixed<8,2,4,0,0>,config70> | return value |
|ap_start          |  in |    1| ap_ctrl_hs | conv_2d_large_cl_nopad_pad_s2s<ap_fixed,ap_fixed<8,2,4,0,0>,config70> | return value |
|start_full_n      |  in |    1| ap_ctrl_hs | conv_2d_large_cl_nopad_pad_s2s<ap_fixed,ap_fixed<8,2,4,0,0>,config70> | return value |
|ap_done           | out |    1| ap_ctrl_hs | conv_2d_large_cl_nopad_pad_s2s<ap_fixed,ap_fixed<8,2,4,0,0>,config70> | return value |
|ap_continue       |  in |    1| ap_ctrl_hs | conv_2d_large_cl_nopad_pad_s2s<ap_fixed,ap_fixed<8,2,4,0,0>,config70> | return value |
|ap_idle           | out |    1| ap_ctrl_hs | conv_2d_large_cl_nopad_pad_s2s<ap_fixed,ap_fixed<8,2,4,0,0>,config70> | return value |
|ap_ready          | out |    1| ap_ctrl_hs | conv_2d_large_cl_nopad_pad_s2s<ap_fixed,ap_fixed<8,2,4,0,0>,config70> | return value |
|start_out         | out |    1| ap_ctrl_hs | conv_2d_large_cl_nopad_pad_s2s<ap_fixed,ap_fixed<8,2,4,0,0>,config70> | return value |
|start_write       | out |    1| ap_ctrl_hs | conv_2d_large_cl_nopad_pad_s2s<ap_fixed,ap_fixed<8,2,4,0,0>,config70> | return value |
|data_V_V_dout     |  in |    8|   ap_fifo  |                                data_V_V                               |    pointer   |
|data_V_V_empty_n  |  in |    1|   ap_fifo  |                                data_V_V                               |    pointer   |
|data_V_V_read     | out |    1|   ap_fifo  |                                data_V_V                               |    pointer   |
|res_V_V_din       | out |    8|   ap_fifo  |                                res_V_V                                |    pointer   |
|res_V_V_full_n    |  in |    1|   ap_fifo  |                                res_V_V                                |    pointer   |
|res_V_V_write     | out |    1|   ap_fifo  |                                res_V_V                                |    pointer   |
+------------------+-----+-----+------------+-----------------------------------------------------------------------+--------------+

