

================================================================
== Vivado HLS Report for 'conv_2d_cl_switch_ap_fixed_8_2_5_3_0_ap_fixed_8_2_4_0_0_config70_s'
================================================================
* Date:           Sun Jan 22 21:28:52 2023

* Version:        2019.2 (Build 2704478 on Wed Nov 06 22:10:23 MST 2019)
* Project:        alveo_hls4ml
* Solution:       solution
* Product family: virtexuplus
* Target device:  xcu50-fsvh2104-2L-e


================================================================
== Performance Estimates
================================================================
+ Timing: 
    * Summary: 
    +--------+---------+----------+------------+
    |  Clock |  Target | Estimated| Uncertainty|
    +--------+---------+----------+------------+
    |ap_clk  | 4.00 ns | 2.963 ns |   0.90 ns  |
    +--------+---------+----------+------------+

+ Latency: 
    * Summary: 
    +---------+---------+-----------+----------+------+-------+---------+
    |  Latency (cycles) |  Latency (absolute)  |   Interval   | Pipeline|
    |   min   |   max   |    min    |    max   |  min |  max  |   Type  |
    +---------+---------+-----------+----------+------+-------+---------+
    |     3451|    38751| 13.804 us | 0.155 ms |  3451|  38751|   none  |
    +---------+---------+-----------+----------+------+-------+---------+

    + Detail: 
        * Instance: 
        +-------------------------------------------------------------------------------+-------------------------------------------------------------------+---------+---------+-----------+-----------+------+------+----------+
        |                                                                               |                                                                   |  Latency (cycles) |   Latency (absolute)  |   Interval  | Pipeline |
        |                                    Instance                                   |                               Module                              |   min   |   max   |    min    |    max    |  min |  max |   Type   |
        +-------------------------------------------------------------------------------+-------------------------------------------------------------------+---------+---------+-----------+-----------+------+------+----------+
        |grp_dense_large_ap_fixed_8_2_5_3_0_ap_fixed_8_2_4_0_0_config70_mult_s_fu_1634  |dense_large_ap_fixed_8_2_5_3_0_ap_fixed_8_2_4_0_0_config70_mult_s  |     1155|     1155|  4.620 us |  4.620 us |  1155|  1155|   none   |
        |grp_cnnshift_arr_ap_fixed_8_2_5_3_0_ap_fixed_8_2_4_0_0_config70_s_fu_1642      |cnnshift_arr_ap_fixed_8_2_5_3_0_ap_fixed_8_2_4_0_0_config70_s      |        8|        8| 32.000 ns | 32.000 ns |     9|     9| function |
        +-------------------------------------------------------------------------------+-------------------------------------------------------------------+---------+---------+-----------+-----------+------+------+----------+

        * Loop: 
        +----------+---------+---------+------------+-----------+-----------+------+----------+
        |          |  Latency (cycles) |  Iteration |  Initiation Interval  | Trip |          |
        | Loop Name|   min   |   max   |   Latency  |  achieved |   target  | Count| Pipelined|
        +----------+---------+---------+------------+-----------+-----------+------+----------+
        |- Loop 1  |     3450|    38750| 138 ~ 1550 |          -|          -|    25|    no    |
        +----------+---------+---------+------------+-----------+-----------+------+----------+



================================================================
== Utilization Estimates
================================================================
* Summary: 
+---------------------+---------+-------+---------+--------+-----+
|         Name        | BRAM_18K| DSP48E|    FF   |   LUT  | URAM|
+---------------------+---------+-------+---------+--------+-----+
|DSP                  |        -|      -|        -|       -|    -|
|Expression           |        -|      -|        0|     345|    -|
|FIFO                 |        -|      -|        -|       -|    -|
|Instance             |      171|      0|    37456|   73673|    -|
|Memory               |        0|      -|        0|       0|   15|
|Multiplexer          |        -|      -|        -|    3050|    -|
|Register             |        -|      -|     3741|       -|    -|
+---------------------+---------+-------+---------+--------+-----+
|Total                |      171|      0|    41197|   77068|   15|
+---------------------+---------+-------+---------+--------+-----+
|Available SLR        |     1344|   2976|   871680|  435840|  320|
+---------------------+---------+-------+---------+--------+-----+
|Utilization SLR (%)  |       12|      0|        4|      17|    4|
+---------------------+---------+-------+---------+--------+-----+
|Available            |     2688|   5952|  1743360|  871680|  640|
+---------------------+---------+-------+---------+--------+-----+
|Utilization (%)      |        6|      0|        2|       8|    2|
+---------------------+---------+-------+---------+--------+-----+

+ Detail: 
    * Instance: 
    +-------------------------------------------------------------------------------+-------------------------------------------------------------------+---------+-------+-------+-------+-----+
    |                                    Instance                                   |                               Module                              | BRAM_18K| DSP48E|   FF  |  LUT  | URAM|
    +-------------------------------------------------------------------------------+-------------------------------------------------------------------+---------+-------+-------+-------+-----+
    |grp_cnnshift_arr_ap_fixed_8_2_5_3_0_ap_fixed_8_2_4_0_0_config70_s_fu_1642      |cnnshift_arr_ap_fixed_8_2_5_3_0_ap_fixed_8_2_4_0_0_config70_s      |        0|      0|  25609|   8393|    0|
    |grp_dense_large_ap_fixed_8_2_5_3_0_ap_fixed_8_2_4_0_0_config70_mult_s_fu_1634  |dense_large_ap_fixed_8_2_5_3_0_ap_fixed_8_2_4_0_0_config70_mult_s  |      171|      0|  11847|  65280|    0|
    +-------------------------------------------------------------------------------+-------------------------------------------------------------------+---------+-------+-------+-------+-----+
    |Total                                                                          |                                                                   |      171|      0|  37456|  73673|    0|
    +-------------------------------------------------------------------------------+-------------------------------------------------------------------+---------+-------+-------+-------+-----+

    * DSP48E: 
    N/A

    * Memory: 
    +-----------------+----------------------------------------------------------------------------------+---------+---+----+-----+------+------+------+-------------+
    |      Memory     |                                      Module                                      | BRAM_18K| FF| LUT| URAM| Words| Bits | Banks| W*Bits*Banks|
    +-----------------+----------------------------------------------------------------------------------+---------+---+----+-----+------+------+------+-------------+
    |layer_in_V_13_U  |conv_2d_cl_switch_ap_fixed_8_2_5_3_0_ap_fixed_8_2_4_0_0_config66_s_layer_in_VmVc  |        0|  0|   0|   15|     9|  1024|     1|         9216|
    +-----------------+----------------------------------------------------------------------------------+---------+---+----+-----+------+------+------+-------------+
    |Total            |                                                                                  |        0|  0|   0|   15|     9|  1024|     1|         9216|
    +-----------------+----------------------------------------------------------------------------------+---------+---+----+-----+------+------+------+-------------+

    * FIFO: 
    N/A

    * Expression: 
    +-------------------------+----------+-------+---+----+------------+------------+
    |      Variable Name      | Operation| DSP48E| FF| LUT| Bitwidth P0| Bitwidth P1|
    +-------------------------+----------+-------+---+----+------------+------------+
    |add_ln448_fu_4989_p2     |     +    |      0|  0|  32|          32|           1|
    |add_ln450_fu_5000_p2     |     +    |      0|  0|  32|          32|           1|
    |add_ln453_fu_4943_p2     |     +    |      0|  0|  32|          32|           1|
    |add_ln455_fu_4954_p2     |     +    |      0|  0|  32|          32|           1|
    |i_fu_2167_p2             |     +    |      0|  0|   6|           5|           1|
    |and_ln422_3_fu_2372_p2   |    and   |      0|  0|   2|           1|           1|
    |and_ln422_4_fu_2378_p2   |    and   |      0|  0|   2|           1|           1|
    |and_ln422_fu_2366_p2     |    and   |      0|  0|   2|           1|           1|
    |ap_block_state2          |    and   |      0|  0|   2|           1|           1|
    |ap_block_state396        |    and   |      0|  0|   2|           1|           1|
    |ap_condition_3620        |    and   |      0|  0|   2|           1|           1|
    |ap_condition_3704        |    and   |      0|  0|   2|           1|           1|
    |icmp_ln413_fu_2161_p2    |   icmp   |      0|  0|  11|           5|           4|
    |icmp_ln422_4_fu_2320_p2  |   icmp   |      0|  0|  20|          32|           2|
    |icmp_ln422_5_fu_2340_p2  |   icmp   |      0|  0|  20|          31|           1|
    |icmp_ln422_6_fu_2360_p2  |   icmp   |      0|  0|  20|          31|           1|
    |icmp_ln422_fu_2310_p2    |   icmp   |      0|  0|  20|          32|           2|
    |icmp_ln440_fu_4938_p2    |   icmp   |      0|  0|  20|          32|           3|
    |icmp_ln444_fu_4984_p2    |   icmp   |      0|  0|  20|          32|           3|
    |ap_block_state1          |    or    |      0|  0|   2|           1|           1|
    |select_ln450_fu_5005_p3  |  select  |      0|  0|  32|           1|           2|
    |select_ln455_fu_4959_p3  |  select  |      0|  0|  32|           1|           2|
    +-------------------------+----------+-------+---+----+------------+------------+
    |Total                    |          |      0|  0| 345|         338|          33|
    +-------------------------+----------+-------+---+----+------------+------------+

    * Multiplexer: 
    +----------------------------------------+------+-----------+-----+-----------+
    |                  Name                  |  LUT | Input Size| Bits| Total Bits|
    +----------------------------------------+------+-----------+-----+-----------+
    |ap_NS_fsm                               |  1733|        397|    1|        397|
    |ap_done                                 |     9|          2|    1|          2|
    |ap_phi_mux_storemerge_i_phi_fu_1627_p4  |    15|          3|   32|         96|
    |data_V_V_blk_n                          |     9|          2|    1|          2|
    |i_0_i_reg_1613                          |     9|          2|    5|         10|
    |layer_in_V_13_address0                  |    15|          3|    4|         12|
    |layer_in_V_13_ce0                       |    15|          3|    1|          3|
    |layer_in_V_13_ce1                       |     9|          2|    1|          2|
    |layer_in_V_13_we0                       |     9|          2|    1|          2|
    |layer_in_V_13_we1                       |     9|          2|    1|          2|
    |pX_7                                    |     9|          2|   32|         64|
    |pY_7                                    |     9|          2|   32|         64|
    |real_start                              |     9|          2|    1|          2|
    |res_V_V_blk_n                           |     9|          2|    1|          2|
    |res_V_V_din                             |  1173|        257|    8|       2056|
    |sX_7                                    |     9|          2|   32|         64|
    +----------------------------------------+------+-----------+-----+-----------+
    |Total                                   |  3050|        685|  154|       2780|
    +----------------------------------------+------+-----------+-----+-----------+

    * Register: 
    +--------------------------------------------------------------------------------------------+-----+----+-----+-----------+
    |                                            Name                                            |  FF | LUT| Bits| Const Bits|
    +--------------------------------------------------------------------------------------------+-----+----+-----+-----------+
    |and_ln422_4_reg_5710                                                                        |    1|   0|    1|          0|
    |ap_CS_fsm                                                                                   |  396|   0|  396|          0|
    |ap_done_reg                                                                                 |    1|   0|    1|          0|
    |grp_cnnshift_arr_ap_fixed_8_2_5_3_0_ap_fixed_8_2_4_0_0_config70_s_fu_1642_ap_start_reg      |    1|   0|    1|          0|
    |grp_dense_large_ap_fixed_8_2_5_3_0_ap_fixed_8_2_4_0_0_config70_mult_s_fu_1634_ap_start_reg  |    1|   0|    1|          0|
    |i_0_i_reg_1613                                                                              |    5|   0|    5|          0|
    |i_reg_5028                                                                                  |    5|   0|    5|          0|
    |icmp_ln422_4_reg_5693                                                                       |    1|   0|    1|          0|
    |icmp_ln422_reg_5683                                                                         |    1|   0|    1|          0|
    |pX_7                                                                                        |   32|   0|   32|          0|
    |pX_7_load_reg_5704                                                                          |   32|   0|   32|          0|
    |pY_7                                                                                        |   32|   0|   32|          0|
    |pY_7_load_reg_5698                                                                          |   32|   0|   32|          0|
    |sX_7                                                                                        |   32|   0|   32|          0|
    |sX_7_load_reg_5678                                                                          |   32|   0|   32|          0|
    |sY_7                                                                                        |   32|   0|   32|          0|
    |sY_7_load_reg_5688                                                                          |   32|   0|   32|          0|
    |start_once_reg                                                                              |    1|   0|    1|          0|
    |tmp_V_1419_reg_5038                                                                         |    8|   0|    8|          0|
    |tmp_V_1420_reg_5043                                                                         |    8|   0|    8|          0|
    |tmp_V_1421_reg_5048                                                                         |    8|   0|    8|          0|
    |tmp_V_1422_reg_5053                                                                         |    8|   0|    8|          0|
    |tmp_V_1423_reg_5058                                                                         |    8|   0|    8|          0|
    |tmp_V_1424_reg_5063                                                                         |    8|   0|    8|          0|
    |tmp_V_1425_reg_5068                                                                         |    8|   0|    8|          0|
    |tmp_V_1426_reg_5073                                                                         |    8|   0|    8|          0|
    |tmp_V_1427_reg_5078                                                                         |    8|   0|    8|          0|
    |tmp_V_1428_reg_5083                                                                         |    8|   0|    8|          0|
    |tmp_V_1429_reg_5088                                                                         |    8|   0|    8|          0|
    |tmp_V_1430_reg_5093                                                                         |    8|   0|    8|          0|
    |tmp_V_1431_reg_5098                                                                         |    8|   0|    8|          0|
    |tmp_V_1432_reg_5103                                                                         |    8|   0|    8|          0|
    |tmp_V_1433_reg_5108                                                                         |    8|   0|    8|          0|
    |tmp_V_1434_reg_5113                                                                         |    8|   0|    8|          0|
    |tmp_V_1435_reg_5118                                                                         |    8|   0|    8|          0|
    |tmp_V_1436_reg_5123                                                                         |    8|   0|    8|          0|
    |tmp_V_1437_reg_5128                                                                         |    8|   0|    8|          0|
    |tmp_V_1438_reg_5133                                                                         |    8|   0|    8|          0|
    |tmp_V_1439_reg_5138                                                                         |    8|   0|    8|          0|
    |tmp_V_1440_reg_5143                                                                         |    8|   0|    8|          0|
    |tmp_V_1441_reg_5148                                                                         |    8|   0|    8|          0|
    |tmp_V_1442_reg_5153                                                                         |    8|   0|    8|          0|
    |tmp_V_1443_reg_5158                                                                         |    8|   0|    8|          0|
    |tmp_V_1444_reg_5163                                                                         |    8|   0|    8|          0|
    |tmp_V_1445_reg_5168                                                                         |    8|   0|    8|          0|
    |tmp_V_1446_reg_5173                                                                         |    8|   0|    8|          0|
    |tmp_V_1447_reg_5178                                                                         |    8|   0|    8|          0|
    |tmp_V_1448_reg_5183                                                                         |    8|   0|    8|          0|
    |tmp_V_1449_reg_5188                                                                         |    8|   0|    8|          0|
    |tmp_V_1450_reg_5193                                                                         |    8|   0|    8|          0|
    |tmp_V_1451_reg_5198                                                                         |    8|   0|    8|          0|
    |tmp_V_1452_reg_5203                                                                         |    8|   0|    8|          0|
    |tmp_V_1453_reg_5208                                                                         |    8|   0|    8|          0|
    |tmp_V_1454_reg_5213                                                                         |    8|   0|    8|          0|
    |tmp_V_1455_reg_5218                                                                         |    8|   0|    8|          0|
    |tmp_V_1456_reg_5223                                                                         |    8|   0|    8|          0|
    |tmp_V_1457_reg_5228                                                                         |    8|   0|    8|          0|
    |tmp_V_1458_reg_5233                                                                         |    8|   0|    8|          0|
    |tmp_V_1459_reg_5238                                                                         |    8|   0|    8|          0|
    |tmp_V_1460_reg_5243                                                                         |    8|   0|    8|          0|
    |tmp_V_1461_reg_5248                                                                         |    8|   0|    8|          0|
    |tmp_V_1462_reg_5253                                                                         |    8|   0|    8|          0|
    |tmp_V_1463_reg_5258                                                                         |    8|   0|    8|          0|
    |tmp_V_1464_reg_5263                                                                         |    8|   0|    8|          0|
    |tmp_V_1465_reg_5268                                                                         |    8|   0|    8|          0|
    |tmp_V_1466_reg_5273                                                                         |    8|   0|    8|          0|
    |tmp_V_1467_reg_5278                                                                         |    8|   0|    8|          0|
    |tmp_V_1468_reg_5283                                                                         |    8|   0|    8|          0|
    |tmp_V_1469_reg_5288                                                                         |    8|   0|    8|          0|
    |tmp_V_1470_reg_5293                                                                         |    8|   0|    8|          0|
    |tmp_V_1471_reg_5298                                                                         |    8|   0|    8|          0|
    |tmp_V_1472_reg_5303                                                                         |    8|   0|    8|          0|
    |tmp_V_1473_reg_5308                                                                         |    8|   0|    8|          0|
    |tmp_V_1474_reg_5313                                                                         |    8|   0|    8|          0|
    |tmp_V_1475_reg_5318                                                                         |    8|   0|    8|          0|
    |tmp_V_1476_reg_5323                                                                         |    8|   0|    8|          0|
    |tmp_V_1477_reg_5328                                                                         |    8|   0|    8|          0|
    |tmp_V_1478_reg_5333                                                                         |    8|   0|    8|          0|
    |tmp_V_1479_reg_5338                                                                         |    8|   0|    8|          0|
    |tmp_V_1480_reg_5343                                                                         |    8|   0|    8|          0|
    |tmp_V_1481_reg_5348                                                                         |    8|   0|    8|          0|
    |tmp_V_1482_reg_5353                                                                         |    8|   0|    8|          0|
    |tmp_V_1483_reg_5358                                                                         |    8|   0|    8|          0|
    |tmp_V_1484_reg_5363                                                                         |    8|   0|    8|          0|
    |tmp_V_1485_reg_5368                                                                         |    8|   0|    8|          0|
    |tmp_V_1486_reg_5373                                                                         |    8|   0|    8|          0|
    |tmp_V_1487_reg_5378                                                                         |    8|   0|    8|          0|
    |tmp_V_1488_reg_5383                                                                         |    8|   0|    8|          0|
    |tmp_V_1489_reg_5388                                                                         |    8|   0|    8|          0|
    |tmp_V_1490_reg_5393                                                                         |    8|   0|    8|          0|
    |tmp_V_1491_reg_5398                                                                         |    8|   0|    8|          0|
    |tmp_V_1492_reg_5403                                                                         |    8|   0|    8|          0|
    |tmp_V_1493_reg_5408                                                                         |    8|   0|    8|          0|
    |tmp_V_1494_reg_5413                                                                         |    8|   0|    8|          0|
    |tmp_V_1495_reg_5418                                                                         |    8|   0|    8|          0|
    |tmp_V_1496_reg_5423                                                                         |    8|   0|    8|          0|
    |tmp_V_1497_reg_5428                                                                         |    8|   0|    8|          0|
    |tmp_V_1498_reg_5433                                                                         |    8|   0|    8|          0|
    |tmp_V_1499_reg_5438                                                                         |    8|   0|    8|          0|
    |tmp_V_1500_reg_5443                                                                         |    8|   0|    8|          0|
    |tmp_V_1501_reg_5448                                                                         |    8|   0|    8|          0|
    |tmp_V_1502_reg_5453                                                                         |    8|   0|    8|          0|
    |tmp_V_1503_reg_5458                                                                         |    8|   0|    8|          0|
    |tmp_V_1504_reg_5463                                                                         |    8|   0|    8|          0|
    |tmp_V_1505_reg_5468                                                                         |    8|   0|    8|          0|
    |tmp_V_1506_reg_5473                                                                         |    8|   0|    8|          0|
    |tmp_V_1507_reg_5478                                                                         |    8|   0|    8|          0|
    |tmp_V_1508_reg_5483                                                                         |    8|   0|    8|          0|
    |tmp_V_1509_reg_5488                                                                         |    8|   0|    8|          0|
    |tmp_V_1510_reg_5493                                                                         |    8|   0|    8|          0|
    |tmp_V_1511_reg_5498                                                                         |    8|   0|    8|          0|
    |tmp_V_1512_reg_5503                                                                         |    8|   0|    8|          0|
    |tmp_V_1513_reg_5508                                                                         |    8|   0|    8|          0|
    |tmp_V_1514_reg_5513                                                                         |    8|   0|    8|          0|
    |tmp_V_1515_reg_5518                                                                         |    8|   0|    8|          0|
    |tmp_V_1516_reg_5523                                                                         |    8|   0|    8|          0|
    |tmp_V_1517_reg_5528                                                                         |    8|   0|    8|          0|
    |tmp_V_1518_reg_5533                                                                         |    8|   0|    8|          0|
    |tmp_V_1519_reg_5538                                                                         |    8|   0|    8|          0|
    |tmp_V_1520_reg_5543                                                                         |    8|   0|    8|          0|
    |tmp_V_1521_reg_5548                                                                         |    8|   0|    8|          0|
    |tmp_V_1522_reg_5553                                                                         |    8|   0|    8|          0|
    |tmp_V_1523_reg_5558                                                                         |    8|   0|    8|          0|
    |tmp_V_1524_reg_5563                                                                         |    8|   0|    8|          0|
    |tmp_V_1525_reg_5568                                                                         |    8|   0|    8|          0|
    |tmp_V_1526_reg_5573                                                                         |    8|   0|    8|          0|
    |tmp_V_1527_reg_5578                                                                         |    8|   0|    8|          0|
    |tmp_V_1528_reg_5583                                                                         |    8|   0|    8|          0|
    |tmp_V_1529_reg_5588                                                                         |    8|   0|    8|          0|
    |tmp_V_1530_reg_5593                                                                         |    8|   0|    8|          0|
    |tmp_V_1531_reg_5598                                                                         |    8|   0|    8|          0|
    |tmp_V_1532_reg_5603                                                                         |    8|   0|    8|          0|
    |tmp_V_1533_reg_5608                                                                         |    8|   0|    8|          0|
    |tmp_V_1534_reg_5613                                                                         |    8|   0|    8|          0|
    |tmp_V_1535_reg_5618                                                                         |    8|   0|    8|          0|
    |tmp_V_1536_reg_5623                                                                         |    8|   0|    8|          0|
    |tmp_V_1537_reg_5628                                                                         |    8|   0|    8|          0|
    |tmp_V_1538_reg_5633                                                                         |    8|   0|    8|          0|
    |tmp_V_1539_reg_5638                                                                         |    8|   0|    8|          0|
    |tmp_V_1540_reg_5643                                                                         |    8|   0|    8|          0|
    |tmp_V_1541_reg_5648                                                                         |    8|   0|    8|          0|
    |tmp_V_1542_reg_5653                                                                         |    8|   0|    8|          0|
    |tmp_V_1543_reg_5658                                                                         |    8|   0|    8|          0|
    |tmp_V_1544_reg_5663                                                                         |    8|   0|    8|          0|
    |tmp_V_1545_reg_5668                                                                         |    8|   0|    8|          0|
    |tmp_V_1546_reg_5714                                                                         |    8|   0|    8|          0|
    |tmp_V_1547_reg_5719                                                                         |    8|   0|    8|          0|
    |tmp_V_1548_reg_5724                                                                         |    8|   0|    8|          0|
    |tmp_V_1549_reg_5729                                                                         |    8|   0|    8|          0|
    |tmp_V_1550_reg_5734                                                                         |    8|   0|    8|          0|
    |tmp_V_1551_reg_5739                                                                         |    8|   0|    8|          0|
    |tmp_V_1552_reg_5744                                                                         |    8|   0|    8|          0|
    |tmp_V_1553_reg_5749                                                                         |    8|   0|    8|          0|
    |tmp_V_1554_reg_5754                                                                         |    8|   0|    8|          0|
    |tmp_V_1555_reg_5759                                                                         |    8|   0|    8|          0|
    |tmp_V_1556_reg_5764                                                                         |    8|   0|    8|          0|
    |tmp_V_1557_reg_5769                                                                         |    8|   0|    8|          0|
    |tmp_V_1558_reg_5774                                                                         |    8|   0|    8|          0|
    |tmp_V_1559_reg_5779                                                                         |    8|   0|    8|          0|
    |tmp_V_1560_reg_5784                                                                         |    8|   0|    8|          0|
    |tmp_V_1561_reg_5789                                                                         |    8|   0|    8|          0|
    |tmp_V_1562_reg_5794                                                                         |    8|   0|    8|          0|
    |tmp_V_1563_reg_5799                                                                         |    8|   0|    8|          0|
    |tmp_V_1564_reg_5804                                                                         |    8|   0|    8|          0|
    |tmp_V_1565_reg_5809                                                                         |    8|   0|    8|          0|
    |tmp_V_1566_reg_5814                                                                         |    8|   0|    8|          0|
    |tmp_V_1567_reg_5819                                                                         |    8|   0|    8|          0|
    |tmp_V_1568_reg_5824                                                                         |    8|   0|    8|          0|
    |tmp_V_1569_reg_5829                                                                         |    8|   0|    8|          0|
    |tmp_V_1570_reg_5834                                                                         |    8|   0|    8|          0|
    |tmp_V_1571_reg_5839                                                                         |    8|   0|    8|          0|
    |tmp_V_1572_reg_5844                                                                         |    8|   0|    8|          0|
    |tmp_V_1573_reg_5849                                                                         |    8|   0|    8|          0|
    |tmp_V_1574_reg_5854                                                                         |    8|   0|    8|          0|
    |tmp_V_1575_reg_5859                                                                         |    8|   0|    8|          0|
    |tmp_V_1576_reg_5864                                                                         |    8|   0|    8|          0|
    |tmp_V_1577_reg_5869                                                                         |    8|   0|    8|          0|
    |tmp_V_1578_reg_5874                                                                         |    8|   0|    8|          0|
    |tmp_V_1579_reg_5879                                                                         |    8|   0|    8|          0|
    |tmp_V_1580_reg_5884                                                                         |    8|   0|    8|          0|
    |tmp_V_1581_reg_5889                                                                         |    8|   0|    8|          0|
    |tmp_V_1582_reg_5894                                                                         |    8|   0|    8|          0|
    |tmp_V_1583_reg_5899                                                                         |    8|   0|    8|          0|
    |tmp_V_1584_reg_5904                                                                         |    8|   0|    8|          0|
    |tmp_V_1585_reg_5909                                                                         |    8|   0|    8|          0|
    |tmp_V_1586_reg_5914                                                                         |    8|   0|    8|          0|
    |tmp_V_1587_reg_5919                                                                         |    8|   0|    8|          0|
    |tmp_V_1588_reg_5924                                                                         |    8|   0|    8|          0|
    |tmp_V_1589_reg_5929                                                                         |    8|   0|    8|          0|
    |tmp_V_1590_reg_5934                                                                         |    8|   0|    8|          0|
    |tmp_V_1591_reg_5939                                                                         |    8|   0|    8|          0|
    |tmp_V_1592_reg_5944                                                                         |    8|   0|    8|          0|
    |tmp_V_1593_reg_5949                                                                         |    8|   0|    8|          0|
    |tmp_V_1594_reg_5954                                                                         |    8|   0|    8|          0|
    |tmp_V_1595_reg_5959                                                                         |    8|   0|    8|          0|
    |tmp_V_1596_reg_5964                                                                         |    8|   0|    8|          0|
    |tmp_V_1597_reg_5969                                                                         |    8|   0|    8|          0|
    |tmp_V_1598_reg_5974                                                                         |    8|   0|    8|          0|
    |tmp_V_1599_reg_5979                                                                         |    8|   0|    8|          0|
    |tmp_V_1600_reg_5984                                                                         |    8|   0|    8|          0|
    |tmp_V_1601_reg_5989                                                                         |    8|   0|    8|          0|
    |tmp_V_1602_reg_5994                                                                         |    8|   0|    8|          0|
    |tmp_V_1603_reg_5999                                                                         |    8|   0|    8|          0|
    |tmp_V_1604_reg_6004                                                                         |    8|   0|    8|          0|
    |tmp_V_1605_reg_6009                                                                         |    8|   0|    8|          0|
    |tmp_V_1606_reg_6014                                                                         |    8|   0|    8|          0|
    |tmp_V_1607_reg_6019                                                                         |    8|   0|    8|          0|
    |tmp_V_1608_reg_6024                                                                         |    8|   0|    8|          0|
    |tmp_V_1609_reg_6029                                                                         |    8|   0|    8|          0|
    |tmp_V_1610_reg_6034                                                                         |    8|   0|    8|          0|
    |tmp_V_1611_reg_6039                                                                         |    8|   0|    8|          0|
    |tmp_V_1612_reg_6044                                                                         |    8|   0|    8|          0|
    |tmp_V_1613_reg_6049                                                                         |    8|   0|    8|          0|
    |tmp_V_1614_reg_6054                                                                         |    8|   0|    8|          0|
    |tmp_V_1615_reg_6059                                                                         |    8|   0|    8|          0|
    |tmp_V_1616_reg_6064                                                                         |    8|   0|    8|          0|
    |tmp_V_1617_reg_6069                                                                         |    8|   0|    8|          0|
    |tmp_V_1618_reg_6074                                                                         |    8|   0|    8|          0|
    |tmp_V_1619_reg_6079                                                                         |    8|   0|    8|          0|
    |tmp_V_1620_reg_6084                                                                         |    8|   0|    8|          0|
    |tmp_V_1621_reg_6089                                                                         |    8|   0|    8|          0|
    |tmp_V_1622_reg_6094                                                                         |    8|   0|    8|          0|
    |tmp_V_1623_reg_6099                                                                         |    8|   0|    8|          0|
    |tmp_V_1624_reg_6104                                                                         |    8|   0|    8|          0|
    |tmp_V_1625_reg_6109                                                                         |    8|   0|    8|          0|
    |tmp_V_1626_reg_6114                                                                         |    8|   0|    8|          0|
    |tmp_V_1627_reg_6119                                                                         |    8|   0|    8|          0|
    |tmp_V_1628_reg_6124                                                                         |    8|   0|    8|          0|
    |tmp_V_1629_reg_6129                                                                         |    8|   0|    8|          0|
    |tmp_V_1630_reg_6134                                                                         |    8|   0|    8|          0|
    |tmp_V_1631_reg_6139                                                                         |    8|   0|    8|          0|
    |tmp_V_1632_reg_6144                                                                         |    8|   0|    8|          0|
    |tmp_V_1633_reg_6149                                                                         |    8|   0|    8|          0|
    |tmp_V_1634_reg_6154                                                                         |    8|   0|    8|          0|
    |tmp_V_1635_reg_6159                                                                         |    8|   0|    8|          0|
    |tmp_V_1636_reg_6164                                                                         |    8|   0|    8|          0|
    |tmp_V_1637_reg_6169                                                                         |    8|   0|    8|          0|
    |tmp_V_1638_reg_6174                                                                         |    8|   0|    8|          0|
    |tmp_V_1639_reg_6179                                                                         |    8|   0|    8|          0|
    |tmp_V_1640_reg_6184                                                                         |    8|   0|    8|          0|
    |tmp_V_1641_reg_6189                                                                         |    8|   0|    8|          0|
    |tmp_V_1642_reg_6194                                                                         |    8|   0|    8|          0|
    |tmp_V_1643_reg_6199                                                                         |    8|   0|    8|          0|
    |tmp_V_1644_reg_6204                                                                         |    8|   0|    8|          0|
    |tmp_V_1645_reg_6209                                                                         |    8|   0|    8|          0|
    |tmp_V_1646_reg_6214                                                                         |    8|   0|    8|          0|
    |tmp_V_1647_reg_6219                                                                         |    8|   0|    8|          0|
    |tmp_V_1648_reg_6224                                                                         |    8|   0|    8|          0|
    |tmp_V_1649_reg_6229                                                                         |    8|   0|    8|          0|
    |tmp_V_1650_reg_6234                                                                         |    8|   0|    8|          0|
    |tmp_V_1651_reg_6239                                                                         |    8|   0|    8|          0|
    |tmp_V_1652_reg_6244                                                                         |    8|   0|    8|          0|
    |tmp_V_1653_reg_6249                                                                         |    8|   0|    8|          0|
    |tmp_V_1654_reg_6254                                                                         |    8|   0|    8|          0|
    |tmp_V_1655_reg_6259                                                                         |    8|   0|    8|          0|
    |tmp_V_1656_reg_6264                                                                         |    8|   0|    8|          0|
    |tmp_V_1657_reg_6269                                                                         |    8|   0|    8|          0|
    |tmp_V_1658_reg_6274                                                                         |    8|   0|    8|          0|
    |tmp_V_1659_reg_6279                                                                         |    8|   0|    8|          0|
    |tmp_V_1660_reg_6284                                                                         |    8|   0|    8|          0|
    |tmp_V_1661_reg_6289                                                                         |    8|   0|    8|          0|
    |tmp_V_1662_reg_6294                                                                         |    8|   0|    8|          0|
    |tmp_V_1663_reg_6299                                                                         |    8|   0|    8|          0|
    |tmp_V_1664_reg_6304                                                                         |    8|   0|    8|          0|
    |tmp_V_1665_reg_6309                                                                         |    8|   0|    8|          0|
    |tmp_V_1666_reg_6314                                                                         |    8|   0|    8|          0|
    |tmp_V_1667_reg_6319                                                                         |    8|   0|    8|          0|
    |tmp_V_1668_reg_6324                                                                         |    8|   0|    8|          0|
    |tmp_V_1669_reg_6329                                                                         |    8|   0|    8|          0|
    |tmp_V_1670_reg_6334                                                                         |    8|   0|    8|          0|
    |tmp_V_1671_reg_6339                                                                         |    8|   0|    8|          0|
    |tmp_V_1672_reg_6344                                                                         |    8|   0|    8|          0|
    |tmp_V_1673_reg_6349                                                                         |    8|   0|    8|          0|
    |tmp_V_1674_reg_6354                                                                         |    8|   0|    8|          0|
    |tmp_V_1675_reg_6359                                                                         |    8|   0|    8|          0|
    |tmp_V_1676_reg_6364                                                                         |    8|   0|    8|          0|
    |tmp_V_1677_reg_6369                                                                         |    8|   0|    8|          0|
    |tmp_V_1678_reg_6374                                                                         |    8|   0|    8|          0|
    |tmp_V_1679_reg_6379                                                                         |    8|   0|    8|          0|
    |tmp_V_1680_reg_6384                                                                         |    8|   0|    8|          0|
    |tmp_V_1681_reg_6389                                                                         |    8|   0|    8|          0|
    |tmp_V_1682_reg_6394                                                                         |    8|   0|    8|          0|
    |tmp_V_1683_reg_6399                                                                         |    8|   0|    8|          0|
    |tmp_V_1684_reg_6404                                                                         |    8|   0|    8|          0|
    |tmp_V_1685_reg_6409                                                                         |    8|   0|    8|          0|
    |tmp_V_1686_reg_6414                                                                         |    8|   0|    8|          0|
    |tmp_V_1687_reg_6419                                                                         |    8|   0|    8|          0|
    |tmp_V_1688_reg_6424                                                                         |    8|   0|    8|          0|
    |tmp_V_1689_reg_6429                                                                         |    8|   0|    8|          0|
    |tmp_V_1690_reg_6434                                                                         |    8|   0|    8|          0|
    |tmp_V_1691_reg_6439                                                                         |    8|   0|    8|          0|
    |tmp_V_1692_reg_6444                                                                         |    8|   0|    8|          0|
    |tmp_V_1693_reg_6449                                                                         |    8|   0|    8|          0|
    |tmp_V_1694_reg_6454                                                                         |    8|   0|    8|          0|
    |tmp_V_1695_reg_6459                                                                         |    8|   0|    8|          0|
    |tmp_V_1696_reg_6464                                                                         |    8|   0|    8|          0|
    |tmp_V_1697_reg_6469                                                                         |    8|   0|    8|          0|
    |tmp_V_1698_reg_6474                                                                         |    8|   0|    8|          0|
    |tmp_V_1699_reg_6479                                                                         |    8|   0|    8|          0|
    |tmp_V_1700_reg_6484                                                                         |    8|   0|    8|          0|
    |tmp_V_1701_reg_6489                                                                         |    8|   0|    8|          0|
    |tmp_V_1702_reg_6494                                                                         |    8|   0|    8|          0|
    |tmp_V_1703_reg_6499                                                                         |    8|   0|    8|          0|
    |tmp_V_1704_reg_6504                                                                         |    8|   0|    8|          0|
    |tmp_V_1705_reg_6509                                                                         |    8|   0|    8|          0|
    |tmp_V_1706_reg_6514                                                                         |    8|   0|    8|          0|
    |tmp_V_1707_reg_6519                                                                         |    8|   0|    8|          0|
    |tmp_V_1708_reg_6524                                                                         |    8|   0|    8|          0|
    |tmp_V_1709_reg_6529                                                                         |    8|   0|    8|          0|
    |tmp_V_1710_reg_6534                                                                         |    8|   0|    8|          0|
    |tmp_V_1711_reg_6539                                                                         |    8|   0|    8|          0|
    |tmp_V_1712_reg_6544                                                                         |    8|   0|    8|          0|
    |tmp_V_1713_reg_6549                                                                         |    8|   0|    8|          0|
    |tmp_V_1714_reg_6554                                                                         |    8|   0|    8|          0|
    |tmp_V_1715_reg_6559                                                                         |    8|   0|    8|          0|
    |tmp_V_1716_reg_6564                                                                         |    8|   0|    8|          0|
    |tmp_V_1717_reg_6569                                                                         |    8|   0|    8|          0|
    |tmp_V_1718_reg_6574                                                                         |    8|   0|    8|          0|
    |tmp_V_1719_reg_6579                                                                         |    8|   0|    8|          0|
    |tmp_V_1720_reg_6584                                                                         |    8|   0|    8|          0|
    |tmp_V_1721_reg_6589                                                                         |    8|   0|    8|          0|
    |tmp_V_1722_reg_6594                                                                         |    8|   0|    8|          0|
    |tmp_V_1723_reg_6599                                                                         |    8|   0|    8|          0|
    |tmp_V_1724_reg_6604                                                                         |    8|   0|    8|          0|
    |tmp_V_1725_reg_6609                                                                         |    8|   0|    8|          0|
    |tmp_V_1726_reg_6614                                                                         |    8|   0|    8|          0|
    |tmp_V_1727_reg_6619                                                                         |    8|   0|    8|          0|
    |tmp_V_1728_reg_6624                                                                         |    8|   0|    8|          0|
    |tmp_V_1729_reg_6629                                                                         |    8|   0|    8|          0|
    |tmp_V_1730_reg_6634                                                                         |    8|   0|    8|          0|
    |tmp_V_1731_reg_6639                                                                         |    8|   0|    8|          0|
    |tmp_V_1732_reg_6644                                                                         |    8|   0|    8|          0|
    |tmp_V_1733_reg_6649                                                                         |    8|   0|    8|          0|
    |tmp_V_1734_reg_6654                                                                         |    8|   0|    8|          0|
    |tmp_V_1735_reg_6659                                                                         |    8|   0|    8|          0|
    |tmp_V_1736_reg_6664                                                                         |    8|   0|    8|          0|
    |tmp_V_1737_reg_6669                                                                         |    8|   0|    8|          0|
    |tmp_V_1738_reg_6674                                                                         |    8|   0|    8|          0|
    |tmp_V_1739_reg_6679                                                                         |    8|   0|    8|          0|
    |tmp_V_1740_reg_6684                                                                         |    8|   0|    8|          0|
    |tmp_V_1741_reg_6689                                                                         |    8|   0|    8|          0|
    |tmp_V_1742_reg_6694                                                                         |    8|   0|    8|          0|
    |tmp_V_1743_reg_6699                                                                         |    8|   0|    8|          0|
    |tmp_V_1744_reg_6704                                                                         |    8|   0|    8|          0|
    |tmp_V_1745_reg_6709                                                                         |    8|   0|    8|          0|
    |tmp_V_1746_reg_6714                                                                         |    8|   0|    8|          0|
    |tmp_V_1747_reg_6719                                                                         |    8|   0|    8|          0|
    |tmp_V_1748_reg_6724                                                                         |    8|   0|    8|          0|
    |tmp_V_1749_reg_6729                                                                         |    8|   0|    8|          0|
    |tmp_V_1750_reg_6734                                                                         |    8|   0|    8|          0|
    |tmp_V_1751_reg_6739                                                                         |    8|   0|    8|          0|
    |tmp_V_1752_reg_6744                                                                         |    8|   0|    8|          0|
    |tmp_V_1753_reg_6749                                                                         |    8|   0|    8|          0|
    |tmp_V_1754_reg_6754                                                                         |    8|   0|    8|          0|
    |tmp_V_1755_reg_6759                                                                         |    8|   0|    8|          0|
    |tmp_V_1756_reg_6764                                                                         |    8|   0|    8|          0|
    |tmp_V_1757_reg_6769                                                                         |    8|   0|    8|          0|
    |tmp_V_1758_reg_6774                                                                         |    8|   0|    8|          0|
    |tmp_V_1759_reg_6779                                                                         |    8|   0|    8|          0|
    |tmp_V_1760_reg_6784                                                                         |    8|   0|    8|          0|
    |tmp_V_1761_reg_6789                                                                         |    8|   0|    8|          0|
    |tmp_V_1762_reg_6794                                                                         |    8|   0|    8|          0|
    |tmp_V_1763_reg_6799                                                                         |    8|   0|    8|          0|
    |tmp_V_1764_reg_6804                                                                         |    8|   0|    8|          0|
    |tmp_V_1765_reg_6809                                                                         |    8|   0|    8|          0|
    |tmp_V_1766_reg_6814                                                                         |    8|   0|    8|          0|
    |tmp_V_1767_reg_6819                                                                         |    8|   0|    8|          0|
    |tmp_V_1768_reg_6824                                                                         |    8|   0|    8|          0|
    |tmp_V_1769_reg_6829                                                                         |    8|   0|    8|          0|
    |tmp_V_1770_reg_6834                                                                         |    8|   0|    8|          0|
    |tmp_V_1771_reg_6839                                                                         |    8|   0|    8|          0|
    |tmp_V_1772_reg_6844                                                                         |    8|   0|    8|          0|
    |tmp_V_1773_reg_6849                                                                         |    8|   0|    8|          0|
    |tmp_V_1774_reg_6854                                                                         |    8|   0|    8|          0|
    |tmp_V_1775_reg_6859                                                                         |    8|   0|    8|          0|
    |tmp_V_1776_reg_6864                                                                         |    8|   0|    8|          0|
    |tmp_V_1777_reg_6869                                                                         |    8|   0|    8|          0|
    |tmp_V_1778_reg_6874                                                                         |    8|   0|    8|          0|
    |tmp_V_1779_reg_6879                                                                         |    8|   0|    8|          0|
    |tmp_V_1780_reg_6884                                                                         |    8|   0|    8|          0|
    |tmp_V_1781_reg_6889                                                                         |    8|   0|    8|          0|
    |tmp_V_1782_reg_6894                                                                         |    8|   0|    8|          0|
    |tmp_V_1783_reg_6899                                                                         |    8|   0|    8|          0|
    |tmp_V_1784_reg_6904                                                                         |    8|   0|    8|          0|
    |tmp_V_1785_reg_6909                                                                         |    8|   0|    8|          0|
    |tmp_V_1786_reg_6914                                                                         |    8|   0|    8|          0|
    |tmp_V_1787_reg_6919                                                                         |    8|   0|    8|          0|
    |tmp_V_1788_reg_6924                                                                         |    8|   0|    8|          0|
    |tmp_V_1789_reg_6929                                                                         |    8|   0|    8|          0|
    |tmp_V_1790_reg_6934                                                                         |    8|   0|    8|          0|
    |tmp_V_1791_reg_6939                                                                         |    8|   0|    8|          0|
    |tmp_V_1792_reg_6944                                                                         |    8|   0|    8|          0|
    |tmp_V_1793_reg_6949                                                                         |    8|   0|    8|          0|
    |tmp_V_1794_reg_6954                                                                         |    8|   0|    8|          0|
    |tmp_V_1795_reg_6959                                                                         |    8|   0|    8|          0|
    |tmp_V_1796_reg_6964                                                                         |    8|   0|    8|          0|
    |tmp_V_1797_reg_6969                                                                         |    8|   0|    8|          0|
    |tmp_V_1798_reg_6974                                                                         |    8|   0|    8|          0|
    |tmp_V_1799_reg_6979                                                                         |    8|   0|    8|          0|
    |tmp_V_1800_reg_6984                                                                         |    8|   0|    8|          0|
    |tmp_V_1801_reg_6989                                                                         |    8|   0|    8|          0|
    |tmp_V_reg_5033                                                                              |    8|   0|    8|          0|
    +--------------------------------------------------------------------------------------------+-----+----+-----+-----------+
    |Total                                                                                       | 3741|   0| 3741|          0|
    +--------------------------------------------------------------------------------------------+-----+----+-----+-----------+



================================================================
== Interface
================================================================
* Summary: 
+------------------+-----+-----+------------+-------------------------------------------------------------------------------+--------------+
|     RTL Ports    | Dir | Bits|  Protocol  |                                 Source Object                                 |    C Type    |
+------------------+-----+-----+------------+-------------------------------------------------------------------------------+--------------+
|ap_clk            |  in |    1| ap_ctrl_hs | conv_2d_cl_switch<ap_fixed<8, 2, 5, 3, 0>, ap_fixed<8, 2, 4, 0, 0>, config70> | return value |
|ap_rst            |  in |    1| ap_ctrl_hs | conv_2d_cl_switch<ap_fixed<8, 2, 5, 3, 0>, ap_fixed<8, 2, 4, 0, 0>, config70> | return value |
|ap_start          |  in |    1| ap_ctrl_hs | conv_2d_cl_switch<ap_fixed<8, 2, 5, 3, 0>, ap_fixed<8, 2, 4, 0, 0>, config70> | return value |
|start_full_n      |  in |    1| ap_ctrl_hs | conv_2d_cl_switch<ap_fixed<8, 2, 5, 3, 0>, ap_fixed<8, 2, 4, 0, 0>, config70> | return value |
|ap_done           | out |    1| ap_ctrl_hs | conv_2d_cl_switch<ap_fixed<8, 2, 5, 3, 0>, ap_fixed<8, 2, 4, 0, 0>, config70> | return value |
|ap_continue       |  in |    1| ap_ctrl_hs | conv_2d_cl_switch<ap_fixed<8, 2, 5, 3, 0>, ap_fixed<8, 2, 4, 0, 0>, config70> | return value |
|ap_idle           | out |    1| ap_ctrl_hs | conv_2d_cl_switch<ap_fixed<8, 2, 5, 3, 0>, ap_fixed<8, 2, 4, 0, 0>, config70> | return value |
|ap_ready          | out |    1| ap_ctrl_hs | conv_2d_cl_switch<ap_fixed<8, 2, 5, 3, 0>, ap_fixed<8, 2, 4, 0, 0>, config70> | return value |
|start_out         | out |    1| ap_ctrl_hs | conv_2d_cl_switch<ap_fixed<8, 2, 5, 3, 0>, ap_fixed<8, 2, 4, 0, 0>, config70> | return value |
|start_write       | out |    1| ap_ctrl_hs | conv_2d_cl_switch<ap_fixed<8, 2, 5, 3, 0>, ap_fixed<8, 2, 4, 0, 0>, config70> | return value |
|data_V_V_dout     |  in |    8|   ap_fifo  |                                    data_V_V                                   |    pointer   |
|data_V_V_empty_n  |  in |    1|   ap_fifo  |                                    data_V_V                                   |    pointer   |
|data_V_V_read     | out |    1|   ap_fifo  |                                    data_V_V                                   |    pointer   |
|res_V_V_din       | out |    8|   ap_fifo  |                                    res_V_V                                    |    pointer   |
|res_V_V_full_n    |  in |    1|   ap_fifo  |                                    res_V_V                                    |    pointer   |
|res_V_V_write     | out |    1|   ap_fifo  |                                    res_V_V                                    |    pointer   |
+------------------+-----+-----+------------+-------------------------------------------------------------------------------+--------------+

