

================================================================
== Vivado HLS Report for 'dense_ss_test_ap_fixed_8_2_4_0_0_ap_fixed_8_2_4_0_0_config7_s'
================================================================
* Date:           Sat Jan 21 03:32:32 2023

* Version:        2019.2 (Build 2704478 on Wed Nov 06 22:10:23 MST 2019)
* Project:        alveo_hls4ml
* Solution:       solution
* Product family: virtexuplus
* Target device:  xcu50-fsvh2104-2L-e


================================================================
== Performance Estimates
================================================================
+ Timing: 
    * Summary: 
    +--------+---------+----------+------------+
    |  Clock |  Target | Estimated| Uncertainty|
    +--------+---------+----------+------------+
    |ap_clk  | 4.00 ns | 3.029 ns |   0.90 ns  |
    +--------+---------+----------+------------+

+ Latency: 
    * Summary: 
    +---------+---------+----------+----------+-----+-----+---------+
    |  Latency (cycles) |  Latency (absolute) |  Interval | Pipeline|
    |   min   |   max   |    min   |    max   | min | max |   Type  |
    +---------+---------+----------+----------+-----+-----+---------+
    |      519|      519| 2.076 us | 2.076 us |  519|  519|   none  |
    +---------+---------+----------+----------+-----+-----+---------+

    + Detail: 
        * Instance: 
        N/A

        * Loop: 
        +--------------+---------+---------+----------+-----------+-----------+------+----------+
        |              |  Latency (cycles) | Iteration|  Initiation Interval  | Trip |          |
        |   Loop Name  |   min   |   max   |  Latency |  achieved |   target  | Count| Pipelined|
        +--------------+---------+---------+----------+-----------+-----------+------+----------+
        |- Loop 1      |      128|      128|         2|          1|          1|   128|    yes   |
        |- Loop 2      |      257|      257|         3|          1|          1|   256|    yes   |
        |- ResWrite_L  |      128|      128|         2|          1|          1|   128|    yes   |
        +--------------+---------+---------+----------+-----------+-----------+------+----------+



================================================================
== Utilization Estimates
================================================================
* Summary: 
+---------------------+---------+-------+---------+--------+-----+
|         Name        | BRAM_18K| DSP48E|    FF   |   LUT  | URAM|
+---------------------+---------+-------+---------+--------+-----+
|DSP                  |        -|      -|        -|       -|    -|
|Expression           |        -|      0|        0|   11543|    -|
|FIFO                 |        -|      -|        -|       -|    -|
|Instance             |        -|      -|        0|    1362|    -|
|Memory               |       31|      -|        0|       0|    0|
|Multiplexer          |        -|      -|        -|    1382|    -|
|Register             |        -|      -|     4746|       -|    -|
+---------------------+---------+-------+---------+--------+-----+
|Total                |       31|      0|     4746|   14287|    0|
+---------------------+---------+-------+---------+--------+-----+
|Available SLR        |     1344|   2976|   871680|  435840|  320|
+---------------------+---------+-------+---------+--------+-----+
|Utilization SLR (%)  |        2|      0|    ~0   |       3|    0|
+---------------------+---------+-------+---------+--------+-----+
|Available            |     2688|   5952|  1743360|  871680|  640|
+---------------------+---------+-------+---------+--------+-----+
|Utilization (%)      |        1|      0|    ~0   |       1|    0|
+---------------------+---------+-------+---------+--------+-----+

+ Detail: 
    * Instance: 
    +----------------------------------+------------------------------+---------+-------+---+------+-----+
    |             Instance             |            Module            | BRAM_18K| DSP48E| FF|  LUT | URAM|
    +----------------------------------+------------------------------+---------+-------+---+------+-----+
    |alveo_hls4ml_mux_1288_32_1_1_U56  |alveo_hls4ml_mux_1288_32_1_1  |        0|      0|  0|  1362|    0|
    +----------------------------------+------------------------------+---------+-------+---+------+-----+
    |Total                             |                              |        0|      0|  0|  1362|    0|
    +----------------------------------+------------------------------+---------+-------+---+------+-----+

    * DSP48E: 
    N/A

    * Memory: 
    +--------------+-------------------------------------------------------------------------------+---------+---+----+-----+------+-----+------+-------------+
    |    Memory    |                                     Module                                    | BRAM_18K| FF| LUT| URAM| Words| Bits| Banks| W*Bits*Banks|
    +--------------+-------------------------------------------------------------------------------+---------+---+----+-----+------+-----+------+-------------+
    |tmpdata_V_U   |dense_ss_test_ap_fixed_8_2_4_0_0_ap_fixed_8_2_4_0_0_config3_mult2_s_tmpdata_V  |        1|  0|   0|    0|   128|    8|     1|         1024|
    |w7_new_V_0_U  |dense_ss_test_ap_fixed_8_2_4_0_0_ap_fixed_8_2_4_0_0_config7_s_w7_new_V_0       |       15|  0|   0|    0|   128|  512|     1|        65536|
    |w7_new_V_1_U  |dense_ss_test_ap_fixed_8_2_4_0_0_ap_fixed_8_2_4_0_0_config7_s_w7_new_V_1       |       15|  0|   0|    0|   128|  512|     1|        65536|
    +--------------+-------------------------------------------------------------------------------+---------+---+----+-----+------+-----+------+-------------+
    |Total         |                                                                               |       31|  0|   0|    0|   384| 1032|     3|       132096|
    +--------------+-------------------------------------------------------------------------------+---------+---+----+-----+------+-----+------+-------------+

    * FIFO: 
    N/A

    * Expression: 
    +-----------------------------------+----------+-------+---+-----+------------+------------+
    |           Variable Name           | Operation| DSP48E| FF| LUT | Bitwidth P0| Bitwidth P1|
    +-----------------------------------+----------+-------+---+-----+------------+------------+
    |mul_ln1118_1769_fu_3903_p2         |     *    |      0|  0|   40|           8|           8|
    |mul_ln1118_1770_fu_3951_p2         |     *    |      0|  0|   40|           8|           8|
    |mul_ln1118_1771_fu_3999_p2         |     *    |      0|  0|   40|           8|           8|
    |mul_ln1118_1772_fu_4047_p2         |     *    |      0|  0|   40|           8|           8|
    |mul_ln1118_1773_fu_4095_p2         |     *    |      0|  0|   40|           8|           8|
    |mul_ln1118_1774_fu_4143_p2         |     *    |      0|  0|   40|           8|           8|
    |mul_ln1118_1775_fu_4191_p2         |     *    |      0|  0|   40|           8|           8|
    |mul_ln1118_1776_fu_4239_p2         |     *    |      0|  0|   40|           8|           8|
    |mul_ln1118_1777_fu_4287_p2         |     *    |      0|  0|   40|           8|           8|
    |mul_ln1118_1778_fu_4335_p2         |     *    |      0|  0|   40|           8|           8|
    |mul_ln1118_1779_fu_4383_p2         |     *    |      0|  0|   40|           8|           8|
    |mul_ln1118_1780_fu_4431_p2         |     *    |      0|  0|   40|           8|           8|
    |mul_ln1118_1781_fu_4479_p2         |     *    |      0|  0|   40|           8|           8|
    |mul_ln1118_1782_fu_4527_p2         |     *    |      0|  0|   40|           8|           8|
    |mul_ln1118_1783_fu_4575_p2         |     *    |      0|  0|   40|           8|           8|
    |mul_ln1118_1784_fu_4623_p2         |     *    |      0|  0|   40|           8|           8|
    |mul_ln1118_1785_fu_4671_p2         |     *    |      0|  0|   40|           8|           8|
    |mul_ln1118_1786_fu_4719_p2         |     *    |      0|  0|   40|           8|           8|
    |mul_ln1118_1787_fu_4767_p2         |     *    |      0|  0|   40|           8|           8|
    |mul_ln1118_1788_fu_4815_p2         |     *    |      0|  0|   40|           8|           8|
    |mul_ln1118_1789_fu_4863_p2         |     *    |      0|  0|   40|           8|           8|
    |mul_ln1118_1790_fu_4911_p2         |     *    |      0|  0|   40|           8|           8|
    |mul_ln1118_1791_fu_4959_p2         |     *    |      0|  0|   40|           8|           8|
    |mul_ln1118_1792_fu_5007_p2         |     *    |      0|  0|   40|           8|           8|
    |mul_ln1118_1793_fu_5055_p2         |     *    |      0|  0|   40|           8|           8|
    |mul_ln1118_1794_fu_5103_p2         |     *    |      0|  0|   40|           8|           8|
    |mul_ln1118_1795_fu_5151_p2         |     *    |      0|  0|   40|           8|           8|
    |mul_ln1118_1796_fu_5199_p2         |     *    |      0|  0|   40|           8|           8|
    |mul_ln1118_1797_fu_5247_p2         |     *    |      0|  0|   40|           8|           8|
    |mul_ln1118_1798_fu_5295_p2         |     *    |      0|  0|   40|           8|           8|
    |mul_ln1118_1799_fu_5343_p2         |     *    |      0|  0|   40|           8|           8|
    |mul_ln1118_1800_fu_5391_p2         |     *    |      0|  0|   40|           8|           8|
    |mul_ln1118_1801_fu_5439_p2         |     *    |      0|  0|   40|           8|           8|
    |mul_ln1118_1802_fu_5487_p2         |     *    |      0|  0|   40|           8|           8|
    |mul_ln1118_1803_fu_5535_p2         |     *    |      0|  0|   40|           8|           8|
    |mul_ln1118_1804_fu_5583_p2         |     *    |      0|  0|   40|           8|           8|
    |mul_ln1118_1805_fu_5631_p2         |     *    |      0|  0|   40|           8|           8|
    |mul_ln1118_1806_fu_5679_p2         |     *    |      0|  0|   40|           8|           8|
    |mul_ln1118_1807_fu_5727_p2         |     *    |      0|  0|   40|           8|           8|
    |mul_ln1118_1808_fu_5775_p2         |     *    |      0|  0|   40|           8|           8|
    |mul_ln1118_1809_fu_5823_p2         |     *    |      0|  0|   40|           8|           8|
    |mul_ln1118_1810_fu_5871_p2         |     *    |      0|  0|   40|           8|           8|
    |mul_ln1118_1811_fu_5919_p2         |     *    |      0|  0|   40|           8|           8|
    |mul_ln1118_1812_fu_5967_p2         |     *    |      0|  0|   40|           8|           8|
    |mul_ln1118_1813_fu_6015_p2         |     *    |      0|  0|   40|           8|           8|
    |mul_ln1118_1814_fu_6063_p2         |     *    |      0|  0|   40|           8|           8|
    |mul_ln1118_1815_fu_6111_p2         |     *    |      0|  0|   40|           8|           8|
    |mul_ln1118_1816_fu_6159_p2         |     *    |      0|  0|   40|           8|           8|
    |mul_ln1118_1817_fu_6207_p2         |     *    |      0|  0|   40|           8|           8|
    |mul_ln1118_1818_fu_6255_p2         |     *    |      0|  0|   40|           8|           8|
    |mul_ln1118_1819_fu_6303_p2         |     *    |      0|  0|   40|           8|           8|
    |mul_ln1118_1820_fu_6351_p2         |     *    |      0|  0|   40|           8|           8|
    |mul_ln1118_1821_fu_6399_p2         |     *    |      0|  0|   40|           8|           8|
    |mul_ln1118_1822_fu_6447_p2         |     *    |      0|  0|   40|           8|           8|
    |mul_ln1118_1823_fu_6495_p2         |     *    |      0|  0|   40|           8|           8|
    |mul_ln1118_1824_fu_6543_p2         |     *    |      0|  0|   40|           8|           8|
    |mul_ln1118_1825_fu_6591_p2         |     *    |      0|  0|   40|           8|           8|
    |mul_ln1118_1826_fu_6639_p2         |     *    |      0|  0|   40|           8|           8|
    |mul_ln1118_1827_fu_6687_p2         |     *    |      0|  0|   40|           8|           8|
    |mul_ln1118_1828_fu_6735_p2         |     *    |      0|  0|   40|           8|           8|
    |mul_ln1118_1829_fu_6783_p2         |     *    |      0|  0|   40|           8|           8|
    |mul_ln1118_1830_fu_6831_p2         |     *    |      0|  0|   40|           8|           8|
    |mul_ln1118_1831_fu_6879_p2         |     *    |      0|  0|   40|           8|           8|
    |mul_ln1118_fu_3855_p2              |     *    |      0|  0|   40|           8|           8|
    |acc_0_1_V_28_fu_3880_p2            |     +    |      0|  0|   32|          32|          32|
    |acc_10_1_V_28_fu_4360_p2           |     +    |      0|  0|   32|          32|          32|
    |acc_11_1_V_28_fu_4408_p2           |     +    |      0|  0|   32|          32|          32|
    |acc_12_1_V_28_fu_4456_p2           |     +    |      0|  0|   32|          32|          32|
    |acc_13_1_V_28_fu_4504_p2           |     +    |      0|  0|   32|          32|          32|
    |acc_14_1_V_28_fu_4552_p2           |     +    |      0|  0|   32|          32|          32|
    |acc_15_1_V_28_fu_4600_p2           |     +    |      0|  0|   32|          32|          32|
    |acc_16_1_V_28_fu_4648_p2           |     +    |      0|  0|   32|          32|          32|
    |acc_17_1_V_28_fu_4696_p2           |     +    |      0|  0|   32|          32|          32|
    |acc_18_1_V_28_fu_4744_p2           |     +    |      0|  0|   32|          32|          32|
    |acc_19_1_V_28_fu_4792_p2           |     +    |      0|  0|   32|          32|          32|
    |acc_1_1_V_28_fu_3928_p2            |     +    |      0|  0|   32|          32|          32|
    |acc_20_1_V_28_fu_4840_p2           |     +    |      0|  0|   32|          32|          32|
    |acc_21_1_V_28_fu_4888_p2           |     +    |      0|  0|   32|          32|          32|
    |acc_22_1_V_28_fu_4936_p2           |     +    |      0|  0|   32|          32|          32|
    |acc_23_1_V_28_fu_4984_p2           |     +    |      0|  0|   32|          32|          32|
    |acc_24_1_V_28_fu_5032_p2           |     +    |      0|  0|   32|          32|          32|
    |acc_25_1_V_28_fu_5080_p2           |     +    |      0|  0|   32|          32|          32|
    |acc_26_1_V_28_fu_5128_p2           |     +    |      0|  0|   32|          32|          32|
    |acc_27_1_V_28_fu_5176_p2           |     +    |      0|  0|   32|          32|          32|
    |acc_28_1_V_28_fu_5224_p2           |     +    |      0|  0|   32|          32|          32|
    |acc_29_1_V_28_fu_5272_p2           |     +    |      0|  0|   32|          32|          32|
    |acc_2_1_V_28_fu_3976_p2            |     +    |      0|  0|   32|          32|          32|
    |acc_30_1_V_28_fu_5320_p2           |     +    |      0|  0|   32|          32|          32|
    |acc_31_1_V_28_fu_5368_p2           |     +    |      0|  0|   32|          32|          32|
    |acc_32_1_V_28_fu_5416_p2           |     +    |      0|  0|   32|          32|          32|
    |acc_33_1_V_28_fu_5464_p2           |     +    |      0|  0|   32|          32|          32|
    |acc_34_1_V_28_fu_5512_p2           |     +    |      0|  0|   32|          32|          32|
    |acc_35_1_V_28_fu_5560_p2           |     +    |      0|  0|   32|          32|          32|
    |acc_36_1_V_28_fu_5608_p2           |     +    |      0|  0|   32|          32|          32|
    |acc_37_1_V_28_fu_5656_p2           |     +    |      0|  0|   32|          32|          32|
    |acc_38_1_V_28_fu_5704_p2           |     +    |      0|  0|   32|          32|          32|
    |acc_39_1_V_28_fu_5752_p2           |     +    |      0|  0|   32|          32|          32|
    |acc_3_1_V_28_fu_4024_p2            |     +    |      0|  0|   32|          32|          32|
    |acc_40_1_V_28_fu_5800_p2           |     +    |      0|  0|   32|          32|          32|
    |acc_41_1_V_28_fu_5848_p2           |     +    |      0|  0|   32|          32|          32|
    |acc_42_1_V_28_fu_5896_p2           |     +    |      0|  0|   32|          32|          32|
    |acc_43_1_V_28_fu_5944_p2           |     +    |      0|  0|   32|          32|          32|
    |acc_44_1_V_28_fu_5992_p2           |     +    |      0|  0|   32|          32|          32|
    |acc_45_1_V_28_fu_6040_p2           |     +    |      0|  0|   32|          32|          32|
    |acc_46_1_V_28_fu_6088_p2           |     +    |      0|  0|   32|          32|          32|
    |acc_47_1_V_28_fu_6136_p2           |     +    |      0|  0|   32|          32|          32|
    |acc_48_1_V_28_fu_6184_p2           |     +    |      0|  0|   32|          32|          32|
    |acc_49_1_V_28_fu_6232_p2           |     +    |      0|  0|   32|          32|          32|
    |acc_4_1_V_28_fu_4072_p2            |     +    |      0|  0|   32|          32|          32|
    |acc_50_1_V_28_fu_6280_p2           |     +    |      0|  0|   32|          32|          32|
    |acc_51_1_V_28_fu_6328_p2           |     +    |      0|  0|   32|          32|          32|
    |acc_52_1_V_28_fu_6376_p2           |     +    |      0|  0|   32|          32|          32|
    |acc_53_1_V_28_fu_6424_p2           |     +    |      0|  0|   32|          32|          32|
    |acc_54_1_V_28_fu_6472_p2           |     +    |      0|  0|   32|          32|          32|
    |acc_55_1_V_28_fu_6520_p2           |     +    |      0|  0|   32|          32|          32|
    |acc_56_1_V_28_fu_6568_p2           |     +    |      0|  0|   32|          32|          32|
    |acc_57_1_V_28_fu_6616_p2           |     +    |      0|  0|   32|          32|          32|
    |acc_58_1_V_28_fu_6664_p2           |     +    |      0|  0|   32|          32|          32|
    |acc_59_1_V_28_fu_6712_p2           |     +    |      0|  0|   32|          32|          32|
    |acc_5_1_V_28_fu_4120_p2            |     +    |      0|  0|   32|          32|          32|
    |acc_60_1_V_28_fu_6760_p2           |     +    |      0|  0|   32|          32|          32|
    |acc_61_1_V_28_fu_6808_p2           |     +    |      0|  0|   32|          32|          32|
    |acc_62_1_V_28_fu_6856_p2           |     +    |      0|  0|   32|          32|          32|
    |acc_63_1_V_28_fu_6904_p2           |     +    |      0|  0|   32|          32|          32|
    |acc_6_1_V_28_fu_4168_p2            |     +    |      0|  0|   32|          32|          32|
    |acc_7_1_V_28_fu_4216_p2            |     +    |      0|  0|   32|          32|          32|
    |acc_8_1_V_28_fu_4264_p2            |     +    |      0|  0|   32|          32|          32|
    |acc_9_1_V_28_fu_4312_p2            |     +    |      0|  0|   32|          32|          32|
    |add_ln652_fu_2076_p2               |     +    |      0|  0|    9|           9|           1|
    |add_ln665_fu_6930_p2               |     +    |      0|  0|    8|           8|           1|
    |i_in_11_fu_2082_p2                 |     +    |      0|  0|    8|           1|           8|
    |i_in_fu_2059_p2                    |     +    |      0|  0|    8|           8|           1|
    |iacc2_fu_7358_p2                   |     +    |      0|  0|    7|           1|           7|
    |iacc_9_fu_2127_p2                  |     +    |      0|  0|    3|           1|           2|
    |iacc_fu_6936_p2                    |     +    |      0|  0|    3|           1|           2|
    |tmpres_V_9_fu_7306_p2              |     +    |      0|  0|    8|           8|           8|
    |and_ln415_fu_7296_p2               |    and   |      0|  0|    2|           1|           1|
    |and_ln779_fu_7409_p2               |    and   |      0|  0|    2|           1|           1|
    |and_ln781_fu_7421_p2               |    and   |      0|  0|    2|           1|           1|
    |and_ln786_fu_7448_p2               |    and   |      0|  0|    2|           1|           1|
    |ap_block_pp0_stage0_11001          |    and   |      0|  0|    2|           1|           1|
    |ap_block_pp2_stage0_01001          |    and   |      0|  0|    2|           1|           1|
    |ap_block_state10_pp2_stage0_iter1  |    and   |      0|  0|    2|           1|           1|
    |ap_block_state3_pp0_stage0_iter1   |    and   |      0|  0|    2|           1|           1|
    |carry_15_fu_7384_p2                |    and   |      0|  0|    2|           1|           1|
    |overflow_fu_7442_p2                |    and   |      0|  0|    2|           1|           1|
    |underflow_fu_7465_p2               |    and   |      0|  0|    2|           1|           1|
    |Range1_all_ones_fu_7346_p2         |   icmp   |      0|  0|   13|          14|           2|
    |Range1_all_zeros_fu_7352_p2        |   icmp   |      0|  0|   13|          14|           1|
    |Range2_all_ones_fu_7330_p2         |   icmp   |      0|  0|   13|          13|           2|
    |icmp_ln648_fu_2053_p2              |   icmp   |      0|  0|   13|           8|           9|
    |icmp_ln652_fu_2070_p2              |   icmp   |      0|  0|   13|           9|          10|
    |icmp_ln653_fu_2088_p2              |   icmp   |      0|  0|    9|           2|           3|
    |icmp_ln659_fu_2117_p2              |   icmp   |      0|  0|    8|           2|           1|
    |icmp_ln665_fu_6924_p2              |   icmp   |      0|  0|   13|           8|           9|
    |icmp_ln667_fu_6942_p2              |   icmp   |      0|  0|   11|           7|           8|
    |r_15_fu_7276_p2                    |   icmp   |      0|  0|   13|           9|           1|
    |ap_block_state1                    |    or    |      0|  0|    2|           1|           1|
    |or_ln340_29_fu_7482_p2             |    or    |      0|  0|    2|           1|           1|
    |or_ln340_30_fu_7476_p2             |    or    |      0|  0|    2|           1|           1|
    |or_ln340_fu_7470_p2                |    or    |      0|  0|    2|           1|           1|
    |or_ln785_fu_7432_p2                |    or    |      0|  0|    2|           1|           1|
    |or_ln786_fu_7453_p2                |    or    |      0|  0|    2|           1|           1|
    |r_fu_7282_p2                       |    or    |      0|  0|    2|           1|           1|
    |acc_0_1_V_27_fu_3893_p3            |  select  |      0|  0|   32|           1|          32|
    |acc_0_1_V_fu_3886_p3               |  select  |      0|  0|   32|           1|          32|
    |acc_10_1_V_27_fu_4373_p3           |  select  |      0|  0|   32|           1|          32|
    |acc_10_1_V_fu_4366_p3              |  select  |      0|  0|   32|           1|          32|
    |acc_11_1_V_27_fu_4421_p3           |  select  |      0|  0|   32|           1|          32|
    |acc_11_1_V_fu_4414_p3              |  select  |      0|  0|   32|           1|          32|
    |acc_12_1_V_27_fu_4469_p3           |  select  |      0|  0|   32|           1|          32|
    |acc_12_1_V_fu_4462_p3              |  select  |      0|  0|   32|           1|          32|
    |acc_13_1_V_27_fu_4517_p3           |  select  |      0|  0|   32|           1|          32|
    |acc_13_1_V_fu_4510_p3              |  select  |      0|  0|   32|           1|          32|
    |acc_14_1_V_27_fu_4565_p3           |  select  |      0|  0|   32|           1|          32|
    |acc_14_1_V_fu_4558_p3              |  select  |      0|  0|   32|           1|          32|
    |acc_15_1_V_27_fu_4613_p3           |  select  |      0|  0|   32|           1|          32|
    |acc_15_1_V_fu_4606_p3              |  select  |      0|  0|   32|           1|          32|
    |acc_16_1_V_27_fu_4661_p3           |  select  |      0|  0|   32|           1|          32|
    |acc_16_1_V_fu_4654_p3              |  select  |      0|  0|   32|           1|          32|
    |acc_17_1_V_27_fu_4709_p3           |  select  |      0|  0|   32|           1|          32|
    |acc_17_1_V_fu_4702_p3              |  select  |      0|  0|   32|           1|          32|
    |acc_18_1_V_27_fu_4757_p3           |  select  |      0|  0|   32|           1|          32|
    |acc_18_1_V_fu_4750_p3              |  select  |      0|  0|   32|           1|          32|
    |acc_19_1_V_27_fu_4805_p3           |  select  |      0|  0|   32|           1|          32|
    |acc_19_1_V_fu_4798_p3              |  select  |      0|  0|   32|           1|          32|
    |acc_1_1_V_27_fu_3941_p3            |  select  |      0|  0|   32|           1|          32|
    |acc_1_1_V_fu_3934_p3               |  select  |      0|  0|   32|           1|          32|
    |acc_20_1_V_27_fu_4853_p3           |  select  |      0|  0|   32|           1|          32|
    |acc_20_1_V_fu_4846_p3              |  select  |      0|  0|   32|           1|          32|
    |acc_21_1_V_27_fu_4901_p3           |  select  |      0|  0|   32|           1|          32|
    |acc_21_1_V_fu_4894_p3              |  select  |      0|  0|   32|           1|          32|
    |acc_22_1_V_27_fu_4949_p3           |  select  |      0|  0|   32|           1|          32|
    |acc_22_1_V_fu_4942_p3              |  select  |      0|  0|   32|           1|          32|
    |acc_23_1_V_27_fu_4997_p3           |  select  |      0|  0|   32|           1|          32|
    |acc_23_1_V_fu_4990_p3              |  select  |      0|  0|   32|           1|          32|
    |acc_24_1_V_27_fu_5045_p3           |  select  |      0|  0|   32|           1|          32|
    |acc_24_1_V_fu_5038_p3              |  select  |      0|  0|   32|           1|          32|
    |acc_25_1_V_27_fu_5093_p3           |  select  |      0|  0|   32|           1|          32|
    |acc_25_1_V_fu_5086_p3              |  select  |      0|  0|   32|           1|          32|
    |acc_26_1_V_27_fu_5141_p3           |  select  |      0|  0|   32|           1|          32|
    |acc_26_1_V_fu_5134_p3              |  select  |      0|  0|   32|           1|          32|
    |acc_27_1_V_27_fu_5189_p3           |  select  |      0|  0|   32|           1|          32|
    |acc_27_1_V_fu_5182_p3              |  select  |      0|  0|   32|           1|          32|
    |acc_28_1_V_27_fu_5237_p3           |  select  |      0|  0|   32|           1|          32|
    |acc_28_1_V_fu_5230_p3              |  select  |      0|  0|   32|           1|          32|
    |acc_29_1_V_27_fu_5285_p3           |  select  |      0|  0|   32|           1|          32|
    |acc_29_1_V_fu_5278_p3              |  select  |      0|  0|   32|           1|          32|
    |acc_2_1_V_27_fu_3989_p3            |  select  |      0|  0|   32|           1|          32|
    |acc_2_1_V_fu_3982_p3               |  select  |      0|  0|   32|           1|          32|
    |acc_30_1_V_27_fu_5333_p3           |  select  |      0|  0|   32|           1|          32|
    |acc_30_1_V_fu_5326_p3              |  select  |      0|  0|   32|           1|          32|
    |acc_31_1_V_27_fu_5381_p3           |  select  |      0|  0|   32|           1|          32|
    |acc_31_1_V_fu_5374_p3              |  select  |      0|  0|   32|           1|          32|
    |acc_32_1_V_27_fu_5429_p3           |  select  |      0|  0|   32|           1|          32|
    |acc_32_1_V_fu_5422_p3              |  select  |      0|  0|   32|           1|          32|
    |acc_33_1_V_27_fu_5477_p3           |  select  |      0|  0|   32|           1|          32|
    |acc_33_1_V_fu_5470_p3              |  select  |      0|  0|   32|           1|          32|
    |acc_34_1_V_27_fu_5525_p3           |  select  |      0|  0|   32|           1|          32|
    |acc_34_1_V_fu_5518_p3              |  select  |      0|  0|   32|           1|          32|
    |acc_35_1_V_27_fu_5573_p3           |  select  |      0|  0|   32|           1|          32|
    |acc_35_1_V_fu_5566_p3              |  select  |      0|  0|   32|           1|          32|
    |acc_36_1_V_27_fu_5621_p3           |  select  |      0|  0|   32|           1|          32|
    |acc_36_1_V_fu_5614_p3              |  select  |      0|  0|   32|           1|          32|
    |acc_37_1_V_27_fu_5669_p3           |  select  |      0|  0|   32|           1|          32|
    |acc_37_1_V_fu_5662_p3              |  select  |      0|  0|   32|           1|          32|
    |acc_38_1_V_27_fu_5717_p3           |  select  |      0|  0|   32|           1|          32|
    |acc_38_1_V_fu_5710_p3              |  select  |      0|  0|   32|           1|          32|
    |acc_39_1_V_27_fu_5765_p3           |  select  |      0|  0|   32|           1|          32|
    |acc_39_1_V_fu_5758_p3              |  select  |      0|  0|   32|           1|          32|
    |acc_3_1_V_27_fu_4037_p3            |  select  |      0|  0|   32|           1|          32|
    |acc_3_1_V_fu_4030_p3               |  select  |      0|  0|   32|           1|          32|
    |acc_40_1_V_27_fu_5813_p3           |  select  |      0|  0|   32|           1|          32|
    |acc_40_1_V_fu_5806_p3              |  select  |      0|  0|   32|           1|          32|
    |acc_41_1_V_27_fu_5861_p3           |  select  |      0|  0|   32|           1|          32|
    |acc_41_1_V_fu_5854_p3              |  select  |      0|  0|   32|           1|          32|
    |acc_42_1_V_27_fu_5909_p3           |  select  |      0|  0|   32|           1|          32|
    |acc_42_1_V_fu_5902_p3              |  select  |      0|  0|   32|           1|          32|
    |acc_43_1_V_27_fu_5957_p3           |  select  |      0|  0|   32|           1|          32|
    |acc_43_1_V_fu_5950_p3              |  select  |      0|  0|   32|           1|          32|
    |acc_44_1_V_27_fu_6005_p3           |  select  |      0|  0|   32|           1|          32|
    |acc_44_1_V_fu_5998_p3              |  select  |      0|  0|   32|           1|          32|
    |acc_45_1_V_27_fu_6053_p3           |  select  |      0|  0|   32|           1|          32|
    |acc_45_1_V_fu_6046_p3              |  select  |      0|  0|   32|           1|          32|
    |acc_46_1_V_27_fu_6101_p3           |  select  |      0|  0|   32|           1|          32|
    |acc_46_1_V_fu_6094_p3              |  select  |      0|  0|   32|           1|          32|
    |acc_47_1_V_27_fu_6149_p3           |  select  |      0|  0|   32|           1|          32|
    |acc_47_1_V_fu_6142_p3              |  select  |      0|  0|   32|           1|          32|
    |acc_48_1_V_27_fu_6197_p3           |  select  |      0|  0|   32|           1|          32|
    |acc_48_1_V_fu_6190_p3              |  select  |      0|  0|   32|           1|          32|
    |acc_49_1_V_27_fu_6245_p3           |  select  |      0|  0|   32|           1|          32|
    |acc_49_1_V_fu_6238_p3              |  select  |      0|  0|   32|           1|          32|
    |acc_4_1_V_27_fu_4085_p3            |  select  |      0|  0|   32|           1|          32|
    |acc_4_1_V_fu_4078_p3               |  select  |      0|  0|   32|           1|          32|
    |acc_50_1_V_27_fu_6293_p3           |  select  |      0|  0|   32|           1|          32|
    |acc_50_1_V_fu_6286_p3              |  select  |      0|  0|   32|           1|          32|
    |acc_51_1_V_27_fu_6341_p3           |  select  |      0|  0|   32|           1|          32|
    |acc_51_1_V_fu_6334_p3              |  select  |      0|  0|   32|           1|          32|
    |acc_52_1_V_27_fu_6389_p3           |  select  |      0|  0|   32|           1|          32|
    |acc_52_1_V_fu_6382_p3              |  select  |      0|  0|   32|           1|          32|
    |acc_53_1_V_27_fu_6437_p3           |  select  |      0|  0|   32|           1|          32|
    |acc_53_1_V_fu_6430_p3              |  select  |      0|  0|   32|           1|          32|
    |acc_54_1_V_27_fu_6485_p3           |  select  |      0|  0|   32|           1|          32|
    |acc_54_1_V_fu_6478_p3              |  select  |      0|  0|   32|           1|          32|
    |acc_55_1_V_27_fu_6533_p3           |  select  |      0|  0|   32|           1|          32|
    |acc_55_1_V_fu_6526_p3              |  select  |      0|  0|   32|           1|          32|
    |acc_56_1_V_27_fu_6581_p3           |  select  |      0|  0|   32|           1|          32|
    |acc_56_1_V_fu_6574_p3              |  select  |      0|  0|   32|           1|          32|
    |acc_57_1_V_27_fu_6629_p3           |  select  |      0|  0|   32|           1|          32|
    |acc_57_1_V_fu_6622_p3              |  select  |      0|  0|   32|           1|          32|
    |acc_58_1_V_27_fu_6677_p3           |  select  |      0|  0|   32|           1|          32|
    |acc_58_1_V_fu_6670_p3              |  select  |      0|  0|   32|           1|          32|
    |acc_59_1_V_27_fu_6725_p3           |  select  |      0|  0|   32|           1|          32|
    |acc_59_1_V_fu_6718_p3              |  select  |      0|  0|   32|           1|          32|
    |acc_5_1_V_27_fu_4133_p3            |  select  |      0|  0|   32|           1|          32|
    |acc_5_1_V_fu_4126_p3               |  select  |      0|  0|   32|           1|          32|
    |acc_60_1_V_27_fu_6773_p3           |  select  |      0|  0|   32|           1|          32|
    |acc_60_1_V_fu_6766_p3              |  select  |      0|  0|   32|           1|          32|
    |acc_61_1_V_27_fu_6821_p3           |  select  |      0|  0|   32|           1|          32|
    |acc_61_1_V_fu_6814_p3              |  select  |      0|  0|   32|           1|          32|
    |acc_62_1_V_27_fu_6869_p3           |  select  |      0|  0|   32|           1|          32|
    |acc_62_1_V_fu_6862_p3              |  select  |      0|  0|   32|           1|          32|
    |acc_63_1_V_27_fu_6917_p3           |  select  |      0|  0|   32|           1|          32|
    |acc_63_1_V_fu_6910_p3              |  select  |      0|  0|   32|           1|          32|
    |acc_6_1_V_27_fu_4181_p3            |  select  |      0|  0|   32|           1|          32|
    |acc_6_1_V_fu_4174_p3               |  select  |      0|  0|   32|           1|          32|
    |acc_7_1_V_27_fu_4229_p3            |  select  |      0|  0|   32|           1|          32|
    |acc_7_1_V_fu_4222_p3               |  select  |      0|  0|   32|           1|          32|
    |acc_8_1_V_27_fu_4277_p3            |  select  |      0|  0|   32|           1|          32|
    |acc_8_1_V_fu_4270_p3               |  select  |      0|  0|   32|           1|          32|
    |acc_9_1_V_27_fu_4325_p3            |  select  |      0|  0|   32|           1|          32|
    |acc_9_1_V_fu_4318_p3               |  select  |      0|  0|   32|           1|          32|
    |deleted_ones_fu_7414_p3            |  select  |      0|  0|    2|           1|           1|
    |deleted_zeros_fu_7390_p3           |  select  |      0|  0|    2|           1|           1|
    |res_V_V_din                        |  select  |      0|  0|    8|           1|           8|
    |select_ln1265_1769_fu_3921_p3      |  select  |      0|  0|   32|           1|          32|
    |select_ln1265_1770_fu_3969_p3      |  select  |      0|  0|   32|           1|          32|
    |select_ln1265_1771_fu_4017_p3      |  select  |      0|  0|   32|           1|          32|
    |select_ln1265_1772_fu_4065_p3      |  select  |      0|  0|   32|           1|          32|
    |select_ln1265_1773_fu_4113_p3      |  select  |      0|  0|   32|           1|          32|
    |select_ln1265_1774_fu_4161_p3      |  select  |      0|  0|   32|           1|          32|
    |select_ln1265_1775_fu_4209_p3      |  select  |      0|  0|   32|           1|          32|
    |select_ln1265_1776_fu_4257_p3      |  select  |      0|  0|   32|           1|          32|
    |select_ln1265_1777_fu_4305_p3      |  select  |      0|  0|   32|           1|          32|
    |select_ln1265_1778_fu_4353_p3      |  select  |      0|  0|   32|           1|          32|
    |select_ln1265_1779_fu_4401_p3      |  select  |      0|  0|   32|           1|          32|
    |select_ln1265_1780_fu_4449_p3      |  select  |      0|  0|   32|           1|          32|
    |select_ln1265_1781_fu_4497_p3      |  select  |      0|  0|   32|           1|          32|
    |select_ln1265_1782_fu_4545_p3      |  select  |      0|  0|   32|           1|          32|
    |select_ln1265_1783_fu_4593_p3      |  select  |      0|  0|   32|           1|          32|
    |select_ln1265_1784_fu_4641_p3      |  select  |      0|  0|   32|           1|          32|
    |select_ln1265_1785_fu_4689_p3      |  select  |      0|  0|   32|           1|          32|
    |select_ln1265_1786_fu_4737_p3      |  select  |      0|  0|   32|           1|          32|
    |select_ln1265_1787_fu_4785_p3      |  select  |      0|  0|   32|           1|          32|
    |select_ln1265_1788_fu_4833_p3      |  select  |      0|  0|   32|           1|          32|
    |select_ln1265_1789_fu_4881_p3      |  select  |      0|  0|   32|           1|          32|
    |select_ln1265_1790_fu_4929_p3      |  select  |      0|  0|   32|           1|          32|
    |select_ln1265_1791_fu_4977_p3      |  select  |      0|  0|   32|           1|          32|
    |select_ln1265_1792_fu_5025_p3      |  select  |      0|  0|   32|           1|          32|
    |select_ln1265_1793_fu_5073_p3      |  select  |      0|  0|   32|           1|          32|
    |select_ln1265_1794_fu_5121_p3      |  select  |      0|  0|   32|           1|          32|
    |select_ln1265_1795_fu_5169_p3      |  select  |      0|  0|   32|           1|          32|
    |select_ln1265_1796_fu_5217_p3      |  select  |      0|  0|   32|           1|          32|
    |select_ln1265_1797_fu_5265_p3      |  select  |      0|  0|   32|           1|          32|
    |select_ln1265_1798_fu_5313_p3      |  select  |      0|  0|   32|           1|          32|
    |select_ln1265_1799_fu_5361_p3      |  select  |      0|  0|   32|           1|          32|
    |select_ln1265_1800_fu_5409_p3      |  select  |      0|  0|   32|           1|          32|
    |select_ln1265_1801_fu_5457_p3      |  select  |      0|  0|   32|           1|          32|
    |select_ln1265_1802_fu_5505_p3      |  select  |      0|  0|   32|           1|          32|
    |select_ln1265_1803_fu_5553_p3      |  select  |      0|  0|   32|           1|          32|
    |select_ln1265_1804_fu_5601_p3      |  select  |      0|  0|   32|           1|          32|
    |select_ln1265_1805_fu_5649_p3      |  select  |      0|  0|   32|           1|          32|
    |select_ln1265_1806_fu_5697_p3      |  select  |      0|  0|   32|           1|          32|
    |select_ln1265_1807_fu_5745_p3      |  select  |      0|  0|   32|           1|          32|
    |select_ln1265_1808_fu_5793_p3      |  select  |      0|  0|   32|           1|          32|
    |select_ln1265_1809_fu_5841_p3      |  select  |      0|  0|   32|           1|          32|
    |select_ln1265_1810_fu_5889_p3      |  select  |      0|  0|   32|           1|          32|
    |select_ln1265_1811_fu_5937_p3      |  select  |      0|  0|   32|           1|          32|
    |select_ln1265_1812_fu_5985_p3      |  select  |      0|  0|   32|           1|          32|
    |select_ln1265_1813_fu_6033_p3      |  select  |      0|  0|   32|           1|          32|
    |select_ln1265_1814_fu_6081_p3      |  select  |      0|  0|   32|           1|          32|
    |select_ln1265_1815_fu_6129_p3      |  select  |      0|  0|   32|           1|          32|
    |select_ln1265_1816_fu_6177_p3      |  select  |      0|  0|   32|           1|          32|
    |select_ln1265_1817_fu_6225_p3      |  select  |      0|  0|   32|           1|          32|
    |select_ln1265_1818_fu_6273_p3      |  select  |      0|  0|   32|           1|          32|
    |select_ln1265_1819_fu_6321_p3      |  select  |      0|  0|   32|           1|          32|
    |select_ln1265_1820_fu_6369_p3      |  select  |      0|  0|   32|           1|          32|
    |select_ln1265_1821_fu_6417_p3      |  select  |      0|  0|   32|           1|          32|
    |select_ln1265_1822_fu_6465_p3      |  select  |      0|  0|   32|           1|          32|
    |select_ln1265_1823_fu_6513_p3      |  select  |      0|  0|   32|           1|          32|
    |select_ln1265_1824_fu_6561_p3      |  select  |      0|  0|   32|           1|          32|
    |select_ln1265_1825_fu_6609_p3      |  select  |      0|  0|   32|           1|          32|
    |select_ln1265_1826_fu_6657_p3      |  select  |      0|  0|   32|           1|          32|
    |select_ln1265_1827_fu_6705_p3      |  select  |      0|  0|   32|           1|          32|
    |select_ln1265_1828_fu_6753_p3      |  select  |      0|  0|   32|           1|          32|
    |select_ln1265_1829_fu_6801_p3      |  select  |      0|  0|   32|           1|          32|
    |select_ln1265_1830_fu_6849_p3      |  select  |      0|  0|   32|           1|          32|
    |select_ln1265_1831_fu_6897_p3      |  select  |      0|  0|   32|           1|          32|
    |select_ln1265_3863_fu_6948_p3      |  select  |      0|  0|    7|           1|           1|
    |select_ln1265_3864_fu_6956_p3      |  select  |      0|  0|    2|           1|           2|
    |select_ln1265_fu_3873_p3           |  select  |      0|  0|   32|           1|          32|
    |select_ln340_fu_7488_p3            |  select  |      0|  0|    8|           1|           7|
    |select_ln388_fu_7495_p3            |  select  |      0|  0|    9|           1|           9|
    |select_ln659_1769_fu_2168_p3       |  select  |      0|  0|    8|           1|           8|
    |select_ln659_1770_fu_2195_p3       |  select  |      0|  0|    8|           1|           8|
    |select_ln659_1771_fu_2222_p3       |  select  |      0|  0|    8|           1|           8|
    |select_ln659_1772_fu_2249_p3       |  select  |      0|  0|    8|           1|           8|
    |select_ln659_1773_fu_2276_p3       |  select  |      0|  0|    8|           1|           8|
    |select_ln659_1774_fu_2303_p3       |  select  |      0|  0|    8|           1|           8|
    |select_ln659_1775_fu_2330_p3       |  select  |      0|  0|    8|           1|           8|
    |select_ln659_1776_fu_2357_p3       |  select  |      0|  0|    8|           1|           8|
    |select_ln659_1777_fu_2384_p3       |  select  |      0|  0|    8|           1|           8|
    |select_ln659_1778_fu_2411_p3       |  select  |      0|  0|    8|           1|           8|
    |select_ln659_1779_fu_2438_p3       |  select  |      0|  0|    8|           1|           8|
    |select_ln659_1780_fu_2465_p3       |  select  |      0|  0|    8|           1|           8|
    |select_ln659_1781_fu_2492_p3       |  select  |      0|  0|    8|           1|           8|
    |select_ln659_1782_fu_2519_p3       |  select  |      0|  0|    8|           1|           8|
    |select_ln659_1783_fu_2546_p3       |  select  |      0|  0|    8|           1|           8|
    |select_ln659_1784_fu_2573_p3       |  select  |      0|  0|    8|           1|           8|
    |select_ln659_1785_fu_2600_p3       |  select  |      0|  0|    8|           1|           8|
    |select_ln659_1786_fu_2627_p3       |  select  |      0|  0|    8|           1|           8|
    |select_ln659_1787_fu_2654_p3       |  select  |      0|  0|    8|           1|           8|
    |select_ln659_1788_fu_2681_p3       |  select  |      0|  0|    8|           1|           8|
    |select_ln659_1789_fu_2708_p3       |  select  |      0|  0|    8|           1|           8|
    |select_ln659_1790_fu_2735_p3       |  select  |      0|  0|    8|           1|           8|
    |select_ln659_1791_fu_2762_p3       |  select  |      0|  0|    8|           1|           8|
    |select_ln659_1792_fu_2789_p3       |  select  |      0|  0|    8|           1|           8|
    |select_ln659_1793_fu_2816_p3       |  select  |      0|  0|    8|           1|           8|
    |select_ln659_1794_fu_2843_p3       |  select  |      0|  0|    8|           1|           8|
    |select_ln659_1795_fu_2870_p3       |  select  |      0|  0|    8|           1|           8|
    |select_ln659_1796_fu_2897_p3       |  select  |      0|  0|    8|           1|           8|
    |select_ln659_1797_fu_2924_p3       |  select  |      0|  0|    8|           1|           8|
    |select_ln659_1798_fu_2951_p3       |  select  |      0|  0|    8|           1|           8|
    |select_ln659_1799_fu_2978_p3       |  select  |      0|  0|    8|           1|           8|
    |select_ln659_1800_fu_3005_p3       |  select  |      0|  0|    8|           1|           8|
    |select_ln659_1801_fu_3032_p3       |  select  |      0|  0|    8|           1|           8|
    |select_ln659_1802_fu_3059_p3       |  select  |      0|  0|    8|           1|           8|
    |select_ln659_1803_fu_3086_p3       |  select  |      0|  0|    8|           1|           8|
    |select_ln659_1804_fu_3113_p3       |  select  |      0|  0|    8|           1|           8|
    |select_ln659_1805_fu_3140_p3       |  select  |      0|  0|    8|           1|           8|
    |select_ln659_1806_fu_3167_p3       |  select  |      0|  0|    8|           1|           8|
    |select_ln659_1807_fu_3194_p3       |  select  |      0|  0|    8|           1|           8|
    |select_ln659_1808_fu_3221_p3       |  select  |      0|  0|    8|           1|           8|
    |select_ln659_1809_fu_3248_p3       |  select  |      0|  0|    8|           1|           8|
    |select_ln659_1810_fu_3275_p3       |  select  |      0|  0|    8|           1|           8|
    |select_ln659_1811_fu_3302_p3       |  select  |      0|  0|    8|           1|           8|
    |select_ln659_1812_fu_3329_p3       |  select  |      0|  0|    8|           1|           8|
    |select_ln659_1813_fu_3356_p3       |  select  |      0|  0|    8|           1|           8|
    |select_ln659_1814_fu_3383_p3       |  select  |      0|  0|    8|           1|           8|
    |select_ln659_1815_fu_3410_p3       |  select  |      0|  0|    8|           1|           8|
    |select_ln659_1816_fu_3437_p3       |  select  |      0|  0|    8|           1|           8|
    |select_ln659_1817_fu_3464_p3       |  select  |      0|  0|    8|           1|           8|
    |select_ln659_1818_fu_3491_p3       |  select  |      0|  0|    8|           1|           8|
    |select_ln659_1819_fu_3518_p3       |  select  |      0|  0|    8|           1|           8|
    |select_ln659_1820_fu_3545_p3       |  select  |      0|  0|    8|           1|           8|
    |select_ln659_1821_fu_3572_p3       |  select  |      0|  0|    8|           1|           8|
    |select_ln659_1822_fu_3599_p3       |  select  |      0|  0|    8|           1|           8|
    |select_ln659_1823_fu_3626_p3       |  select  |      0|  0|    8|           1|           8|
    |select_ln659_1824_fu_3653_p3       |  select  |      0|  0|    8|           1|           8|
    |select_ln659_1825_fu_3680_p3       |  select  |      0|  0|    8|           1|           8|
    |select_ln659_1826_fu_3707_p3       |  select  |      0|  0|    8|           1|           8|
    |select_ln659_1827_fu_3734_p3       |  select  |      0|  0|    8|           1|           8|
    |select_ln659_1828_fu_3761_p3       |  select  |      0|  0|    8|           1|           8|
    |select_ln659_1829_fu_3788_p3       |  select  |      0|  0|    8|           1|           8|
    |select_ln659_1830_fu_3815_p3       |  select  |      0|  0|    8|           1|           8|
    |select_ln659_1831_fu_3842_p3       |  select  |      0|  0|    8|           1|           8|
    |select_ln659_fu_2141_p3            |  select  |      0|  0|    8|           1|           8|
    |select_ln661_10_fu_2102_p3         |  select  |      0|  0|    8|           1|           8|
    |select_ln661_fu_2094_p3            |  select  |      0|  0|    2|           1|           1|
    |ap_enable_pp0                      |    xor   |      0|  0|    2|           1|           2|
    |ap_enable_pp1                      |    xor   |      0|  0|    2|           1|           2|
    |ap_enable_pp2                      |    xor   |      0|  0|    2|           1|           2|
    |ap_enable_reg_pp0_iter1            |    xor   |      0|  0|    2|           2|           1|
    |ap_enable_reg_pp1_iter1            |    xor   |      0|  0|    2|           2|           1|
    |ap_enable_reg_pp2_iter1            |    xor   |      0|  0|    2|           2|           1|
    |xor_ln416_fu_7378_p2               |    xor   |      0|  0|    2|           1|           2|
    |xor_ln779_fu_7403_p2               |    xor   |      0|  0|    2|           1|           2|
    |xor_ln785_15_fu_7437_p2            |    xor   |      0|  0|    2|           1|           2|
    |xor_ln785_fu_7426_p2               |    xor   |      0|  0|    2|           1|           2|
    |xor_ln786_fu_7459_p2               |    xor   |      0|  0|    2|           1|           2|
    +-----------------------------------+----------+-------+---+-----+------------+------------+
    |Total                              |          |      0|  0|11543|        2980|        9367|
    +-----------------------------------+----------+-------+---+-----+------------+------------+

    * Multiplexer: 
    +-----------------------------------+----+-----------+-----+-----------+
    |                Name               | LUT| Input Size| Bits| Total Bits|
    +-----------------------------------+----+-----------+-----+-----------+
    |acc_0_0_V_1_reg_1997               |   9|          2|   32|         64|
    |acc_0_1_V_1_reg_1985               |   9|          2|   32|         64|
    |acc_10_0_V_1_reg_1757              |   9|          2|   32|         64|
    |acc_10_1_V_1_reg_1745              |   9|          2|   32|         64|
    |acc_11_0_V_1_reg_1733              |   9|          2|   32|         64|
    |acc_11_1_V_1_reg_1721              |   9|          2|   32|         64|
    |acc_12_0_V_1_reg_1709              |   9|          2|   32|         64|
    |acc_12_1_V_1_reg_1697              |   9|          2|   32|         64|
    |acc_13_0_V_1_reg_1685              |   9|          2|   32|         64|
    |acc_13_1_V_1_reg_1673              |   9|          2|   32|         64|
    |acc_14_0_V_1_reg_1661              |   9|          2|   32|         64|
    |acc_14_1_V_1_reg_1649              |   9|          2|   32|         64|
    |acc_15_0_V_1_reg_1637              |   9|          2|   32|         64|
    |acc_15_1_V_1_reg_1625              |   9|          2|   32|         64|
    |acc_16_0_V_1_reg_1613              |   9|          2|   32|         64|
    |acc_16_1_V_1_reg_1601              |   9|          2|   32|         64|
    |acc_17_0_V_1_reg_1589              |   9|          2|   32|         64|
    |acc_17_1_V_1_reg_1577              |   9|          2|   32|         64|
    |acc_18_0_V_1_reg_1565              |   9|          2|   32|         64|
    |acc_18_1_V_1_reg_1553              |   9|          2|   32|         64|
    |acc_19_0_V_1_reg_1541              |   9|          2|   32|         64|
    |acc_19_1_V_1_reg_1529              |   9|          2|   32|         64|
    |acc_1_0_V_1_reg_1973               |   9|          2|   32|         64|
    |acc_1_1_V_1_reg_1961               |   9|          2|   32|         64|
    |acc_20_0_V_1_reg_1517              |   9|          2|   32|         64|
    |acc_20_1_V_1_reg_1505              |   9|          2|   32|         64|
    |acc_21_0_V_1_reg_1493              |   9|          2|   32|         64|
    |acc_21_1_V_1_reg_1481              |   9|          2|   32|         64|
    |acc_22_0_V_1_reg_1469              |   9|          2|   32|         64|
    |acc_22_1_V_1_reg_1457              |   9|          2|   32|         64|
    |acc_23_0_V_1_reg_1445              |   9|          2|   32|         64|
    |acc_23_1_V_1_reg_1433              |   9|          2|   32|         64|
    |acc_24_0_V_1_reg_1421              |   9|          2|   32|         64|
    |acc_24_1_V_1_reg_1409              |   9|          2|   32|         64|
    |acc_25_0_V_1_reg_1397              |   9|          2|   32|         64|
    |acc_25_1_V_1_reg_1385              |   9|          2|   32|         64|
    |acc_26_0_V_1_reg_1373              |   9|          2|   32|         64|
    |acc_26_1_V_1_reg_1361              |   9|          2|   32|         64|
    |acc_27_0_V_1_reg_1349              |   9|          2|   32|         64|
    |acc_27_1_V_1_reg_1337              |   9|          2|   32|         64|
    |acc_28_0_V_1_reg_1325              |   9|          2|   32|         64|
    |acc_28_1_V_1_reg_1313              |   9|          2|   32|         64|
    |acc_29_0_V_1_reg_1301              |   9|          2|   32|         64|
    |acc_29_1_V_1_reg_1289              |   9|          2|   32|         64|
    |acc_2_0_V_1_reg_1949               |   9|          2|   32|         64|
    |acc_2_1_V_1_reg_1937               |   9|          2|   32|         64|
    |acc_30_0_V_1_reg_1277              |   9|          2|   32|         64|
    |acc_30_1_V_1_reg_1265              |   9|          2|   32|         64|
    |acc_31_0_V_1_reg_1253              |   9|          2|   32|         64|
    |acc_31_1_V_1_reg_1241              |   9|          2|   32|         64|
    |acc_32_0_V_1_reg_1229              |   9|          2|   32|         64|
    |acc_32_1_V_1_reg_1217              |   9|          2|   32|         64|
    |acc_33_0_V_1_reg_1205              |   9|          2|   32|         64|
    |acc_33_1_V_1_reg_1193              |   9|          2|   32|         64|
    |acc_34_0_V_1_reg_1181              |   9|          2|   32|         64|
    |acc_34_1_V_1_reg_1169              |   9|          2|   32|         64|
    |acc_35_0_V_1_reg_1157              |   9|          2|   32|         64|
    |acc_35_1_V_1_reg_1145              |   9|          2|   32|         64|
    |acc_36_0_V_1_reg_1133              |   9|          2|   32|         64|
    |acc_36_1_V_1_reg_1121              |   9|          2|   32|         64|
    |acc_37_0_V_1_reg_1109              |   9|          2|   32|         64|
    |acc_37_1_V_1_reg_1097              |   9|          2|   32|         64|
    |acc_38_0_V_1_reg_1085              |   9|          2|   32|         64|
    |acc_38_1_V_1_reg_1073              |   9|          2|   32|         64|
    |acc_39_0_V_1_reg_1061              |   9|          2|   32|         64|
    |acc_39_1_V_1_reg_1049              |   9|          2|   32|         64|
    |acc_3_0_V_1_reg_1925               |   9|          2|   32|         64|
    |acc_3_1_V_1_reg_1913               |   9|          2|   32|         64|
    |acc_40_0_V_1_reg_1037              |   9|          2|   32|         64|
    |acc_40_1_V_1_reg_1025              |   9|          2|   32|         64|
    |acc_41_0_V_1_reg_1013              |   9|          2|   32|         64|
    |acc_41_1_V_1_reg_1001              |   9|          2|   32|         64|
    |acc_42_0_V_1_reg_989               |   9|          2|   32|         64|
    |acc_42_1_V_1_reg_977               |   9|          2|   32|         64|
    |acc_43_0_V_1_reg_965               |   9|          2|   32|         64|
    |acc_43_1_V_1_reg_953               |   9|          2|   32|         64|
    |acc_44_0_V_1_reg_941               |   9|          2|   32|         64|
    |acc_44_1_V_1_reg_929               |   9|          2|   32|         64|
    |acc_45_0_V_1_reg_917               |   9|          2|   32|         64|
    |acc_45_1_V_1_reg_905               |   9|          2|   32|         64|
    |acc_46_0_V_1_reg_893               |   9|          2|   32|         64|
    |acc_46_1_V_1_reg_881               |   9|          2|   32|         64|
    |acc_47_0_V_1_reg_869               |   9|          2|   32|         64|
    |acc_47_1_V_1_reg_857               |   9|          2|   32|         64|
    |acc_48_0_V_1_reg_845               |   9|          2|   32|         64|
    |acc_48_1_V_1_reg_833               |   9|          2|   32|         64|
    |acc_49_0_V_1_reg_821               |   9|          2|   32|         64|
    |acc_49_1_V_1_reg_809               |   9|          2|   32|         64|
    |acc_4_0_V_1_reg_1901               |   9|          2|   32|         64|
    |acc_4_1_V_1_reg_1889               |   9|          2|   32|         64|
    |acc_50_0_V_1_reg_797               |   9|          2|   32|         64|
    |acc_50_1_V_1_reg_785               |   9|          2|   32|         64|
    |acc_51_0_V_1_reg_773               |   9|          2|   32|         64|
    |acc_51_1_V_1_reg_761               |   9|          2|   32|         64|
    |acc_52_0_V_1_reg_749               |   9|          2|   32|         64|
    |acc_52_1_V_1_reg_737               |   9|          2|   32|         64|
    |acc_53_0_V_1_reg_725               |   9|          2|   32|         64|
    |acc_53_1_V_1_reg_713               |   9|          2|   32|         64|
    |acc_54_0_V_1_reg_701               |   9|          2|   32|         64|
    |acc_54_1_V_1_reg_689               |   9|          2|   32|         64|
    |acc_55_0_V_1_reg_677               |   9|          2|   32|         64|
    |acc_55_1_V_1_reg_665               |   9|          2|   32|         64|
    |acc_56_0_V_1_reg_653               |   9|          2|   32|         64|
    |acc_56_1_V_1_reg_641               |   9|          2|   32|         64|
    |acc_57_0_V_1_reg_629               |   9|          2|   32|         64|
    |acc_57_1_V_1_reg_617               |   9|          2|   32|         64|
    |acc_58_0_V_1_reg_605               |   9|          2|   32|         64|
    |acc_58_1_V_1_reg_593               |   9|          2|   32|         64|
    |acc_59_0_V_1_reg_581               |   9|          2|   32|         64|
    |acc_59_1_V_1_reg_569               |   9|          2|   32|         64|
    |acc_5_0_V_1_reg_1877               |   9|          2|   32|         64|
    |acc_5_1_V_1_reg_1865               |   9|          2|   32|         64|
    |acc_60_0_V_1_reg_557               |   9|          2|   32|         64|
    |acc_60_1_V_1_reg_545               |   9|          2|   32|         64|
    |acc_61_0_V_1_reg_533               |   9|          2|   32|         64|
    |acc_61_1_V_1_reg_521               |   9|          2|   32|         64|
    |acc_62_0_V_1_reg_509               |   9|          2|   32|         64|
    |acc_62_1_V_1_reg_497               |   9|          2|   32|         64|
    |acc_63_0_V_1_reg_485               |   9|          2|   32|         64|
    |acc_63_1_V_1_reg_473               |   9|          2|   32|         64|
    |acc_6_0_V_1_reg_1853               |   9|          2|   32|         64|
    |acc_6_1_V_1_reg_1841               |   9|          2|   32|         64|
    |acc_7_0_V_1_reg_1829               |   9|          2|   32|         64|
    |acc_7_1_V_1_reg_1817               |   9|          2|   32|         64|
    |acc_8_0_V_1_reg_1805               |   9|          2|   32|         64|
    |acc_8_1_V_1_reg_1793               |   9|          2|   32|         64|
    |acc_9_0_V_1_reg_1781               |   9|          2|   32|         64|
    |acc_9_1_V_1_reg_1769               |   9|          2|   32|         64|
    |ap_NS_fsm                          |  41|          8|    1|          8|
    |ap_done                            |   9|          2|    1|          2|
    |ap_enable_reg_pp0_iter1            |  15|          3|    1|          3|
    |ap_enable_reg_pp1_iter1            |   9|          2|    1|          2|
    |ap_enable_reg_pp1_iter2            |   9|          2|    1|          2|
    |ap_enable_reg_pp2_iter1            |  15|          3|    1|          3|
    |ap_phi_mux_i_in5_0_phi_fu_466_p4   |   9|          2|    8|         16|
    |ap_phi_mux_i_in_0_phi_fu_443_p4    |   9|          2|    8|         16|
    |ap_phi_mux_iacc8_0_phi_fu_2035_p4  |   9|          2|    2|          4|
    |data_V_V_blk_n                     |   9|          2|    1|          2|
    |i_in5_0_reg_462                    |   9|          2|    8|         16|
    |i_in_0_reg_439                     |   9|          2|    8|         16|
    |iacc29_0_reg_2042                  |   9|          2|    7|         14|
    |iacc6_0_reg_2009                   |   9|          2|    2|          4|
    |iacc8_0_reg_2031                   |   9|          2|    2|          4|
    |indvar_flatten9_reg_2020           |   9|          2|    8|         16|
    |indvar_flatten_reg_451             |   9|          2|    9|         18|
    |real_start                         |   9|          2|    1|          2|
    |res_V_V_blk_n                      |   9|          2|    1|          2|
    |tmpdata_V_address0                 |  15|          3|    7|         21|
    +-----------------------------------+----+-----------+-----+-----------+
    |Total                              |1382|        305| 4174|       8363|
    +-----------------------------------+----+-----------+-----+-----------+

    * Register: 
    +-------------------------------------+----+----+-----+-----------+
    |                 Name                | FF | LUT| Bits| Const Bits|
    +-------------------------------------+----+----+-----+-----------+
    |Range1_all_ones_reg_8827             |   1|   0|    1|          0|
    |Range1_all_zeros_reg_8834            |   1|   0|    1|          0|
    |Range2_all_ones_reg_8822             |   1|   0|    1|          0|
    |acc_0_0_V_1_reg_1997                 |  32|   0|   32|          0|
    |acc_0_1_V_1_reg_1985                 |  32|   0|   32|          0|
    |acc_10_0_V_1_reg_1757                |  32|   0|   32|          0|
    |acc_10_1_V_1_reg_1745                |  32|   0|   32|          0|
    |acc_11_0_V_1_reg_1733                |  32|   0|   32|          0|
    |acc_11_1_V_1_reg_1721                |  32|   0|   32|          0|
    |acc_12_0_V_1_reg_1709                |  32|   0|   32|          0|
    |acc_12_1_V_1_reg_1697                |  32|   0|   32|          0|
    |acc_13_0_V_1_reg_1685                |  32|   0|   32|          0|
    |acc_13_1_V_1_reg_1673                |  32|   0|   32|          0|
    |acc_14_0_V_1_reg_1661                |  32|   0|   32|          0|
    |acc_14_1_V_1_reg_1649                |  32|   0|   32|          0|
    |acc_15_0_V_1_reg_1637                |  32|   0|   32|          0|
    |acc_15_1_V_1_reg_1625                |  32|   0|   32|          0|
    |acc_16_0_V_1_reg_1613                |  32|   0|   32|          0|
    |acc_16_1_V_1_reg_1601                |  32|   0|   32|          0|
    |acc_17_0_V_1_reg_1589                |  32|   0|   32|          0|
    |acc_17_1_V_1_reg_1577                |  32|   0|   32|          0|
    |acc_18_0_V_1_reg_1565                |  32|   0|   32|          0|
    |acc_18_1_V_1_reg_1553                |  32|   0|   32|          0|
    |acc_19_0_V_1_reg_1541                |  32|   0|   32|          0|
    |acc_19_1_V_1_reg_1529                |  32|   0|   32|          0|
    |acc_1_0_V_1_reg_1973                 |  32|   0|   32|          0|
    |acc_1_1_V_1_reg_1961                 |  32|   0|   32|          0|
    |acc_20_0_V_1_reg_1517                |  32|   0|   32|          0|
    |acc_20_1_V_1_reg_1505                |  32|   0|   32|          0|
    |acc_21_0_V_1_reg_1493                |  32|   0|   32|          0|
    |acc_21_1_V_1_reg_1481                |  32|   0|   32|          0|
    |acc_22_0_V_1_reg_1469                |  32|   0|   32|          0|
    |acc_22_1_V_1_reg_1457                |  32|   0|   32|          0|
    |acc_23_0_V_1_reg_1445                |  32|   0|   32|          0|
    |acc_23_1_V_1_reg_1433                |  32|   0|   32|          0|
    |acc_24_0_V_1_reg_1421                |  32|   0|   32|          0|
    |acc_24_1_V_1_reg_1409                |  32|   0|   32|          0|
    |acc_25_0_V_1_reg_1397                |  32|   0|   32|          0|
    |acc_25_1_V_1_reg_1385                |  32|   0|   32|          0|
    |acc_26_0_V_1_reg_1373                |  32|   0|   32|          0|
    |acc_26_1_V_1_reg_1361                |  32|   0|   32|          0|
    |acc_27_0_V_1_reg_1349                |  32|   0|   32|          0|
    |acc_27_1_V_1_reg_1337                |  32|   0|   32|          0|
    |acc_28_0_V_1_reg_1325                |  32|   0|   32|          0|
    |acc_28_1_V_1_reg_1313                |  32|   0|   32|          0|
    |acc_29_0_V_1_reg_1301                |  32|   0|   32|          0|
    |acc_29_1_V_1_reg_1289                |  32|   0|   32|          0|
    |acc_2_0_V_1_reg_1949                 |  32|   0|   32|          0|
    |acc_2_1_V_1_reg_1937                 |  32|   0|   32|          0|
    |acc_30_0_V_1_reg_1277                |  32|   0|   32|          0|
    |acc_30_1_V_1_reg_1265                |  32|   0|   32|          0|
    |acc_31_0_V_1_reg_1253                |  32|   0|   32|          0|
    |acc_31_1_V_1_reg_1241                |  32|   0|   32|          0|
    |acc_32_0_V_1_reg_1229                |  32|   0|   32|          0|
    |acc_32_1_V_1_reg_1217                |  32|   0|   32|          0|
    |acc_33_0_V_1_reg_1205                |  32|   0|   32|          0|
    |acc_33_1_V_1_reg_1193                |  32|   0|   32|          0|
    |acc_34_0_V_1_reg_1181                |  32|   0|   32|          0|
    |acc_34_1_V_1_reg_1169                |  32|   0|   32|          0|
    |acc_35_0_V_1_reg_1157                |  32|   0|   32|          0|
    |acc_35_1_V_1_reg_1145                |  32|   0|   32|          0|
    |acc_36_0_V_1_reg_1133                |  32|   0|   32|          0|
    |acc_36_1_V_1_reg_1121                |  32|   0|   32|          0|
    |acc_37_0_V_1_reg_1109                |  32|   0|   32|          0|
    |acc_37_1_V_1_reg_1097                |  32|   0|   32|          0|
    |acc_38_0_V_1_reg_1085                |  32|   0|   32|          0|
    |acc_38_1_V_1_reg_1073                |  32|   0|   32|          0|
    |acc_39_0_V_1_reg_1061                |  32|   0|   32|          0|
    |acc_39_1_V_1_reg_1049                |  32|   0|   32|          0|
    |acc_3_0_V_1_reg_1925                 |  32|   0|   32|          0|
    |acc_3_1_V_1_reg_1913                 |  32|   0|   32|          0|
    |acc_40_0_V_1_reg_1037                |  32|   0|   32|          0|
    |acc_40_1_V_1_reg_1025                |  32|   0|   32|          0|
    |acc_41_0_V_1_reg_1013                |  32|   0|   32|          0|
    |acc_41_1_V_1_reg_1001                |  32|   0|   32|          0|
    |acc_42_0_V_1_reg_989                 |  32|   0|   32|          0|
    |acc_42_1_V_1_reg_977                 |  32|   0|   32|          0|
    |acc_43_0_V_1_reg_965                 |  32|   0|   32|          0|
    |acc_43_1_V_1_reg_953                 |  32|   0|   32|          0|
    |acc_44_0_V_1_reg_941                 |  32|   0|   32|          0|
    |acc_44_1_V_1_reg_929                 |  32|   0|   32|          0|
    |acc_45_0_V_1_reg_917                 |  32|   0|   32|          0|
    |acc_45_1_V_1_reg_905                 |  32|   0|   32|          0|
    |acc_46_0_V_1_reg_893                 |  32|   0|   32|          0|
    |acc_46_1_V_1_reg_881                 |  32|   0|   32|          0|
    |acc_47_0_V_1_reg_869                 |  32|   0|   32|          0|
    |acc_47_1_V_1_reg_857                 |  32|   0|   32|          0|
    |acc_48_0_V_1_reg_845                 |  32|   0|   32|          0|
    |acc_48_1_V_1_reg_833                 |  32|   0|   32|          0|
    |acc_49_0_V_1_reg_821                 |  32|   0|   32|          0|
    |acc_49_1_V_1_reg_809                 |  32|   0|   32|          0|
    |acc_4_0_V_1_reg_1901                 |  32|   0|   32|          0|
    |acc_4_1_V_1_reg_1889                 |  32|   0|   32|          0|
    |acc_50_0_V_1_reg_797                 |  32|   0|   32|          0|
    |acc_50_1_V_1_reg_785                 |  32|   0|   32|          0|
    |acc_51_0_V_1_reg_773                 |  32|   0|   32|          0|
    |acc_51_1_V_1_reg_761                 |  32|   0|   32|          0|
    |acc_52_0_V_1_reg_749                 |  32|   0|   32|          0|
    |acc_52_1_V_1_reg_737                 |  32|   0|   32|          0|
    |acc_53_0_V_1_reg_725                 |  32|   0|   32|          0|
    |acc_53_1_V_1_reg_713                 |  32|   0|   32|          0|
    |acc_54_0_V_1_reg_701                 |  32|   0|   32|          0|
    |acc_54_1_V_1_reg_689                 |  32|   0|   32|          0|
    |acc_55_0_V_1_reg_677                 |  32|   0|   32|          0|
    |acc_55_1_V_1_reg_665                 |  32|   0|   32|          0|
    |acc_56_0_V_1_reg_653                 |  32|   0|   32|          0|
    |acc_56_1_V_1_reg_641                 |  32|   0|   32|          0|
    |acc_57_0_V_1_reg_629                 |  32|   0|   32|          0|
    |acc_57_1_V_1_reg_617                 |  32|   0|   32|          0|
    |acc_58_0_V_1_reg_605                 |  32|   0|   32|          0|
    |acc_58_1_V_1_reg_593                 |  32|   0|   32|          0|
    |acc_59_0_V_1_reg_581                 |  32|   0|   32|          0|
    |acc_59_1_V_1_reg_569                 |  32|   0|   32|          0|
    |acc_5_0_V_1_reg_1877                 |  32|   0|   32|          0|
    |acc_5_1_V_1_reg_1865                 |  32|   0|   32|          0|
    |acc_60_0_V_1_reg_557                 |  32|   0|   32|          0|
    |acc_60_1_V_1_reg_545                 |  32|   0|   32|          0|
    |acc_61_0_V_1_reg_533                 |  32|   0|   32|          0|
    |acc_61_1_V_1_reg_521                 |  32|   0|   32|          0|
    |acc_62_0_V_1_reg_509                 |  32|   0|   32|          0|
    |acc_62_1_V_1_reg_497                 |  32|   0|   32|          0|
    |acc_63_0_V_1_reg_485                 |  32|   0|   32|          0|
    |acc_63_1_V_1_reg_473                 |  32|   0|   32|          0|
    |acc_6_0_V_1_reg_1853                 |  32|   0|   32|          0|
    |acc_6_1_V_1_reg_1841                 |  32|   0|   32|          0|
    |acc_7_0_V_1_reg_1829                 |  32|   0|   32|          0|
    |acc_7_1_V_1_reg_1817                 |  32|   0|   32|          0|
    |acc_8_0_V_1_reg_1805                 |  32|   0|   32|          0|
    |acc_8_1_V_1_reg_1793                 |  32|   0|   32|          0|
    |acc_9_0_V_1_reg_1781                 |  32|   0|   32|          0|
    |acc_9_1_V_1_reg_1769                 |  32|   0|   32|          0|
    |ap_CS_fsm                            |   7|   0|    7|          0|
    |ap_done_reg                          |   1|   0|    1|          0|
    |ap_enable_reg_pp0_iter0              |   1|   0|    1|          0|
    |ap_enable_reg_pp0_iter1              |   1|   0|    1|          0|
    |ap_enable_reg_pp1_iter0              |   1|   0|    1|          0|
    |ap_enable_reg_pp1_iter1              |   1|   0|    1|          0|
    |ap_enable_reg_pp1_iter2              |   1|   0|    1|          0|
    |ap_enable_reg_pp2_iter0              |   1|   0|    1|          0|
    |ap_enable_reg_pp2_iter1              |   1|   0|    1|          0|
    |i_in5_0_reg_462                      |   8|   0|    8|          0|
    |i_in_0_reg_439                       |   8|   0|    8|          0|
    |i_in_reg_7515                        |   8|   0|    8|          0|
    |iacc29_0_reg_2042                    |   7|   0|    7|          0|
    |iacc6_0_reg_2009                     |   2|   0|    2|          0|
    |iacc8_0_reg_2031                     |   2|   0|    2|          0|
    |icmp_ln648_reg_7511                  |   1|   0|    1|          0|
    |icmp_ln652_reg_7520                  |   1|   0|    1|          0|
    |icmp_ln652_reg_7520_pp1_iter1_reg    |   1|   0|    1|          0|
    |icmp_ln659_reg_7549                  |   1|   0|    1|          0|
    |icmp_ln665_reg_8783                  |   1|   0|    1|          0|
    |indvar_flatten9_reg_2020             |   8|   0|    8|          0|
    |indvar_flatten_reg_451               |   9|   0|    9|          0|
    |p_Result_50_reg_8816                 |   1|   0|    1|          0|
    |p_Result_s_reg_8803                  |   1|   0|    1|          0|
    |p_Val2_s_reg_8797                    |  32|   0|   32|          0|
    |select_ln1265_3864_reg_8792          |   2|   0|    2|          0|
    |select_ln659_1769_reg_7828           |   8|   0|    8|          0|
    |select_ln659_1770_reg_7833           |   8|   0|    8|          0|
    |select_ln659_1771_reg_7838           |   8|   0|    8|          0|
    |select_ln659_1772_reg_7843           |   8|   0|    8|          0|
    |select_ln659_1773_reg_7848           |   8|   0|    8|          0|
    |select_ln659_1774_reg_7853           |   8|   0|    8|          0|
    |select_ln659_1775_reg_7858           |   8|   0|    8|          0|
    |select_ln659_1776_reg_7863           |   8|   0|    8|          0|
    |select_ln659_1777_reg_7868           |   8|   0|    8|          0|
    |select_ln659_1778_reg_7873           |   8|   0|    8|          0|
    |select_ln659_1779_reg_7878           |   8|   0|    8|          0|
    |select_ln659_1780_reg_7883           |   8|   0|    8|          0|
    |select_ln659_1781_reg_7888           |   8|   0|    8|          0|
    |select_ln659_1782_reg_7893           |   8|   0|    8|          0|
    |select_ln659_1783_reg_7898           |   8|   0|    8|          0|
    |select_ln659_1784_reg_7903           |   8|   0|    8|          0|
    |select_ln659_1785_reg_7908           |   8|   0|    8|          0|
    |select_ln659_1786_reg_7913           |   8|   0|    8|          0|
    |select_ln659_1787_reg_7918           |   8|   0|    8|          0|
    |select_ln659_1788_reg_7923           |   8|   0|    8|          0|
    |select_ln659_1789_reg_7928           |   8|   0|    8|          0|
    |select_ln659_1790_reg_7933           |   8|   0|    8|          0|
    |select_ln659_1791_reg_7938           |   8|   0|    8|          0|
    |select_ln659_1792_reg_7943           |   8|   0|    8|          0|
    |select_ln659_1793_reg_7948           |   8|   0|    8|          0|
    |select_ln659_1794_reg_7953           |   8|   0|    8|          0|
    |select_ln659_1795_reg_7958           |   8|   0|    8|          0|
    |select_ln659_1796_reg_7963           |   8|   0|    8|          0|
    |select_ln659_1797_reg_7968           |   8|   0|    8|          0|
    |select_ln659_1798_reg_7973           |   8|   0|    8|          0|
    |select_ln659_1799_reg_7978           |   8|   0|    8|          0|
    |select_ln659_1800_reg_7983           |   8|   0|    8|          0|
    |select_ln659_1801_reg_7988           |   8|   0|    8|          0|
    |select_ln659_1802_reg_7993           |   8|   0|    8|          0|
    |select_ln659_1803_reg_7998           |   8|   0|    8|          0|
    |select_ln659_1804_reg_8003           |   8|   0|    8|          0|
    |select_ln659_1805_reg_8008           |   8|   0|    8|          0|
    |select_ln659_1806_reg_8013           |   8|   0|    8|          0|
    |select_ln659_1807_reg_8018           |   8|   0|    8|          0|
    |select_ln659_1808_reg_8023           |   8|   0|    8|          0|
    |select_ln659_1809_reg_8028           |   8|   0|    8|          0|
    |select_ln659_1810_reg_8033           |   8|   0|    8|          0|
    |select_ln659_1811_reg_8038           |   8|   0|    8|          0|
    |select_ln659_1812_reg_8043           |   8|   0|    8|          0|
    |select_ln659_1813_reg_8048           |   8|   0|    8|          0|
    |select_ln659_1814_reg_8053           |   8|   0|    8|          0|
    |select_ln659_1815_reg_8058           |   8|   0|    8|          0|
    |select_ln659_1816_reg_8063           |   8|   0|    8|          0|
    |select_ln659_1817_reg_8068           |   8|   0|    8|          0|
    |select_ln659_1818_reg_8073           |   8|   0|    8|          0|
    |select_ln659_1819_reg_8078           |   8|   0|    8|          0|
    |select_ln659_1820_reg_8083           |   8|   0|    8|          0|
    |select_ln659_1821_reg_8088           |   8|   0|    8|          0|
    |select_ln659_1822_reg_8093           |   8|   0|    8|          0|
    |select_ln659_1823_reg_8098           |   8|   0|    8|          0|
    |select_ln659_1824_reg_8103           |   8|   0|    8|          0|
    |select_ln659_1825_reg_8108           |   8|   0|    8|          0|
    |select_ln659_1826_reg_8113           |   8|   0|    8|          0|
    |select_ln659_1827_reg_8118           |   8|   0|    8|          0|
    |select_ln659_1828_reg_8123           |   8|   0|    8|          0|
    |select_ln659_1829_reg_8128           |   8|   0|    8|          0|
    |select_ln659_1830_reg_8133           |   8|   0|    8|          0|
    |select_ln659_1831_reg_8138           |   8|   0|    8|          0|
    |select_ln659_reg_7823                |   8|   0|    8|          0|
    |select_ln661_10_reg_7529             |   8|   0|    8|          0|
    |start_once_reg                       |   1|   0|    1|          0|
    |tmpdata_V_load_reg_7818              |   8|   0|    8|          0|
    |tmpres_V_9_reg_8809                  |   8|   0|    8|          0|
    |trunc_ln1265_reg_7617                |   1|   0|    1|          0|
    |trunc_ln1265_reg_7617_pp1_iter1_reg  |   1|   0|    1|          0|
    +-------------------------------------+----+----+-----+-----------+
    |Total                                |4746|   0| 4746|          0|
    +-------------------------------------+----+----+-----+-----------+



================================================================
== Interface
================================================================
* Summary: 
+------------------+-----+-----+------------+--------------------------------------------------------------------------+--------------+
|     RTL Ports    | Dir | Bits|  Protocol  |                               Source Object                              |    C Type    |
+------------------+-----+-----+------------+--------------------------------------------------------------------------+--------------+
|ap_clk            |  in |    1| ap_ctrl_hs | dense_ss_test<ap_fixed<8, 2, 4, 0, 0>, ap_fixed<8, 2, 4, 0, 0>, config7> | return value |
|ap_rst            |  in |    1| ap_ctrl_hs | dense_ss_test<ap_fixed<8, 2, 4, 0, 0>, ap_fixed<8, 2, 4, 0, 0>, config7> | return value |
|ap_start          |  in |    1| ap_ctrl_hs | dense_ss_test<ap_fixed<8, 2, 4, 0, 0>, ap_fixed<8, 2, 4, 0, 0>, config7> | return value |
|start_full_n      |  in |    1| ap_ctrl_hs | dense_ss_test<ap_fixed<8, 2, 4, 0, 0>, ap_fixed<8, 2, 4, 0, 0>, config7> | return value |
|ap_done           | out |    1| ap_ctrl_hs | dense_ss_test<ap_fixed<8, 2, 4, 0, 0>, ap_fixed<8, 2, 4, 0, 0>, config7> | return value |
|ap_continue       |  in |    1| ap_ctrl_hs | dense_ss_test<ap_fixed<8, 2, 4, 0, 0>, ap_fixed<8, 2, 4, 0, 0>, config7> | return value |
|ap_idle           | out |    1| ap_ctrl_hs | dense_ss_test<ap_fixed<8, 2, 4, 0, 0>, ap_fixed<8, 2, 4, 0, 0>, config7> | return value |
|ap_ready          | out |    1| ap_ctrl_hs | dense_ss_test<ap_fixed<8, 2, 4, 0, 0>, ap_fixed<8, 2, 4, 0, 0>, config7> | return value |
|start_out         | out |    1| ap_ctrl_hs | dense_ss_test<ap_fixed<8, 2, 4, 0, 0>, ap_fixed<8, 2, 4, 0, 0>, config7> | return value |
|start_write       | out |    1| ap_ctrl_hs | dense_ss_test<ap_fixed<8, 2, 4, 0, 0>, ap_fixed<8, 2, 4, 0, 0>, config7> | return value |
|data_V_V_dout     |  in |    8|   ap_fifo  |                                 data_V_V                                 |    pointer   |
|data_V_V_empty_n  |  in |    1|   ap_fifo  |                                 data_V_V                                 |    pointer   |
|data_V_V_read     | out |    1|   ap_fifo  |                                 data_V_V                                 |    pointer   |
|res_V_V_din       | out |    8|   ap_fifo  |                                  res_V_V                                 |    pointer   |
|res_V_V_full_n    |  in |    1|   ap_fifo  |                                  res_V_V                                 |    pointer   |
|res_V_V_write     | out |    1|   ap_fifo  |                                  res_V_V                                 |    pointer   |
+------------------+-----+-----+------------+--------------------------------------------------------------------------+--------------+

